Component: ARM Compiler 5.06 update 5 (build 528) Tool: armlink [4d35e2]

==============================================================================

Section Cross References

    main.o(.text) refers to delay.o(.text) for delay_init
    main.o(.text) refers to sys.o(.text) for NVIC_Config
    main.o(.text) refers to oled.o(.text) for OLED_Init
    main.o(.text) refers to key.o(.text) for Key_Init
    main.o(.text) refers to mpu6050.o(.text) for MPU_Init
    main.o(.text) refers to inv_mpu.o(.text) for mpu_dmp_init
    main.o(.text) refers to exti.o(.text) for MPU6050_EXTI_Init
    main.o(.text) refers to encoder.o(.text) for Encoder_TIM2_Init
    main.o(.text) refers to motor.o(.text) for Motor_Init
    main.o(.text) refers to pwm.o(.text) for PWM_Init_TIM1
    main.o(.text) refers to dflti.o(.text) for __aeabi_i2d
    main.o(.text) refers to main.o(.data) for now_Rspeed
    system_stm32f10x.o(.text) refers to system_stm32f10x.o(.data) for SystemCoreClock
    delay.o(.text) refers to misc.o(.text) for SysTick_CLKSourceConfig
    delay.o(.text) refers to system_stm32f10x.o(.data) for SystemCoreClock
    delay.o(.text) refers to delay.o(.data) for fac_us
    sys.o(.text) refers to misc.o(.text) for NVIC_PriorityGroupConfig
    usart.o(.text) refers to stm32f10x_rcc.o(.text) for RCC_APB1PeriphClockCmd
    usart.o(.text) refers to stm32f10x_gpio.o(.text) for GPIO_Init
    usart.o(.text) refers to stm32f10x_usart.o(.text) for USART_Init
    usart.o(.text) refers to printfa.o(i.__0vsprintf) for vsprintf
    usart.o(.text) refers to usart.o(.data) for u3_RxFlag
    mpuiic.o(.text) refers to delay.o(.text) for delay_us
    mpuiic.o(.text) refers to stm32f10x_rcc.o(.text) for RCC_APB2PeriphClockCmd
    mpuiic.o(.text) refers to stm32f10x_gpio.o(.text) for GPIO_Init
    mpu6050.o(.text) refers to mpuiic.o(.text) for MPU_IIC_Start
    mpu6050.o(.text) refers to delay.o(.text) for delay_ms
    mpu6050.o(.text) refers to dflti.o(.text) for __aeabi_i2d
    mpu6050.o(.text) refers to ddiv.o(.text) for __aeabi_ddiv
    mpu6050.o(.text) refers to dadd.o(.text) for __aeabi_dadd
    mpu6050.o(.text) refers to d2f.o(.text) for __aeabi_d2f
    mpu6050.o(.text) refers to fmul.o(.text) for __aeabi_fmul
    mpu6050.o(.text) refers to ffixi.o(.text) for __aeabi_f2iz
    inv_mpu.o(.text) refers to mpu6050.o(.text) for MPU_Write_Len
    inv_mpu.o(.text) refers to printfa.o(i.__0printf) for __2printf
    inv_mpu.o(.text) refers to delay.o(.text) for delay_ms
    inv_mpu.o(.text) refers to inv_mpu.o(.data) for st
    inv_mpu.o(.text) refers to ffltui.o(.text) for __aeabi_ui2f
    inv_mpu.o(.text) refers to fflti.o(.text) for __aeabi_i2f
    inv_mpu.o(.text) refers to fadd.o(.text) for __aeabi_fsub
    inv_mpu.o(.text) refers to fdiv.o(.text) for __aeabi_fdiv
    inv_mpu.o(.text) refers to fmul.o(.text) for __aeabi_fmul
    inv_mpu.o(.text) refers to ffixi.o(.text) for __aeabi_f2iz
    inv_mpu.o(.text) refers to inv_mpu.o(.conststring) for .conststring
    inv_mpu.o(.text) refers to cfcmple.o(.text) for __aeabi_cfcmpeq
    inv_mpu.o(.text) refers to cfrcmple.o(.text) for __aeabi_cfrcmple
    inv_mpu.o(.text) refers to inv_mpu.o(.constdata) for test
    inv_mpu.o(.text) refers to ldiv.o(.text) for __aeabi_ldivmod
    inv_mpu.o(.text) refers to memcmp.o(.text) for memcmp
    inv_mpu.o(.text) refers to inv_mpu_dmp_motion_driver.o(.text) for dmp_set_gyro_bias
    inv_mpu.o(.text) refers to mpuiic.o(.text) for MPU_IIC_Init
    inv_mpu.o(.text) refers to f2d.o(.text) for __aeabi_f2d
    inv_mpu.o(.text) refers to asin.o(i.asin) for asin
    inv_mpu.o(.text) refers to dmul.o(.text) for __aeabi_dmul
    inv_mpu.o(.text) refers to d2f.o(.text) for __aeabi_d2f
    inv_mpu.o(.text) refers to atan2.o(i.atan2) for atan2
    inv_mpu.o(.data) refers to inv_mpu.o(.constdata) for reg
    inv_mpu_dmp_motion_driver.o(.text) refers to inv_mpu.o(.text) for mpu_load_firmware
    inv_mpu_dmp_motion_driver.o(.text) refers to inv_mpu_dmp_motion_driver.o(.constdata) for dmp_memory
    inv_mpu_dmp_motion_driver.o(.text) refers to inv_mpu_dmp_motion_driver.o(.bss) for dmp
    inv_mpu_dmp_motion_driver.o(.text) refers to ffltui.o(.text) for __aeabi_ui2f
    inv_mpu_dmp_motion_driver.o(.text) refers to fdiv.o(.text) for __aeabi_fdiv
    inv_mpu_dmp_motion_driver.o(.text) refers to fmul.o(.text) for __aeabi_fmul
    inv_mpu_dmp_motion_driver.o(.text) refers to ffixui.o(.text) for __aeabi_f2uiz
    inv_mpu_dmp_motion_driver.o(.text) refers to memseta.o(.text) for __aeabi_memset
    oled.o(.text) refers to stm32f10x_gpio.o(.text) for GPIO_SetBits
    oled.o(.text) refers to oled.o(.constdata) for F8X16
    oled.o(.text) refers to cdcmple.o(.text) for __aeabi_cdcmple
    oled.o(.text) refers to dfixi.o(.text) for __aeabi_d2iz
    oled.o(.text) refers to dflti.o(.text) for __aeabi_i2d
    oled.o(.text) refers to dadd.o(.text) for __aeabi_drsub
    oled.o(.text) refers to dmul.o(.text) for __aeabi_dmul
    oled.o(.text) refers to dfixui.o(.text) for __aeabi_d2uiz
[...]
    ..\STM32F10x_FWLib\src\stm32f10x_adc.c   0x00000000   Number         0  stm32f10x_adc.o ABSOLUTE
    ..\STM32F10x_FWLib\src\stm32f10x_bkp.c   0x00000000   Number         0  stm32f10x_bkp.o ABSOLUTE
    ..\STM32F10x_FWLib\src\stm32f10x_can.c   0x00000000   Number         0  stm32f10x_can.o ABSOLUTE
    ..\STM32F10x_FWLib\src\stm32f10x_cec.c   0x00000000   Number         0  stm32f10x_cec.o ABSOLUTE
    ..\STM32F10x_FWLib\src\stm32f10x_crc.c   0x00000000   Number         0  stm32f10x_crc.o ABSOLUTE
    ..\STM32F10x_FWLib\src\stm32f10x_dac.c   0x00000000   Number         0  stm32f10x_dac.o ABSOLUTE
    ..\STM32F10x_FWLib\src\stm32f10x_dbgmcu.c 0x00000000   Number         0  stm32f10x_dbgmcu.o ABSOLUTE
    ..\STM32F10x_FWLib\src\stm32f10x_dma.c   0x00000000   Number         0  stm32f10x_dma.o ABSOLUTE
    ..\STM32F10x_FWLib\src\stm32f10x_exti.c  0x00000000   Number         0  stm32f10x_exti.o ABSOLUTE
    ..\STM32F10x_FWLib\src\stm32f10x_flash.c 0x00000000   Number         0  stm32f10x_flash.o ABSOLUTE
    ..\STM32F10x_FWLib\src\stm32f10x_fsmc.c  0x00000000   Number         0  stm32f10x_fsmc.o ABSOLUTE
    ..\STM32F10x_FWLib\src\stm32f10x_gpio.c  0x00000000   Number         0  stm32f10x_gpio.o ABSOLUTE
    ..\STM32F10x_FWLib\src\stm32f10x_i2c.c   0x00000000   Number         0  stm32f10x_i2c.o ABSOLUTE
    ..\STM32F10x_FWLib\src\stm32f10x_iwdg.c  0x00000000   Number         0  stm32f10x_iwdg.o ABSOLUTE
    ..\STM32F10x_FWLib\src\stm32f10x_pwr.c   0x00000000   Number         0  stm32f10x_pwr.o ABSOLUTE
    ..\STM32F10x_FWLib\src\stm32f10x_rcc.c   0x00000000   Number         0  stm32f10x_rcc.o ABSOLUTE
    ..\STM32F10x_FWLib\src\stm32f10x_rtc.c   0x00000000   Number         0  stm32f10x_rtc.o ABSOLUTE
    ..\STM32F10x_FWLib\src\stm32f10x_sdio.c  0x00000000   Number         0  stm32f10x_sdio.o ABSOLUTE
    ..\STM32F10x_FWLib\src\stm32f10x_spi.c   0x00000000   Number         0  stm32f10x_spi.o ABSOLUTE
    ..\STM32F10x_FWLib\src\stm32f10x_tim.c   0x00000000   Number         0  stm32f10x_tim.o ABSOLUTE
    ..\STM32F10x_FWLib\src\stm32f10x_usart.c 0x00000000   Number         0  stm32f10x_usart.o ABSOLUTE
    ..\STM32F10x_FWLib\src\stm32f10x_wwdg.c  0x00000000   Number         0  stm32f10x_wwdg.o ABSOLUTE
    ..\SYSTEM\delay\delay.c                  0x00000000   Number         0  delay.o ABSOLUTE
    ..\SYSTEM\sys\sys.c                      0x00000000   Number         0  sys.o ABSOLUTE
    ..\SYSTEM\usart\usart.c                  0x00000000   Number         0  usart.o ABSOLUTE
    ..\\CORE\\core_cm3.c                     0x00000000   Number         0  core_cm3.o ABSOLUTE
    ..\\HARDWARE\\CONTROL\\control.c         0x00000000   Number         0  control.o ABSOLUTE
    ..\\HARDWARE\\ENCODER\\encoder.c         0x00000000   Number         0  encoder.o ABSOLUTE
    ..\\HARDWARE\\EXTI\\exti.c               0x00000000   Number         0  exti.o ABSOLUTE
    ..\\HARDWARE\\Key.c                      0x00000000   Number         0  key.o ABSOLUTE
    ..\\HARDWARE\\MOTOR\\motor.c             0x00000000   Number         0  motor.o ABSOLUTE
    ..\\HARDWARE\\MPU6050\\eMPL\\inv_mpu.c   0x00000000   Number         0  inv_mpu.o ABSOLUTE
    ..\\HARDWARE\\MPU6050\\eMPL\\inv_mpu_dmp_motion_driver.c 0x00000000   Number         0  inv_mpu_dmp_motion_driver.o ABSOLUTE
    ..\\HARDWARE\\MPU6050\\mpu6050.c         0x00000000   Number         0  mpu6050.o ABSOLUTE
    ..\\HARDWARE\\MPU6050\\mpuiic.c          0x00000000   Number         0  mpuiic.o ABSOLUTE
    ..\\HARDWARE\\OLED\\oled.c               0x00000000   Number         0  oled.o ABSOLUTE
    ..\\HARDWARE\\PWM\\pwm.c                 0x00000000   Number         0  pwm.o ABSOLUTE
    ..\\STM32F10x_FWLib\\src\\misc.c         0x00000000   Number         0  misc.o ABSOLUTE
    ..\\STM32F10x_FWLib\\src\\stm32f10x_adc.c 0x00000000   Number         0  stm32f10x_adc.o ABSOLUTE
    ..\\STM32F10x_FWLib\\src\\stm32f10x_bkp.c 0x00000000   Number         0  stm32f10x_bkp.o ABSOLUTE
    ..\\STM32F10x_FWLib\\src\\stm32f10x_can.c 0x00000000   Number         0  stm32f10x_can.o ABSOLUTE
    ..\\STM32F10x_FWLib\\src\\stm32f10x_cec.c 0x00000000   Number         0  stm32f10x_cec.o ABSOLUTE
    ..\\STM32F10x_FWLib\\src\\stm32f10x_crc.c 0x00000000   Number         0  stm32f10x_crc.o ABSOLUTE
    ..\\STM32F10x_FWLib\\src\\stm32f10x_dac.c 0x00000000   Number         0  stm32f10x_dac.o ABSOLUTE
    ..\\STM32F10x_FWLib\\src\\stm32f10x_dbgmcu.c 0x00000000   Number         0  stm32f10x_dbgmcu.o ABSOLUTE
    ..\\STM32F10x_FWLib\\src\\stm32f10x_dma.c 0x00000000   Number         0  stm32f10x_dma.o ABSOLUTE
    ..\\STM32F10x_FWLib\\src\\stm32f10x_exti.c 0x00000000   Number         0  stm32f10x_exti.o ABSOLUTE
    ..\\STM32F10x_FWLib\\src\\stm32f10x_flash.c 0x00000000   Number         0  stm32f10x_flash.o ABSOLUTE
    ..\\STM32F10x_FWLib\\src\\stm32f10x_fsmc.c 0x00000000   Number         0  stm32f10x_fsmc.o ABSOLUTE
    ..\\STM32F10x_FWLib\\src\\stm32f10x_gpio.c 0x00000000   Number         0  stm32f10x_gpio.o ABSOLUTE
    ..\\STM32F10x_FWLib\\src\\stm32f10x_i2c.c 0x00000000   Number         0  stm32f10x_i2c.o ABSOLUTE
    ..\\STM32F10x_FWLib\\src\\stm32f10x_iwdg.c 0x00000000   Number         0  stm32f10x_iwdg.o ABSOLUTE
    ..\\STM32F10x_FWLib\\src\\stm32f10x_pwr.c 0x00000000   Number         0  stm32f10x_pwr.o ABSOLUTE
    ..\\STM32F10x_FWLib\\src\\stm32f10x_rcc.c 0x00000000   Number         0  stm32f10x_rcc.o ABSOLUTE
    ..\\STM32F10x_FWLib\\src\\stm32f10x_rtc.c 0x00000000   Number         0  stm32f10x_rtc.o ABSOLUTE
    ..\\STM32F10x_FWLib\\src\\stm32f10x_sdio.c 0x00000000   Number         0  stm32f10x_sdio.o ABSOLUTE
    ..\\STM32F10x_FWLib\\src\\stm32f10x_spi.c 0x00000000   Number         0  stm32f10x_spi.o ABSOLUTE
    ..\\STM32F10x_FWLib\\src\\stm32f10x_tim.c 0x00000000   Number         0  stm32f10x_tim.o ABSOLUTE
    ..\\STM32F10x_FWLib\\src\\stm32f10x_usart.c 0x00000000   Number         0  stm32f10x_usart.o ABSOLUTE
    ..\\STM32F10x_FWLib\\src\\stm32f10x_wwdg.c 0x00000000   Number         0  stm32f10x_wwdg.o ABSOLUTE
    ..\\SYSTEM\\delay\\delay.c               0x00000000   Number         0  delay.o ABSOLUTE
    ..\\SYSTEM\\sys\\sys.c                   0x00000000   Number         0  sys.o ABSOLUTE
    ..\\SYSTEM\\usart\\usart.c               0x00000000   Number         0  usart.o ABSOLUTE
    cdcmple.s                                0x00000000   Number         0  cdcmple.o ABSOLUTE
    cdrcmple.s                               0x00000000   Number         0  cdrcmple.o ABSOLUTE
    cfcmple.s                                0x00000000   Number         0  cfcmple.o ABSOLUTE
    cfrcmple.s                               0x00000000   Number         0  cfrcmple.o ABSOLUTE
    dc.s                                     0x00000000   Number         0  dc.o ABSOLUTE
    handlers.s                               0x00000000   Number         0  handlers.o ABSOLUTE
    init.s                                   0x00000000   Number         0  init.o ABSOLUTE
    main.c                                   0x00000000   Number         0  main.o ABSOLUTE
    main.c                                   0x00000000   Number         0  main.o ABSOLUTE
    stm32f10x_it.c                           0x00000000   Number         0  stm32f10x_it.o ABSOLUTE
    stm32f10x_it.c                           0x00000000   Number         0  stm32f10x_it.o ABSOLUTE
    system_stm32f10x.c                       0x00000000   Number         0  system_stm32f10x.o ABSOLUTE
    system_stm32f10x.c                       0x00000000   Number         0  system_stm32f10x.o ABSOLUTE
    RESET                                    0x08000000   Section      236  startup_stm32f10x_md.o(RESET)
    .ARM.Collect$$$$00000000                 0x080000ec   Section        0  entry.o(.ARM.Collect$$$$00000000)
    .ARM.Collect$$$$00000001                 0x080000ec   Section        4  entry2.o(.ARM.Collect$$$$00000001)
    .ARM.Collect$$$$00000004                 0x080000f0   Section        4  entry5.o(.ARM.Collect$$$$00000004)
    .ARM.Collect$$$$00000008                 0x080000f4   Section        0  entry7b.o(.ARM.Collect$$$$00000008)
    .ARM.Collect$$$$0000000A                 0x080000f4   Section        0  entry8b.o(.ARM.Collect$$$$0000000A)
    .ARM.Collect$$$$0000000B                 0x080000f4   Section        8  entry9a.o(.ARM.Collect$$$$0000000B)
    .ARM.Collect$$$$0000000D                 0x080000fc   Section        0  entry10a.o(.ARM.Collect$$$$0000000D)
    .ARM.Collect$$$$0000000F                 0x080000fc   Section        0  entry11a.o(.ARM.Collect$$$$0000000F)
    .ARM.Collect$$$$00002712                 0x080000fc   Section        4  entry2.o(.ARM.Collect$$$$00002712)
    __lit__00000000                          0x080000fc   Data           4  entry2.o(.ARM.Collect$$$$00002712)
    .text                                    0x08000100   Section        0  main.o(.text)
    .text                                    0x08000190   Section        0  stm32f10x_it.o(.text)
    .text                                    0x080001ac   Section        0  system_stm32f10x.o(.text)
    SetSysClockTo72                          0x080001ad   Thumb Code   214  system_stm32f10x.o(.text)
    SetSysClock                              0x08000283   Thumb Code     8  system_stm32f10x.o(.text)
    .text                                    0x0800038c   Section        0  delay.o(.text)
    .text                                    0x08000460   Section        0  sys.o(.text)
    .text                                    0x080004a4   Section        0  mpuiic.o(.text)
    .text                                    0x080006e8   Section        0  mpu6050.o(.text)
    .text                                    0x08000a50   Section        0  inv_mpu.o(.text)
    set_int_enable                           0x08000a51   Thumb Code   138  inv_mpu.o(.text)
    get_accel_prod_shift                     0x08001cc1   Thumb Code   168  inv_mpu.o(.text)
    accel_self_test                          0x08001d69   Thumb Code   164  inv_mpu.o(.text)
    gyro_self_test                           0x08001e0d   Thumb Code   280  inv_mpu.o(.text)
    get_st_biases                            0x08001f25   Thumb Code  1136  inv_mpu.o(.text)
    .text                                    0x08002cd8   Section        0  inv_mpu_dmp_motion_driver.o(.text)
    decode_gesture                           0x0800378d   Thumb Code    94  inv_mpu_dmp_motion_driver.o(.text)
    .text                                    0x08003a48   Section        0  oled.o(.text)
    .text                                    0x0800465c   Section        0  control.o(.text)
    .text                                    0x0800484c   Section        0  encoder.o(.text)
    .text                                    0x080049e8   Section        0  exti.o(.text)
    .text                                    0x08004a38   Section        0  motor.o(.text)
    .text                                    0x08004be0   Section        0  pwm.o(.text)
    .text                                    0x08004c8c   Section        0  key.o(.text)
    .text                                    0x08004cec   Section       36  startup_stm32f10x_md.o(.text)
    .text                                    0x08004d10   Section        0  misc.o(.text)
    .text                                    0x08004dec   Section        0  stm32f10x_exti.o(.text)
    .text                                    0x08004f08   Section        0  stm32f10x_gpio.o(.text)
    .text                                    0x08005264   Section        0  stm32f10x_rcc.o(.text)
    .text                                    0x08005608   Section        0  stm32f10x_tim.o(.text)
    TI4_Config                               0x08005aaf   Thumb Code   130  stm32f10x_tim.o(.text)
    TI3_Config                               0x08005b43   Thumb Code   122  stm32f10x_tim.o(.text)
    TI2_Config                               0x08005bd7   Thumb Code   130  stm32f10x_tim.o(.text)
    TI1_Config                               0x08005c6b   Thumb Code   108  stm32f10x_tim.o(.text)
    .text                                    0x08006422   Section        0  ldiv.o(.text)
    .text                                    0x08006484   Section        0  memseta.o(.text)
    .text                                    0x080064a8   Section        0  memcmp.o(.text)
    .text                                    0x080064c2   Section        0  fadd.o(.text)
    .text                                    0x08006572   Section        0  fmul.o(.text)
    .text                                    0x080065d6   Section        0  fdiv.o(.text)
    .text                                    0x08006652   Section        0  dadd.o(.text)
    .text                                    0x080067a0   Section        0  dmul.o(.text)
    .text                                    0x08006884   Section        0  ddiv.o(.text)
    .text                                    0x08006962   Section        0  fflti.o(.text)
    .text                                    0x08006974   Section        0  ffltui.o(.text)
    .text                                    0x0800697e   Section        0  dflti.o(.text)
    .text                                    0x080069a0   Section        0  dfltui.o(.text)
    .text                                    0x080069ba   Section        0  ffixi.o(.text)
    .text                                    0x080069ec   Section        0  ffixui.o(.text)
    .text                                    0x08006a14   Section        0  dfixi.o(.text)
    .text                                    0x08006a52   Section        0  dfixui.o(.text)
    .text                                    0x08006a84   Section        0  f2d.o(.text)
    .text                                    0x08006aac   Section       48  cdcmple.o(.text)
    .text                                    0x08006adc   Section        0  d2f.o(.text)
    .text                                    0x08006b14   Section       20  cfcmple.o(.text)
    .text                                    0x08006b28   Section       20  cfrcmple.o(.text)
    .text                                    0x08006b3c   Section        0  uidiv.o(.text)
    .text                                    0x08006b68   Section        0  uldiv.o(.text)
    .text                                    0x08006bca   Section        0  llshl.o(.text)
    .text                                    0x08006be8   Section        0  llushr.o(.text)
    .text                                    0x08006c08   Section        0  llsshr.o(.text)
    .text                                    0x08006c2c   Section        0  fepilogue.o(.text)
    .text                                    0x08006c2c   Section        0  iusefp.o(.text)
    .text                                    0x08006c9a   Section        0  depilogue.o(.text)
    .text                                    0x08006d54   Section        0  dscalb.o(.text)
    .text                                    0x08006d82   Section        0  dfixul.o(.text)
    .text                                    0x08006db4   Section       48  cdrcmple.o(.text)
    .text                                    0x08006de4   Section       36  init.o(.text)
    .text                                    0x08006e08   Section        0  semi.o(.text)
    .text                                    0x08006e08   Section        0  iusesemip.o(.text)
    .text                                    0x08006e08   Section        0  dsqrt.o(.text)
    .text                                    0x08006eaa   Section        0  __dczerorl2.o(.text)
    i.__0printf                              0x08006f00   Section        0  printfa.o(i.__0printf)
    i.__ARM_fpclassify                       0x08006f20   Section        0  fpclassify.o(i.__ARM_fpclassify)
    i.__kernel_poly                          0x08006f48   Section        0  poly.o(i.__kernel_poly)
    i.__mathlib_dbl_infnan                   0x08006ff2   Section        0  dunder.o(i.__mathlib_dbl_infnan)
    i.__mathlib_dbl_infnan2                  0x08006ff8   Section        0  dunder.o(i.__mathlib_dbl_infnan2)
    i.__mathlib_dbl_invalid                  0x08006ffc   Section        0  dunder.o(i.__mathlib_dbl_invalid)
    i.__mathlib_dbl_underflow                0x08007008   Section        0  dunder.o(i.__mathlib_dbl_underflow)
    i.__scatterload_copy                     0x08007018   Section       14  handlers.o(i.__scatterload_copy)
    i.__scatterload_null                     0x08007026   Section        2  handlers.o(i.__scatterload_null)
    i.__scatterload_zeroinit                 0x08007028   Section       14  handlers.o(i.__scatterload_zeroinit)
    i.__set_errno                            0x08007038   Section        0  errno.o(i.__set_errno)
    i._fp_digits                             0x08007044   Section        0  printfa.o(i._fp_digits)
    _fp_digits                               0x08007045   Thumb Code   366  printfa.o(i._fp_digits)
    i._printf_core                           0x080071c8   Section        0  printfa.o(i._printf_core)
    _printf_core                             0x080071c9   Thumb Code  1744  printfa.o(i._printf_core)
    i._printf_post_padding                   0x080078a4   Section        0  printfa.o(i._printf_post_padding)
    _printf_post_padding                     0x080078a5   Thumb Code    36  printfa.o(i._printf_post_padding)
    i._printf_pre_padding                    0x080078c8   Section        0  printfa.o(i._printf_pre_padding)
    _printf_pre_padding                      0x080078c9   Thumb Code    46  printfa.o(i._printf_pre_padding)
    i.asin                                   0x080078f8   Section        0  asin.o(i.asin)
    i.atan                                   0x08007b68   Section        0  atan.o(i.atan)
    i.atan2                                  0x08007d88   Section        0  atan2.o(i.atan2)
    i.fputc                                  0x08007f08   Section        0  fputc.o(i.fputc)
    i.sqrt                                   0x08007f1a   Section        0  sqrt.o(i.sqrt)
    .constdata                               0x08007f68   Section       80  inv_mpu.o(.constdata)
    .constdata                               0x08007fb8   Section     3062  inv_mpu_dmp_motion_driver.o(.constdata)
    dmp_memory                               0x08007fb8   Data        3062  inv_mpu_dmp_motion_driver.o(.constdata)
    .constdata                               0x08008bae   Section     2072  oled.o(.constdata)
    .constdata                               0x080093c8   Section       80  asin.o(.constdata)
    pS                                       0x080093c8   Data          48  asin.o(.constdata)
    qS                                       0x080093f8   Data          32  asin.o(.constdata)
    .constdata                               0x08009418   Section      152  atan.o(.constdata)
    atanhi                                   0x08009418   Data          32  atan.o(.constdata)
    atanlo                                   0x08009438   Data          32  atan.o(.constdata)
    aTodd                                    0x08009458   Data          40  atan.o(.constdata)
    aTeven                                   0x08009480   Data          48  atan.o(.constdata)
    .constdata                               0x080094b0   Section        8  qnan.o(.constdata)
    .conststring                             0x080094b8   Section       77  inv_mpu.o(.conststring)
    .data                                    0x20000000   Section       50  main.o(.data)
    .data                                    0x20000034   Section       20  system_stm32f10x.o(.data)
    .data                                    0x20000048   Section        4  delay.o(.data)
    fac_us                                   0x20000048   Data           1  delay.o(.data)
    fac_ms                                   0x2000004a   Data           2  delay.o(.data)
    .data                                    0x2000004c   Section       53  inv_mpu.o(.data)
    st                                       0x2000004c   Data          44  inv_mpu.o(.data)
    gyro_orientation                         0x20000078   Data           9  inv_mpu.o(.data)
    .data                                    0x20000081   Section      896  oled.o(.data)
    .data                                    0x20000404   Section       60  control.o(.data)
    Encoder_S                                0x2000042c   Data           4  control.o(.data)
    EnC_Err_Lowout_last                      0x20000430   Data           4  control.o(.data)
    PWM_out                                  0x20000434   Data           4  control.o(.data)
    Encoder_Err                              0x20000438   Data           4  control.o(.data)
    EnC_Err_Lowout                           0x2000043c   Data           4  control.o(.data)
    .data                                    0x20000440   Section        2  motor.o(.data)
    .data                                    0x20000442   Section       20  stm32f10x_rcc.o(.data)
    APBAHBPrescTable                         0x20000442   Data          16  stm32f10x_rcc.o(.data)
    ADCPrescTable                            0x20000452   Data           4  stm32f10x_rcc.o(.data)
    .data                                    0x20000458   Section        4  stdout.o(.data)
    .data                                    0x2000045c   Section        4  errno.o(.data)
    _errno                                   0x2000045c   Data           4  errno.o(.data)
    .bss                                     0x20000460   Section       16  inv_mpu_dmp_motion_driver.o(.bss)
    dmp                                      0x20000460   Data          16  inv_mpu_dmp_motion_driver.o(.bss)
    STACK                                    0x20000470   Section     1024  startup_stm32f10x_md.o(STACK)

    Global Symbols

    Symbol Name                              Value     Ov Type        Size  Object(Section)

    BuildAttributes$$THM_ISAv4$P$D$K$B$S$PE$A:L22UL41UL21$X:L11$S22US41US21$IEEE1$IW$USESV6$~STKCKD$USESV7$~SHL$OTIME$ROPI$IEEEX$EBA8$MICROLIB$REQ8$PRES8$EABIv2 0x00000000   Number         0  anon$$obj.o ABSOLUTE
    __ARM_use_no_argv                        0x00000000   Number         0  main.o ABSOLUTE
    _printf_a                                0x00000000   Number         0  stubs.o ABSOLUTE
    _printf_c                                0x00000000   Number         0  stubs.o ABSOLUTE
    _printf_charcount                        0x00000000   Number         0  stubs.o ABSOLUTE
    _printf_d                                0x00000000   Number         0  stubs.o ABSOLUTE
    _printf_e                                0x00000000   Number         0  stubs.o ABSOLUTE
    _printf_f                                0x00000000   Number         0  stubs.o ABSOLUTE
    _printf_flags                            0x00000000   Number         0  stubs.o ABSOLUTE
    _printf_fp_dec                           0x00000000   Number         0  stubs.o ABSOLUTE
    _printf_fp_hex                           0x00000000   Number         0  stubs.o ABSOLUTE
    _printf_g                                0x00000000   Number         0  stubs.o ABSOLUTE
    _printf_i                                0x00000000   Number         0  stubs.o ABSOLUTE
    _printf_int_dec                          0x00000000   Number         0  stubs.o ABSOLUTE
    _printf_l                                0x00000000   Number         0  stubs.o ABSOLUTE
    _printf_lc                               0x00000000   Number         0  stubs.o ABSOLUTE
    _printf_ll                               0x00000000   Number         0  stubs.o ABSOLUTE
    _printf_lld                              0x00000000   Number         0  stubs.o ABSOLUTE
    _printf_lli                              0x00000000   Number         0  stubs.o ABSOLUTE
    _printf_llo                              0x00000000   Number         0  stubs.o ABSOLUTE
    _printf_llu                              0x00000000   Number         0  stubs.o ABSOLUTE
    _printf_llx                              0x00000000   Number         0  stubs.o ABSOLUTE
    _printf_longlong_dec                     0x00000000   Number         0  stubs.o ABSOLUTE
    _printf_longlong_hex                     0x00000000   Number         0  stubs.o ABSOLUTE
    _printf_longlong_oct                     0x00000000   Number         0  stubs.o ABSOLUTE
    _printf_ls                               0x00000000   Number         0  stubs.o ABSOLUTE
    _printf_mbtowc                           0x00000000   Number         0  stubs.o ABSOLUTE
    _printf_n                                0x00000000   Number         0  stubs.o ABSOLUTE
    _printf_o                                0x00000000   Number         0  stubs.o ABSOLUTE
    _printf_p                                0x00000000   Number         0  stubs.o ABSOLUTE
    _printf_percent                          0x00000000   Number         0  stubs.o ABSOLUTE
    _printf_pre_padding                      0x00000000   Number         0  stubs.o ABSOLUTE
    _printf_return_value                     0x00000000   Number         0  stubs.o ABSOLUTE
    _printf_s                                0x00000000   Number         0  stubs.o ABSOLUTE
    _printf_sizespec                         0x00000000   Number         0  stubs.o ABSOLUTE
    _printf_str                              0x00000000   Number         0  stubs.o ABSOLUTE
    _printf_truncate_signed                  0x00000000   Number         0  stubs.o ABSOLUTE
    _printf_truncate_unsigned                0x00000000   Number         0  stubs.o ABSOLUTE
    _printf_u                                0x00000000   Number         0  stubs.o ABSOLUTE
    _printf_wc                               0x00000000   Number         0  stubs.o ABSOLUTE
    _printf_wctomb                           0x00000000   Number         0  stubs.o ABSOLUTE
    _printf_widthprec                        0x00000000   Number         0  stubs.o ABSOLUTE
    _printf_x                                0x00000000   Number         0  stubs.o ABSOLUTE
    __cpp_initialize__aeabi_                  - Undefined Weak Reference
    __cxa_finalize                            - Undefined Weak Reference
    _clock_init                               - Undefined Weak Reference
    _microlib_exit                            - Undefined Weak Reference
    __Vectors_Size                           0x000000ec   Number         0  startup_stm32f10x_md.o ABSOLUTE
    __Vectors                                0x08000000   Data           4  startup_stm32f10x_md.o(RESET)
    __Vectors_End                            0x080000ec   Data           0  startup_stm32f10x_md.o(RESET)
    __main                                   0x080000ed   Thumb Code     0  entry.o(.ARM.Collect$$$$00000000)
    _main_stk                                0x080000ed   Thumb Code     0  entry2.o(.ARM.Collect$$$$00000001)
    _main_scatterload                        0x080000f1   Thumb Code     0  entry5.o(.ARM.Collect$$$$00000004)
    __main_after_scatterload                 0x080000f5   Thumb Code     0  entry5.o(.ARM.Collect$$$$00000004)
    _main_clock                              0x080000f5   Thumb Code     0  entry7b.o(.ARM.Collect$$$$00000008)
    _main_cpp_init                           0x080000f5   Thumb Code     0  entry8b.o(.ARM.Collect$$$$0000000A)
    _main_init                               0x080000f5   Thumb Code     0  entry9a.o(.ARM.Collect$$$$0000000B)
    __rt_final_cpp                           0x080000fd   Thumb Code     0  entry10a.o(.ARM.Collect$$$$0000000D)
    __rt_final_exit                          0x080000fd   Thumb Code     0  entry11a.o(.ARM.Collect$$$$0000000F)
    main                                     0x08000101   Thumb Code   134  main.o(.text)
    NMI_Handler                              0x08000191   Thumb Code     2  stm32f10x_it.o(.text)
    HardFault_Handler                        0x08000193   Thumb Code     4  stm32f10x_it.o(.text)
    MemManage_Handler                        0x08000197   Thumb Code     4  stm32f10x_it.o(.text)
    BusFault_Handler                         0x0800019b   Thumb Code     4  stm32f10x_it.o(.text)
    UsageFault_Handler                       0x0800019f   Thumb Code     4  stm32f10x_it.o(.text)
    SVC_Handler                              0x080001a3   Thumb Code     2  stm32f10x_it.o(.text)
    DebugMon_Handler                         0x080001a5   Thumb Code     2  stm32f10x_it.o(.text)
    PendSV_Handler                           0x080001a7   Thumb Code     2  stm32f10x_it.o(.text)
    SysTick_Handler                          0x080001a9   Thumb Code     2  stm32f10x_it.o(.text)
    SystemInit                               0x0800028b   Thumb Code    78  system_stm32f10x.o(.text)
    SystemCoreClockUpdate                    0x080002d9   Thumb Code   142  system_stm32f10x.o(.text)
    delay_init                               0x0800038d   Thumb Code    50  delay.o(.text)
    delay_us                                 0x080003bf   Thumb Code    72  delay.o(.text)
    delay_ms                                 0x08000407   Thumb Code    72  delay.o(.text)
    NVIC_Config                              0x08000461   Thumb Code    68  sys.o(.text)
    MPU_IIC_Delay                            0x080004a5   Thumb Code    10  mpuiic.o(.text)
    MPU_IIC_Init                             0x080004af   Thumb Code    38  mpuiic.o(.text)
    MPU_IIC_Start                            0x080004d5   Thumb Code    60  mpuiic.o(.text)
    MPU_IIC_Stop                             0x08000511   Thumb Code    62  mpuiic.o(.text)
    MPU_IIC_Wait_Ack                         0x0800054f   Thumb Code    86  mpuiic.o(.text)
    MPU_IIC_Ack                              0x080005a5   Thumb Code    66  mpuiic.o(.text)
    MPU_IIC_NAck                             0x080005e7   Thumb Code    66  mpuiic.o(.text)
    MPU_IIC_Send_Byte                        0x08000629   Thumb Code    82  mpuiic.o(.text)
    MPU_IIC_Read_Byte                        0x0800067b   Thumb Code    96  mpuiic.o(.text)
    MPU_Write_Byte                           0x080006e9   Thumb Code    68  mpu6050.o(.text)
    MPU_Set_LPF                              0x0800072d   Thumb Code    58  mpu6050.o(.text)
    MPU_Set_Rate                             0x08000767   Thumb Code    58  mpu6050.o(.text)
    MPU_Read_Byte                            0x080007a1   Thumb Code    58  mpu6050.o(.text)
    MPU_Set_Accel_Fsr                        0x080007db   Thumb Code    16  mpu6050.o(.text)
    MPU_Set_Gyro_Fsr                         0x080007eb   Thumb Code    16  mpu6050.o(.text)
    MPU_Init                                 0x080007fb   Thumb Code   122  mpu6050.o(.text)
    MPU_Read_Len                             0x08000875   Thumb Code   116  mpu6050.o(.text)
    MPU_Get_Temperature                      0x080008e9   Thumb Code    86  mpu6050.o(.text)
    MPU_Get_Gyroscope                        0x0800093f   Thumb Code    80  mpu6050.o(.text)
    MPU_Get_Accelerometer                    0x0800098f   Thumb Code    80  mpu6050.o(.text)
    MPU_Write_Len                            0x080009df   Thumb Code    96  mpu6050.o(.text)
    mpu_reg_dump                             0x08000adb   Thumb Code    84  inv_mpu.o(.text)
    mpu_read_reg                             0x08000b2f   Thumb Code    66  inv_mpu.o(.text)
    mpu_set_int_latched                      0x08000b71   Thumb Code   102  inv_mpu.o(.text)
    mpu_set_sensors                          0x08000bd7   Thumb Code   202  inv_mpu.o(.text)
    mpu_set_bypass                           0x08000ca1   Thumb Code   328  inv_mpu.o(.text)
    mpu_reset_fifo                           0x08000de9   Thumb Code   472  inv_mpu.o(.text)
    mpu_configure_fifo                       0x08000fc1   Thumb Code   106  inv_mpu.o(.text)
    mpu_set_lpf                              0x0800102b   Thumb Code   126  inv_mpu.o(.text)
    mpu_lp_accel_mode                        0x080010a9   Thumb Code   218  inv_mpu.o(.text)
    mpu_set_sample_rate                      0x08001183   Thumb Code   152  inv_mpu.o(.text)
    mpu_set_accel_fsr                        0x0800121b   Thumb Code   132  inv_mpu.o(.text)
    mpu_set_gyro_fsr                         0x0800129f   Thumb Code   132  inv_mpu.o(.text)
    mpu_init                                 0x08001323   Thumb Code   416  inv_mpu.o(.text)
    mget_ms                                  0x080014c3   Thumb Code     2  inv_mpu.o(.text)
    mpu_get_gyro_reg                         0x080014c5   Thumb Code   110  inv_mpu.o(.text)
    mpu_get_accel_reg                        0x08001533   Thumb Code   110  inv_mpu.o(.text)
    mpu_get_temperature                      0x080015a1   Thumb Code   150  inv_mpu.o(.text)
    mpu_set_accel_bias                       0x08001637   Thumb Code   468  inv_mpu.o(.text)
    mpu_get_gyro_fsr                         0x0800180b   Thumb Code    64  inv_mpu.o(.text)
    mpu_get_accel_fsr                        0x0800184b   Thumb Code    72  inv_mpu.o(.text)
    mpu_get_lpf                              0x08001893   Thumb Code    74  inv_mpu.o(.text)
    mpu_get_sample_rate                      0x080018dd   Thumb Code    26  inv_mpu.o(.text)
    mpu_get_compass_sample_rate              0x080018f7   Thumb Code    10  inv_mpu.o(.text)
    mpu_set_compass_sample_rate              0x08001901   Thumb Code     8  inv_mpu.o(.text)
    mpu_get_gyro_sens                        0x08001909   Thumb Code    58  inv_mpu.o(.text)
    mpu_get_accel_sens                       0x08001943   Thumb Code    78  inv_mpu.o(.text)
    mpu_get_fifo_config                      0x08001991   Thumb Code    12  inv_mpu.o(.text)
    mpu_get_power_state                      0x0800199d   Thumb Code    22  inv_mpu.o(.text)
    mpu_get_int_status                       0x080019b3   Thumb Code    64  inv_mpu.o(.text)
    mpu_read_fifo                            0x080019f3   Thumb Code   520  inv_mpu.o(.text)
    mpu_read_fifo_stream                     0x08001bfb   Thumb Code   186  inv_mpu.o(.text)
    mpu_set_int_level                        0x08001cb5   Thumb Code    12  inv_mpu.o(.text)
    mpu_set_dmp_state                        0x08002395   Thumb Code   138  inv_mpu.o(.text)
    mpu_run_self_test                        0x0800241f   Thumb Code   278  inv_mpu.o(.text)
    mpu_write_mem                            0x08002535   Thumb Code   122  inv_mpu.o(.text)
    mpu_read_mem                             0x080025af   Thumb Code   122  inv_mpu.o(.text)
    mpu_load_firmware                        0x08002629   Thumb Code   190  inv_mpu.o(.text)
    mpu_get_dmp_state                        0x080026e7   Thumb Code    14  inv_mpu.o(.text)
    setup_compass                            0x080026f5   Thumb Code     6  inv_mpu.o(.text)
    mpu_get_compass_reg                      0x080026fb   Thumb Code     8  inv_mpu.o(.text)
    mpu_get_compass_fsr                      0x08002703   Thumb Code     8  inv_mpu.o(.text)
    mpu_lp_motion_interrupt                  0x0800270b   Thumb Code   512  inv_mpu.o(.text)
    run_self_test                            0x0800290b   Thumb Code   148  inv_mpu.o(.text)
    inv_row_2_scale                          0x0800299f   Thumb Code    78  inv_mpu.o(.text)
    inv_orientation_matrix_to_scalar         0x080029ed   Thumb Code    40  inv_mpu.o(.text)
    mpu_dmp_init                             0x08002a15   Thumb Code   148  inv_mpu.o(.text)
    mpu_dmp_get_data                         0x08002aa9   Thumb Code   554  inv_mpu.o(.text)
    dmp_load_motion_driver_firmware          0x08002cd9   Thumb Code    20  inv_mpu_dmp_motion_driver.o(.text)
    dmp_set_orientation                      0x08002ced   Thumb Code   290  inv_mpu_dmp_motion_driver.o(.text)
    dmp_set_gyro_bias                        0x08002e0f   Thumb Code   294  inv_mpu_dmp_motion_driver.o(.text)
    dmp_set_accel_bias                       0x08002f35   Thumb Code   300  inv_mpu_dmp_motion_driver.o(.text)
    dmp_set_fifo_rate                        0x08003061   Thumb Code   136  inv_mpu_dmp_motion_driver.o(.text)
    dmp_get_fifo_rate                        0x080030e9   Thumb Code    12  inv_mpu_dmp_motion_driver.o(.text)
    dmp_set_tap_thresh                       0x080030f5   Thumb Code   396  inv_mpu_dmp_motion_driver.o(.text)
    dmp_set_tap_axes                         0x08003281   Thumb Code    70  inv_mpu_dmp_motion_driver.o(.text)
    dmp_set_tap_count                        0x080032c7   Thumb Code    38  inv_mpu_dmp_motion_driver.o(.text)
    dmp_set_tap_time                         0x080032ed   Thumb Code    38  inv_mpu_dmp_motion_driver.o(.text)
    dmp_set_tap_time_multi                   0x08003313   Thumb Code    38  inv_mpu_dmp_motion_driver.o(.text)
    dmp_set_shake_reject_thresh              0x08003339   Thumb Code    56  inv_mpu_dmp_motion_driver.o(.text)
    dmp_set_shake_reject_time                0x08003371   Thumb Code    38  inv_mpu_dmp_motion_driver.o(.text)
    dmp_set_shake_reject_timeout             0x08003397   Thumb Code    38  inv_mpu_dmp_motion_driver.o(.text)
    dmp_get_pedometer_step_count             0x080033bd   Thumb Code    66  inv_mpu_dmp_motion_driver.o(.text)
    dmp_set_pedometer_step_count             0x080033ff   Thumb Code    42  inv_mpu_dmp_motion_driver.o(.text)
    dmp_get_pedometer_walk_time              0x08003429   Thumb Code    72  inv_mpu_dmp_motion_driver.o(.text)
    dmp_set_pedometer_walk_time              0x08003471   Thumb Code    48  inv_mpu_dmp_motion_driver.o(.text)
    dmp_enable_6x_lp_quat                    0x080034a1   Thumb Code    84  inv_mpu_dmp_motion_driver.o(.text)
    dmp_enable_lp_quat                       0x080034f5   Thumb Code    60  inv_mpu_dmp_motion_driver.o(.text)
    dmp_enable_gyro_cal                      0x08003531   Thumb Code    62  inv_mpu_dmp_motion_driver.o(.text)
    dmp_enable_feature                       0x0800356f   Thumb Code   530  inv_mpu_dmp_motion_driver.o(.text)
    dmp_get_enabled_features                 0x08003781   Thumb Code    12  inv_mpu_dmp_motion_driver.o(.text)
    dmp_set_interrupt_mode                   0x080037eb   Thumb Code    66  inv_mpu_dmp_motion_driver.o(.text)
    dmp_read_fifo                            0x0800382d   Thumb Code   514  inv_mpu_dmp_motion_driver.o(.text)
    dmp_register_tap_cb                      0x08003a2f   Thumb Code    10  inv_mpu_dmp_motion_driver.o(.text)
    dmp_register_android_orient_cb           0x08003a39   Thumb Code    10  inv_mpu_dmp_motion_driver.o(.text)
    OLED_IIC_Start                           0x08003a49   Thumb Code    44  oled.o(.text)
    OLED_IIC_Stop                            0x08003a75   Thumb Code    34  oled.o(.text)
    OLED_IIC_Wait_Ack                        0x08003a97   Thumb Code    24  oled.o(.text)
    OLED_Write_IIC_Byte                      0x08003aaf   Thumb Code    88  oled.o(.text)
    OLED_Write_IIC_Command                   0x08003b07   Thumb Code    44  oled.o(.text)
    OLED_Write_IIC_Data                      0x08003b33   Thumb Code    44  oled.o(.text)
    OLED_WR_Byte                             0x08003b5f   Thumb Code    24  oled.o(.text)
    fill_picture                             0x08003b77   Thumb Code    64  oled.o(.text)
    Delay_50ms                               0x08003bb7   Thumb Code    22  oled.o(.text)
    Delay_1ms                                0x08003bcd   Thumb Code    26  oled.o(.text)
    OLED_Set_Pos                             0x08003be7   Thumb Code    40  oled.o(.text)
    OLED_Display_On                          0x08003c0f   Thumb Code    28  oled.o(.text)
    OLED_Display_Off                         0x08003c2b   Thumb Code    28  oled.o(.text)
    OLED_Clear                               0x08003c47   Thumb Code    62  oled.o(.text)
    OLED_On                                  0x08003c85   Thumb Code    62  oled.o(.text)
    OLED_ShowChar                            0x08003cc3   Thumb Code   154  oled.o(.text)
    oled_pow                                 0x08003d5d   Thumb Code    22  oled.o(.text)
    OLED_ShowNumber                          0x08003d73   Thumb Code   136  oled.o(.text)
    OLED_ShowString                          0x08003dfb   Thumb Code    66  oled.o(.text)
    OLED_ShowCHinese                         0x08003e3d   Thumb Code    98  oled.o(.text)
    OLED_DrawBMP                             0x08003e9f   Thumb Code   118  oled.o(.text)
    OLED_Float                               0x08003f15   Thumb Code   442  oled.o(.text)
    OLED_Float2                              0x080040cf   Thumb Code   366  oled.o(.text)
    OLED_Num_write                           0x0800423d   Thumb Code    62  oled.o(.text)
    OLED_fuhao_write                         0x0800427b   Thumb Code    58  oled.o(.text)
    OLED_Num2                                0x080042b5   Thumb Code   156  oled.o(.text)
    OLED_Num3                                0x08004351   Thumb Code   200  oled.o(.text)
    OLED_Num4                                0x08004419   Thumb Code   134  oled.o(.text)
    OLED_Num5                                0x0800449f   Thumb Code   152  oled.o(.text)
    OLED_Init                                0x08004537   Thumb Code   294  oled.o(.text)
    EXTI9_5_IRQHandler                       0x0800465d   Thumb Code    76  control.o(.text)
    Vertical                                 0x080046a9   Thumb Code    74  control.o(.text)
    Velocity                                 0x080046f3   Thumb Code   212  control.o(.text)
    Turn                                     0x080047c7   Thumb Code    38  control.o(.text)
    Encoder_TIM2_Init                        0x0800484d   Thumb Code   146  encoder.o(.text)
    Encoder_TIM3_Init                        0x080048df   Thumb Code   148  encoder.o(.text)
    Read_Speed                               0x08004973   Thumb Code    64  encoder.o(.text)
    TIM2_IRQHandler                          0x080049b3   Thumb Code    22  encoder.o(.text)
    TIM3_IRQHandler                          0x080049c9   Thumb Code    22  encoder.o(.text)
    MPU6050_EXTI_Init                        0x080049e9   Thumb Code    74  exti.o(.text)
    Motor_Init                               0x08004a39   Thumb Code    40  motor.o(.text)
    Limit                                    0x08004a61   Thumb Code    66  motor.o(.text)
    GFP_abs                                  0x08004aa3   Thumb Code    16  motor.o(.text)
    Load                                     0x08004ab3   Thumb Code   112  motor.o(.text)
    Stop                                     0x08004b23   Thumb Code    46  motor.o(.text)
    left                                     0x08004b51   Thumb Code    56  motor.o(.text)
    right                                    0x08004b89   Thumb Code    60  motor.o(.text)
    PWM_Init_TIM1                            0x08004be1   Thumb Code   162  pwm.o(.text)
    Key_Init                                 0x08004c8d   Thumb Code    40  key.o(.text)
    Get_Key1Num                              0x08004cb5   Thumb Code    50  key.o(.text)
    Reset_Handler                            0x08004ced   Thumb Code     8  startup_stm32f10x_md.o(.text)
    ADC1_2_IRQHandler                        0x08004d07   Thumb Code     0  startup_stm32f10x_md.o(.text)
    CAN1_RX1_IRQHandler                      0x08004d07   Thumb Code     0  startup_stm32f10x_md.o(.text)
    CAN1_SCE_IRQHandler                      0x08004d07   Thumb Code     0  startup_stm32f10x_md.o(.text)
    DMA1_Channel1_IRQHandler                 0x08004d07   Thumb Code     0  startup_stm32f10x_md.o(.text)
    DMA1_Channel2_IRQHandler                 0x08004d07   Thumb Code     0  startup_stm32f10x_md.o(.text)
    DMA1_Channel3_IRQHandler                 0x08004d07   Thumb Code     0  startup_stm32f10x_md.o(.text)
    DMA1_Channel4_IRQHandler                 0x08004d07   Thumb Code     0  startup_stm32f10x_md.o(.text)
    DMA1_Channel5_IRQHandler                 0x08004d07   Thumb Code     0  startup_stm32f10x_md.o(.text)
    DMA1_Channel6_IRQHandler                 0x08004d07   Thumb Code     0  startup_stm32f10x_md.o(.text)
    DMA1_Channel7_IRQHandler                 0x08004d07   Thumb Code     0  startup_stm32f10x_md.o(.text)
    EXTI0_IRQHandler                         0x08004d07   Thumb Code     0  startup_stm32f10x_md.o(.text)
    EXTI15_10_IRQHandler                     0x08004d07   Thumb Code     0  startup_stm32f10x_md.o(.text)
    EXTI1_IRQHandler                         0x08004d07   Thumb Code     0  startup_stm32f10x_md.o(.text)
    EXTI2_IRQHandler                         0x08004d07   Thumb Code     0  startup_stm32f10x_md.o(.text)
    EXTI3_IRQHandler                         0x08004d07   Thumb Code     0  startup_stm32f10x_md.o(.text)
    EXTI4_IRQHandler                         0x08004d07   Thumb Code     0  startup_stm32f10x_md.o(.text)
    FLASH_IRQHandler                         0x08004d07   Thumb Code     0  startup_stm32f10x_md.o(.text)
    I2C1_ER_IRQHandler                       0x08004d07   Thumb Code     0  startup_stm32f10x_md.o(.text)
    I2C1_EV_IRQHandler                       0x08004d07   Thumb Code     0  startup_stm32f10x_md.o(.text)
    I2C2_ER_IRQHandler                       0x08004d07   Thumb Code     0  startup_stm32f10x_md.o(.text)
    I2C2_EV_IRQHandler                       0x08004d07   Thumb Code     0  startup_stm32f10x_md.o(.text)
    PVD_IRQHandler                           0x08004d07   Thumb Code     0  startup_stm32f10x_md.o(.text)
    RCC_IRQHandler                           0x08004d07   Thumb Code     0  startup_stm32f10x_md.o(.text)
    RTCAlarm_IRQHandler                      0x08004d07   Thumb Code     0  startup_stm32f10x_md.o(.text)
    RTC_IRQHandler                           0x08004d07   Thumb Code     0  startup_stm32f10x_md.o(.text)
    SPI1_IRQHandler                          0x08004d07   Thumb Code     0  startup_stm32f10x_md.o(.text)
    SPI2_IRQHandler                          0x08004d07   Thumb Code     0  startup_stm32f10x_md.o(.text)
    TAMPER_IRQHandler                        0x08004d07   Thumb Code     0  startup_stm32f10x_md.o(.text)
    TIM1_BRK_IRQHandler                      0x08004d07   Thumb Code     0  startup_stm32f10x_md.o(.text)
    TIM1_CC_IRQHandler                       0x08004d07   Thumb Code     0  startup_stm32f10x_md.o(.text)
    TIM1_TRG_COM_IRQHandler                  0x08004d07   Thumb Code     0  startup_stm32f10x_md.o(.text)
    TIM1_UP_IRQHandler                       0x08004d07   Thumb Code     0  startup_stm32f10x_md.o(.text)
    TIM4_IRQHandler                          0x08004d07   Thumb Code     0  startup_stm32f10x_md.o(.text)
    USART1_IRQHandler                        0x08004d07   Thumb Code     0  startup_stm32f10x_md.o(.text)
    USART2_IRQHandler                        0x08004d07   Thumb Code     0  startup_stm32f10x_md.o(.text)
    USART3_IRQHandler                        0x08004d07   Thumb Code     0  startup_stm32f10x_md.o(.text)
    USBWakeUp_IRQHandler                     0x08004d07   Thumb Code     0  startup_stm32f10x_md.o(.text)
    USB_HP_CAN1_TX_IRQHandler                0x08004d07   Thumb Code     0  startup_stm32f10x_md.o(.text)
    USB_LP_CAN1_RX0_IRQHandler               0x08004d07   Thumb Code     0  startup_stm32f10x_md.o(.text)
    WWDG_IRQHandler                          0x08004d07   Thumb Code     0  startup_stm32f10x_md.o(.text)
    NVIC_PriorityGroupConfig                 0x08004d11   Thumb Code    10  misc.o(.text)
    NVIC_Init                                0x08004d1b   Thumb Code   100  misc.o(.text)
    NVIC_SetVectorTable                      0x08004d7f   Thumb Code    14  misc.o(.text)
    NVIC_SystemLPConfig                      0x08004d8d   Thumb Code    34  misc.o(.text)
    SysTick_CLKSourceConfig                  0x08004daf   Thumb Code    40  misc.o(.text)
    EXTI_DeInit                              0x08004ded   Thumb Code    28  stm32f10x_exti.o(.text)
    EXTI_Init                                0x08004e09   Thumb Code   142  stm32f10x_exti.o(.text)
    EXTI_StructInit                          0x08004e97   Thumb Code    16  stm32f10x_exti.o(.text)
    EXTI_GenerateSWInterrupt                 0x08004ea7   Thumb Code    16  stm32f10x_exti.o(.text)
    EXTI_GetFlagStatus                       0x08004eb7   Thumb Code    22  stm32f10x_exti.o(.text)
    EXTI_ClearFlag                           0x08004ecd   Thumb Code     8  stm32f10x_exti.o(.text)
    EXTI_GetITStatus                         0x08004ed5   Thumb Code    34  stm32f10x_exti.o(.text)
    EXTI_ClearITPendingBit                   0x08004ef7   Thumb Code     8  stm32f10x_exti.o(.text)
    GPIO_DeInit                              0x08004f09   Thumb Code   172  stm32f10x_gpio.o(.text)
    GPIO_AFIODeInit                          0x08004fb5   Thumb Code    20  stm32f10x_gpio.o(.text)
    GPIO_Init                                0x08004fc9   Thumb Code   278  stm32f10x_gpio.o(.text)
    GPIO_StructInit                          0x080050df   Thumb Code    16  stm32f10x_gpio.o(.text)
    GPIO_ReadInputDataBit                    0x080050ef   Thumb Code    18  stm32f10x_gpio.o(.text)
    GPIO_ReadInputData                       0x08005101   Thumb Code     8  stm32f10x_gpio.o(.text)
    GPIO_ReadOutputDataBit                   0x08005109   Thumb Code    18  stm32f10x_gpio.o(.text)
    GPIO_ReadOutputData                      0x0800511b   Thumb Code     8  stm32f10x_gpio.o(.text)
    GPIO_SetBits                             0x08005123   Thumb Code     4  stm32f10x_gpio.o(.text)
    GPIO_ResetBits                           0x08005127   Thumb Code     4  stm32f10x_gpio.o(.text)
    GPIO_WriteBit                            0x0800512b   Thumb Code    10  stm32f10x_gpio.o(.text)
    GPIO_Write                               0x08005135   Thumb Code     4  stm32f10x_gpio.o(.text)
    GPIO_PinLockConfig                       0x08005139   Thumb Code    18  stm32f10x_gpio.o(.text)
    GPIO_EventOutputConfig                   0x0800514b   Thumb Code    26  stm32f10x_gpio.o(.text)
    GPIO_EventOutputCmd                      0x08005165   Thumb Code     6  stm32f10x_gpio.o(.text)
    GPIO_PinRemapConfig                      0x0800516b   Thumb Code   138  stm32f10x_gpio.o(.text)
    GPIO_EXTILineConfig                      0x080051f5   Thumb Code    66  stm32f10x_gpio.o(.text)
    GPIO_ETH_MediaInterfaceConfig            0x08005237   Thumb Code     8  stm32f10x_gpio.o(.text)
    RCC_DeInit                               0x08005265   Thumb Code    64  stm32f10x_rcc.o(.text)
    RCC_HSEConfig                            0x080052a5   Thumb Code    70  stm32f10x_rcc.o(.text)
    RCC_GetFlagStatus                        0x080052eb   Thumb Code    56  stm32f10x_rcc.o(.text)
    RCC_WaitForHSEStartUp                    0x08005323   Thumb Code    56  stm32f10x_rcc.o(.text)
    RCC_AdjustHSICalibrationValue            0x0800535b   Thumb Code    20  stm32f10x_rcc.o(.text)
    RCC_HSICmd                               0x0800536f   Thumb Code     6  stm32f10x_rcc.o(.text)
    RCC_PLLConfig                            0x08005375   Thumb Code    24  stm32f10x_rcc.o(.text)
    RCC_PLLCmd                               0x0800538d   Thumb Code     6  stm32f10x_rcc.o(.text)
    RCC_SYSCLKConfig                         0x08005393   Thumb Code    18  stm32f10x_rcc.o(.text)
    RCC_GetSYSCLKSource                      0x080053a5   Thumb Code    10  stm32f10x_rcc.o(.text)
    RCC_HCLKConfig                           0x080053af   Thumb Code    18  stm32f10x_rcc.o(.text)
    RCC_PCLK1Config                          0x080053c1   Thumb Code    18  stm32f10x_rcc.o(.text)
    RCC_PCLK2Config                          0x080053d3   Thumb Code    20  stm32f10x_rcc.o(.text)
    RCC_ITConfig                             0x080053e7   Thumb Code    26  stm32f10x_rcc.o(.text)
    RCC_USBCLKConfig                         0x08005401   Thumb Code     8  stm32f10x_rcc.o(.text)
    RCC_ADCCLKConfig                         0x08005409   Thumb Code    18  stm32f10x_rcc.o(.text)
    RCC_LSEConfig                            0x0800541b   Thumb Code    50  stm32f10x_rcc.o(.text)
    RCC_LSICmd                               0x0800544d   Thumb Code     6  stm32f10x_rcc.o(.text)
    RCC_RTCCLKConfig                         0x08005453   Thumb Code    12  stm32f10x_rcc.o(.text)
    RCC_RTCCLKCmd                            0x0800545f   Thumb Code     8  stm32f10x_rcc.o(.text)
    RCC_GetClocksFreq                        0x08005467   Thumb Code   192  stm32f10x_rcc.o(.text)
    RCC_AHBPeriphClockCmd                    0x08005527   Thumb Code    26  stm32f10x_rcc.o(.text)
    RCC_APB2PeriphClockCmd                   0x08005541   Thumb Code    26  stm32f10x_rcc.o(.text)
    RCC_APB1PeriphClockCmd                   0x0800555b   Thumb Code    26  stm32f10x_rcc.o(.text)
    RCC_APB2PeriphResetCmd                   0x08005575   Thumb Code    26  stm32f10x_rcc.o(.text)
    RCC_APB1PeriphResetCmd                   0x0800558f   Thumb Code    26  stm32f10x_rcc.o(.text)
    RCC_BackupResetCmd                       0x080055a9   Thumb Code     8  stm32f10x_rcc.o(.text)
    RCC_ClockSecuritySystemCmd               0x080055b1   Thumb Code     6  stm32f10x_rcc.o(.text)
    RCC_MCOConfig                            0x080055b7   Thumb Code     6  stm32f10x_rcc.o(.text)
    RCC_ClearFlag                            0x080055bd   Thumb Code    14  stm32f10x_rcc.o(.text)
    RCC_GetITStatus                          0x080055cb   Thumb Code    20  stm32f10x_rcc.o(.text)
    RCC_ClearITPendingBit                    0x080055df   Thumb Code     6  stm32f10x_rcc.o(.text)
    TIM_DeInit                               0x08005609   Thumb Code   424  stm32f10x_tim.o(.text)
    TIM_TimeBaseInit                         0x080057b1   Thumb Code   122  stm32f10x_tim.o(.text)
    TIM_OC1Init                              0x0800582b   Thumb Code   132  stm32f10x_tim.o(.text)
    TIM_OC2Init                              0x080058af   Thumb Code   154  stm32f10x_tim.o(.text)
    TIM_OC3Init                              0x08005949   Thumb Code   150  stm32f10x_tim.o(.text)
    TIM_OC4Init                              0x080059df   Thumb Code   182  stm32f10x_tim.o(.text)
    TIM_SetIC4Prescaler                      0x08005a95   Thumb Code    26  stm32f10x_tim.o(.text)
    TIM_SetIC3Prescaler                      0x08005b31   Thumb Code    18  stm32f10x_tim.o(.text)
    TIM_SetIC2Prescaler                      0x08005bbd   Thumb Code    26  stm32f10x_tim.o(.text)
    TIM_SetIC1Prescaler                      0x08005c59   Thumb Code    18  stm32f10x_tim.o(.text)
    TIM_ICInit                               0x08005cd7   Thumb Code   150  stm32f10x_tim.o(.text)
    TIM_PWMIConfig                           0x08005d6d   Thumb Code   124  stm32f10x_tim.o(.text)
    TIM_BDTRConfig                           0x08005de9   Thumb Code    32  stm32f10x_tim.o(.text)
    TIM_TimeBaseStructInit                   0x08005e09   Thumb Code    18  stm32f10x_tim.o(.text)
    TIM_OCStructInit                         0x08005e1b   Thumb Code    20  stm32f10x_tim.o(.text)
    TIM_ICStructInit                         0x08005e2f   Thumb Code    18  stm32f10x_tim.o(.text)
    TIM_BDTRStructInit                       0x08005e41   Thumb Code    40  stm32f10x_tim.o(.text)
    TIM_Cmd                                  0x08005e69   Thumb Code    24  stm32f10x_tim.o(.text)
    TIM_CtrlPWMOutputs                       0x08005e81   Thumb Code    30  stm32f10x_tim.o(.text)
    TIM_ITConfig                             0x08005e9f   Thumb Code    18  stm32f10x_tim.o(.text)
    TIM_GenerateEvent                        0x08005eb1   Thumb Code     4  stm32f10x_tim.o(.text)
    TIM_DMAConfig                            0x08005eb5   Thumb Code    10  stm32f10x_tim.o(.text)
    TIM_DMACmd                               0x08005ebf   Thumb Code    18  stm32f10x_tim.o(.text)
    TIM_InternalClockConfig                  0x08005ed1   Thumb Code    12  stm32f10x_tim.o(.text)
    TIM_SelectInputTrigger                   0x08005edd   Thumb Code    18  stm32f10x_tim.o(.text)
    TIM_ITRxExternalClockConfig              0x08005eef   Thumb Code    24  stm32f10x_tim.o(.text)
    TIM_TIxExternalClockConfig               0x08005f07   Thumb Code    62  stm32f10x_tim.o(.text)
    TIM_ETRConfig                            0x08005f45   Thumb Code    28  stm32f10x_tim.o(.text)
    TIM_ETRClockMode1Config                  0x08005f61   Thumb Code    54  stm32f10x_tim.o(.text)
    TIM_ETRClockMode2Config                  0x08005f97   Thumb Code    32  stm32f10x_tim.o(.text)
    TIM_PrescalerConfig                      0x08005fb7   Thumb Code     6  stm32f10x_tim.o(.text)
    TIM_CounterModeConfig                    0x08005fbd   Thumb Code    18  stm32f10x_tim.o(.text)
    TIM_EncoderInterfaceConfig               0x08005fcf   Thumb Code    66  stm32f10x_tim.o(.text)
    TIM_ForcedOC1Config                      0x08006011   Thumb Code    18  stm32f10x_tim.o(.text)
    TIM_ForcedOC2Config                      0x08006023   Thumb Code    26  stm32f10x_tim.o(.text)
    TIM_ForcedOC3Config                      0x0800603d   Thumb Code    18  stm32f10x_tim.o(.text)
    TIM_ForcedOC4Config                      0x0800604f   Thumb Code    26  stm32f10x_tim.o(.text)
    TIM_ARRPreloadConfig                     0x08006069   Thumb Code    24  stm32f10x_tim.o(.text)
    TIM_SelectCOM                            0x08006081   Thumb Code    24  stm32f10x_tim.o(.text)
    TIM_SelectCCDMA                          0x08006099   Thumb Code    24  stm32f10x_tim.o(.text)
    TIM_CCPreloadControl                     0x080060b1   Thumb Code    24  stm32f10x_tim.o(.text)
    TIM_OC1PreloadConfig                     0x080060c9   Thumb Code    18  stm32f10x_tim.o(.text)
    TIM_OC2PreloadConfig                     0x080060db   Thumb Code    26  stm32f10x_tim.o(.text)
    TIM_OC3PreloadConfig                     0x080060f5   Thumb Code    18  stm32f10x_tim.o(.text)
    TIM_OC4PreloadConfig                     0x08006107   Thumb Code    26  stm32f10x_tim.o(.text)
    TIM_OC1FastConfig                        0x08006121   Thumb Code    18  stm32f10x_tim.o(.text)
    TIM_OC2FastConfig                        0x08006133   Thumb Code    26  stm32f10x_tim.o(.text)
    TIM_OC3FastConfig                        0x0800614d   Thumb Code    18  stm32f10x_tim.o(.text)
    TIM_OC4FastConfig                        0x0800615f   Thumb Code    26  stm32f10x_tim.o(.text)
    TIM_ClearOC1Ref                          0x08006179   Thumb Code    18  stm32f10x_tim.o(.text)
    TIM_ClearOC2Ref                          0x0800618b   Thumb Code    24  stm32f10x_tim.o(.text)
    TIM_ClearOC3Ref                          0x080061a3   Thumb Code    18  stm32f10x_tim.o(.text)
    TIM_ClearOC4Ref                          0x080061b5   Thumb Code    24  stm32f10x_tim.o(.text)
    TIM_OC1PolarityConfig                    0x080061cd   Thumb Code    18  stm32f10x_tim.o(.text)
    TIM_OC1NPolarityConfig                   0x080061df   Thumb Code    18  stm32f10x_tim.o(.text)
    TIM_OC2PolarityConfig                    0x080061f1   Thumb Code    26  stm32f10x_tim.o(.text)
    TIM_OC2NPolarityConfig                   0x0800620b   Thumb Code    26  stm32f10x_tim.o(.text)
    TIM_OC3PolarityConfig                    0x08006225   Thumb Code    26  stm32f10x_tim.o(.text)
    TIM_OC3NPolarityConfig                   0x0800623f   Thumb Code    26  stm32f10x_tim.o(.text)
    TIM_OC4PolarityConfig                    0x08006259   Thumb Code    26  stm32f10x_tim.o(.text)
    TIM_CCxCmd                               0x08006273   Thumb Code    30  stm32f10x_tim.o(.text)
    TIM_CCxNCmd                              0x08006291   Thumb Code    30  stm32f10x_tim.o(.text)
    TIM_SelectOCxM                           0x080062af   Thumb Code    82  stm32f10x_tim.o(.text)
    TIM_UpdateDisableConfig                  0x08006301   Thumb Code    24  stm32f10x_tim.o(.text)
    TIM_UpdateRequestConfig                  0x08006319   Thumb Code    24  stm32f10x_tim.o(.text)
    TIM_SelectHallSensor                     0x08006331   Thumb Code    24  stm32f10x_tim.o(.text)
    TIM_SelectOnePulseMode                   0x08006349   Thumb Code    18  stm32f10x_tim.o(.text)
    TIM_SelectOutputTrigger                  0x0800635b   Thumb Code    18  stm32f10x_tim.o(.text)
    TIM_SelectSlaveMode                      0x0800636d   Thumb Code    18  stm32f10x_tim.o(.text)
    TIM_SelectMasterSlaveMode                0x0800637f   Thumb Code    18  stm32f10x_tim.o(.text)
    TIM_SetCounter                           0x08006391   Thumb Code     4  stm32f10x_tim.o(.text)
    TIM_SetAutoreload                        0x08006395   Thumb Code     4  stm32f10x_tim.o(.text)
    TIM_SetCompare1                          0x08006399   Thumb Code     4  stm32f10x_tim.o(.text)
    TIM_SetCompare2                          0x0800639d   Thumb Code     4  stm32f10x_tim.o(.text)
    TIM_SetCompare3                          0x080063a1   Thumb Code     4  stm32f10x_tim.o(.text)
    TIM_SetCompare4                          0x080063a5   Thumb Code     6  stm32f10x_tim.o(.text)
    TIM_SetClockDivision                     0x080063ab   Thumb Code    18  stm32f10x_tim.o(.text)
    TIM_GetCapture1                          0x080063bd   Thumb Code     6  stm32f10x_tim.o(.text)
    TIM_GetCapture2                          0x080063c3   Thumb Code     6  stm32f10x_tim.o(.text)
    TIM_GetCapture3                          0x080063c9   Thumb Code     6  stm32f10x_tim.o(.text)
    TIM_GetCapture4                          0x080063cf   Thumb Code     8  stm32f10x_tim.o(.text)
    TIM_GetCounter                           0x080063d7   Thumb Code     6  stm32f10x_tim.o(.text)
    TIM_GetPrescaler                         0x080063dd   Thumb Code     6  stm32f10x_tim.o(.text)
    TIM_GetFlagStatus                        0x080063e3   Thumb Code    18  stm32f10x_tim.o(.text)
    TIM_ClearFlag                            0x080063f5   Thumb Code     6  stm32f10x_tim.o(.text)
    TIM_GetITStatus                          0x080063fb   Thumb Code    34  stm32f10x_tim.o(.text)
    TIM_ClearITPendingBit                    0x0800641d   Thumb Code     6  stm32f10x_tim.o(.text)
    __aeabi_ldivmod                          0x08006423   Thumb Code    98  ldiv.o(.text)
    __aeabi_memset                           0x08006485   Thumb Code    14  memseta.o(.text)
    __aeabi_memset4                          0x08006485   Thumb Code     0  memseta.o(.text)
    __aeabi_memset8                          0x08006485   Thumb Code     0  memseta.o(.text)
    __aeabi_memclr                           0x08006493   Thumb Code     4  memseta.o(.text)
    __aeabi_memclr4                          0x08006493   Thumb Code     0  memseta.o(.text)
    __aeabi_memclr8                          0x08006493   Thumb Code     0  memseta.o(.text)
    _memset$wrapper                          0x08006497   Thumb Code    18  memseta.o(.text)
    memcmp                                   0x080064a9   Thumb Code    26  memcmp.o(.text)
    __aeabi_fadd                             0x080064c3   Thumb Code   164  fadd.o(.text)
    __aeabi_fsub                             0x08006567   Thumb Code     6  fadd.o(.text)
    __aeabi_frsub                            0x0800656d   Thumb Code     6  fadd.o(.text)
    __aeabi_fmul                             0x08006573   Thumb Code   100  fmul.o(.text)
    __aeabi_fdiv                             0x080065d7   Thumb Code   124  fdiv.o(.text)
    __aeabi_dadd                             0x08006653   Thumb Code   322  dadd.o(.text)
    __aeabi_dsub                             0x08006795   Thumb Code     6  dadd.o(.text)
    __aeabi_drsub                            0x0800679b   Thumb Code     6  dadd.o(.text)
    __aeabi_dmul                             0x080067a1   Thumb Code   228  dmul.o(.text)
    __aeabi_ddiv                             0x08006885   Thumb Code   222  ddiv.o(.text)
    __aeabi_i2f                              0x08006963   Thumb Code    18  fflti.o(.text)
    __aeabi_ui2f                             0x08006975   Thumb Code    10  ffltui.o(.text)
    __aeabi_i2d                              0x0800697f   Thumb Code    34  dflti.o(.text)
    __aeabi_ui2d                             0x080069a1   Thumb Code    26  dfltui.o(.text)
    __aeabi_f2iz                             0x080069bb   Thumb Code    50  ffixi.o(.text)
    __aeabi_f2uiz                            0x080069ed   Thumb Code    40  ffixui.o(.text)
    __aeabi_d2iz                             0x08006a15   Thumb Code    62  dfixi.o(.text)
    __aeabi_d2uiz                            0x08006a53   Thumb Code    50  dfixui.o(.text)
    __aeabi_f2d                              0x08006a85   Thumb Code    38  f2d.o(.text)
    __aeabi_cdcmpeq                          0x08006aad   Thumb Code     0  cdcmple.o(.text)
    __aeabi_cdcmple                          0x08006aad   Thumb Code    48  cdcmple.o(.text)
    __aeabi_d2f                              0x08006add   Thumb Code    56  d2f.o(.text)
    __aeabi_cfcmpeq                          0x08006b15   Thumb Code     0  cfcmple.o(.text)
    __aeabi_cfcmple                          0x08006b15   Thumb Code    20  cfcmple.o(.text)
    __aeabi_cfrcmple                         0x08006b29   Thumb Code    20  cfrcmple.o(.text)
    __aeabi_uidiv                            0x08006b3d   Thumb Code     0  uidiv.o(.text)
    __aeabi_uidivmod                         0x08006b3d   Thumb Code    44  uidiv.o(.text)
    __aeabi_uldivmod                         0x08006b69   Thumb Code    98  uldiv.o(.text)
    __aeabi_llsl                             0x08006bcb   Thumb Code    30  llshl.o(.text)
    _ll_shift_l                              0x08006bcb   Thumb Code     0  llshl.o(.text)
    __aeabi_llsr                             0x08006be9   Thumb Code    32  llushr.o(.text)
    _ll_ushift_r                             0x08006be9   Thumb Code     0  llushr.o(.text)
    __aeabi_lasr                             0x08006c09   Thumb Code    36  llsshr.o(.text)
    _ll_sshift_r                             0x08006c09   Thumb Code     0  llsshr.o(.text)
    __I$use$fp                               0x08006c2d   Thumb Code     0  iusefp.o(.text)
    _float_round                             0x08006c2d   Thumb Code    18  fepilogue.o(.text)
    _float_epilogue                          0x08006c3f   Thumb Code    92  fepilogue.o(.text)
    _double_round                            0x08006c9b   Thumb Code    30  depilogue.o(.text)
    _double_epilogue                         0x08006cb9   Thumb Code   156  depilogue.o(.text)
    __ARM_scalbn                             0x08006d55   Thumb Code    46  dscalb.o(.text)
    scalbn                                   0x08006d55   Thumb Code     0  dscalb.o(.text)
    __aeabi_d2ulz                            0x08006d83   Thumb Code    48  dfixul.o(.text)
    __aeabi_cdrcmple                         0x08006db5   Thumb Code    48  cdrcmple.o(.text)
    __scatterload                            0x08006de5   Thumb Code    28  init.o(.text)
    __scatterload_rt2                        0x08006de5   Thumb Code     0  init.o(.text)
    __I$use$semihosting$fputc                0x08006e09   Thumb Code     0  iusesemip.o(.text)
    __semihosting_library_function           0x08006e09   Thumb Code     0  semi.o(.text)
    _dsqrt                                   0x08006e09   Thumb Code   162  dsqrt.o(.text)
    __decompress                             0x08006eab   Thumb Code     0  __dczerorl2.o(.text)
    __decompress1                            0x08006eab   Thumb Code    86  __dczerorl2.o(.text)
    __0printf                                0x08006f01   Thumb Code    22  printfa.o(i.__0printf)
    __1printf                                0x08006f01   Thumb Code     0  printfa.o(i.__0printf)
    __2printf                                0x08006f01   Thumb Code     0  printfa.o(i.__0printf)
    __c89printf                              0x08006f01   Thumb Code     0  printfa.o(i.__0printf)
    printf                                   0x08006f01   Thumb Code     0  printfa.o(i.__0printf)
    __ARM_fpclassify                         0x08006f21   Thumb Code    40  fpclassify.o(i.__ARM_fpclassify)
    __kernel_poly                            0x08006f49   Thumb Code   170  poly.o(i.__kernel_poly)
    __mathlib_dbl_infnan                     0x08006ff3   Thumb Code     6  dunder.o(i.__mathlib_dbl_infnan)
    __mathlib_dbl_infnan2                    0x08006ff9   Thumb Code     4  dunder.o(i.__mathlib_dbl_infnan2)
    __mathlib_dbl_invalid                    0x08006ffd   Thumb Code    12  dunder.o(i.__mathlib_dbl_invalid)
    __mathlib_dbl_underflow                  0x08007009   Thumb Code    10  dunder.o(i.__mathlib_dbl_underflow)
    __scatterload_copy                       0x08007019   Thumb Code    14  handlers.o(i.__scatterload_copy)
    __scatterload_null                       0x08007027   Thumb Code     2  handlers.o(i.__scatterload_null)
    __scatterload_zeroinit                   0x08007029   Thumb Code    14  handlers.o(i.__scatterload_zeroinit)
    __set_errno                              0x08007039   Thumb Code     6  errno.o(i.__set_errno)
    asin                                     0x080078f9   Thumb Code   572  asin.o(i.asin)
    atan                                     0x08007b69   Thumb Code   474  atan.o(i.atan)
    atan2                                    0x08007d89   Thumb Code   346  atan2.o(i.atan2)
    fputc                                    0x08007f09   Thumb Code    18  fputc.o(i.fputc)
    sqrt                                     0x08007f1b   Thumb Code    76  sqrt.o(i.sqrt)
    reg                                      0x08007f68   Data          27  inv_mpu.o(.constdata)
    hw                                       0x08007f84   Data          12  inv_mpu.o(.constdata)
    test                                     0x08007f90   Data          40  inv_mpu.o(.constdata)
    F6x8                                     0x08008bae   Data         552  oled.o(.constdata)
    F8X16                                    0x08008dd6   Data        1520  oled.o(.constdata)
    __mathlib_zero                           0x080094b0   Data           8  qnan.o(.constdata)
    Region$$Table$$Base                      0x08009508   Number         0  anon$$obj.o(Region$$Table)
    Region$$Table$$Limit                     0x08009528   Number         0  anon$$obj.o(Region$$Table)
    Pitch                                    0x20000000   Data           4  main.o(.data)
    Roll                                     0x20000004   Data           4  main.o(.data)
    Yaw                                      0x20000008   Data           4  main.o(.data)
    gyrox                                    0x2000000c   Data           2  main.o(.data)
    gyroy                                    0x2000000e   Data           2  main.o(.data)
    gyroz                                    0x20000010   Data           2  main.o(.data)
    aacx                                     0x20000012   Data           2  main.o(.data)
    aacy                                     0x20000014   Data           2  main.o(.data)
    aacz                                     0x20000016   Data           2  main.o(.data)
    now_Rspeed                               0x20000018   Data           4  main.o(.data)
    now_Lspeed                               0x2000001c   Data           4  main.o(.data)
    PWM_MAX                                  0x20000020   Data           4  main.o(.data)
    PWM_MIN                                  0x20000024   Data           4  main.o(.data)
    MOTO1                                    0x20000028   Data           4  main.o(.data)
    MOTO2                                    0x2000002c   Data           4  main.o(.data)
    i                                        0x20000030   Data           1  main.o(.data)
    Send_Count                               0x20000031   Data           1  main.o(.data)
    SystemCoreClock                          0x20000034   Data           4  system_stm32f10x.o(.data)
    AHBPrescTable                            0x20000038   Data          16  system_stm32f10x.o(.data)
    Hzk                                      0x20000081   Data         896  oled.o(.data)
    Med_Angle                                0x20000404   Data           4  control.o(.data)
    Target_Speed                             0x20000408   Data           4  control.o(.data)
    Vertical_Kp                              0x2000040c   Data           4  control.o(.data)
    Vertical_Kd                              0x20000410   Data           4  control.o(.data)
    Velocity_Kp                              0x20000414   Data           4  control.o(.data)
    Velocity_Ki                              0x20000418   Data           4  control.o(.data)
    Turn_Kd                                  0x2000041c   Data           4  control.o(.data)
    Vertical_out                             0x20000420   Data           4  control.o(.data)
    Velocity_out                             0x20000424   Data           4  control.o(.data)
    Turn_out                                 0x20000428   Data           4  control.o(.data)
    PWM_Zero                                 0x20000440   Data           1  motor.o(.data)
    stop                                     0x20000441   Data           1  motor.o(.data)
    __stdout                                 0x20000458   Data           4  stdout.o(.data)
    __initial_sp                             0x20000870   Data           0  startup_stm32f10x_md.o(STACK)



==============================================================================

Memory Map of the image

  Image Entry point : 0x080000ed

  Load Region LR_IROM1 (Base: 0x08000000, Size: 0x00009988, Max: 0x00010000, ABSOLUTE, COMPRESSED[0x000096cc])

    Execution Region ER_IROM1 (Exec base: 0x08000000, Load base: 0x08000000, Size: 0x00009528, Max: 0x00010000, ABSOLUTE)

    Exec Addr    Load Addr    Size         Type   Attr      Idx    E Section Name        Object

    0x08000000   0x08000000   0x000000ec   Data   RO          700    RESET               startup_stm32f10x_md.o
    0x080000ec   0x080000ec   0x00000000   Code   RO         1277  * .ARM.Collect$$$$00000000  mc_w.l(entry.o)
    0x080000ec   0x080000ec   0x00000004   Code   RO         1622    .ARM.Collect$$$$00000001  mc_w.l(entry2.o)
    0x080000f0   0x080000f0   0x00000004   Code   RO         1625    .ARM.Collect$$$$00000004  mc_w.l(entry5.o)
    0x080000f4   0x080000f4   0x00000000   Code   RO         1627    .ARM.Collect$$$$00000008  mc_w.l(entry7b.o)
    0x080000f4   0x080000f4   0x00000000   Code   RO         1629    .ARM.Collect$$$$0000000A  mc_w.l(entry8b.o)
    0x080000f4   0x080000f4   0x00000008   Code   RO         1630    .ARM.Collect$$$$0000000B  mc_w.l(entry9a.o)
    0x080000fc   0x080000fc   0x00000000   Code   RO         1632    .ARM.Collect$$$$0000000D  mc_w.l(entry10a.o)
    0x080000fc   0x080000fc   0x00000000   Code   RO         1634    .ARM.Collect$$$$0000000F  mc_w.l(entry11a.o)
    0x080000fc   0x080000fc   0x00000004   Code   RO         1623    .ARM.Collect$$$$00002712  mc_w.l(entry2.o)
    0x08000100   0x08000100   0x00000090   Code   RO            4    .text               main.o
    0x08000190   0x08000190   0x0000001a   Code   RO          192    .text               stm32f10x_it.o
    0x080001aa   0x080001aa   0x00000002   PAD
    0x080001ac   0x080001ac   0x000001e0   Code   RO          219    .text               system_stm32f10x.o
    0x0800038c   0x0800038c   0x000000d4   Code   RO          249    .text               delay.o
    0x08000460   0x08000460   0x00000044   Code   RO          305    .text               sys.o
    0x080004a4   0x080004a4   0x00000244   Code   RO          369    .text               mpuiic.o
    0x080006e8   0x080006e8   0x00000368   Code   RO          393    .text               mpu6050.o
    0x08000a50   0x08000a50   0x00002288   Code   RO          417    .text               inv_mpu.o
    0x08002cd8   0x08002cd8   0x00000d70   Code   RO          453    .text               inv_mpu_dmp_motion_driver.o
    0x08003a48   0x08003a48   0x00000c14   Code   RO          486    .text               oled.o
    0x0800465c   0x0800465c   0x000001f0   Code   RO          517    .text               control.o
    0x0800484c   0x0800484c   0x0000019c   Code   RO          544    .text               encoder.o
    0x080049e8   0x080049e8   0x00000050   Code   RO          568    .text               exti.o
    0x08004a38   0x08004a38   0x000001a8   Code   RO          592    .text               motor.o
    0x08004be0   0x08004be0   0x000000ac   Code   RO          619    .text               pwm.o
    0x08004c8c   0x08004c8c   0x00000060   Code   RO          661    .text               key.o
    0x08004cec   0x08004cec   0x00000024   Code   RO          701    .text               startup_stm32f10x_md.o
    0x08004d10   0x08004d10   0x000000dc   Code   RO          708    .text               misc.o
    0x08004dec   0x08004dec   0x0000011c   Code   RO          924    .text               stm32f10x_exti.o
    0x08004f08   0x08004f08   0x0000035c   Code   RO          996    .text               stm32f10x_gpio.o
    0x08005264   0x08005264   0x000003a4   Code   RO         1092    .text               stm32f10x_rcc.o
    0x08005608   0x08005608   0x00000e1a   Code   RO         1190    .text               stm32f10x_tim.o
    0x08006422   0x08006422   0x00000062   Code   RO         1280    .text               mc_w.l(ldiv.o)
    0x08006484   0x08006484   0x00000024   Code   RO         1282    .text               mc_w.l(memseta.o)
    0x080064a8   0x080064a8   0x0000001a   Code   RO         1284    .text               mc_w.l(memcmp.o)
    0x080064c2   0x080064c2   0x000000b0   Code   RO         1547    .text               mf_w.l(fadd.o)
    0x08006572   0x08006572   0x00000064   Code   RO         1549    .text               mf_w.l(fmul.o)
    0x080065d6   0x080065d6   0x0000007c   Code   RO         1551    .text               mf_w.l(fdiv.o)
    0x08006652   0x08006652   0x0000014e   Code   RO         1553    .text               mf_w.l(dadd.o)
    0x080067a0   0x080067a0   0x000000e4   Code   RO         1555    .text               mf_w.l(dmul.o)
    0x08006884   0x08006884   0x000000de   Code   RO         1557    .text               mf_w.l(ddiv.o)
    0x08006962   0x08006962   0x00000012   Code   RO         1559    .text               mf_w.l(fflti.o)
    0x08006974   0x08006974   0x0000000a   Code   RO         1561    .text               mf_w.l(ffltui.o)
    0x0800697e   0x0800697e   0x00000022   Code   RO         1563    .text               mf_w.l(dflti.o)
    0x080069a0   0x080069a0   0x0000001a   Code   RO         1565    .text               mf_w.l(dfltui.o)
    0x080069ba   0x080069ba   0x00000032   Code   RO         1567    .text               mf_w.l(ffixi.o)
    0x080069ec   0x080069ec   0x00000028   Code   RO         1569    .text               mf_w.l(ffixui.o)
    0x08006a14   0x08006a14   0x0000003e   Code   RO         1571    .text               mf_w.l(dfixi.o)
    0x08006a52   0x08006a52   0x00000032   Code   RO         1573    .text               mf_w.l(dfixui.o)
    0x08006a84   0x08006a84   0x00000026   Code   RO         1575    .text               mf_w.l(f2d.o)
    0x08006aaa   0x08006aaa   0x00000002   PAD
    0x08006aac   0x08006aac   0x00000030   Code   RO         1577    .text               mf_w.l(cdcmple.o)
    0x08006adc   0x08006adc   0x00000038   Code   RO         1579    .text               mf_w.l(d2f.o)
    0x08006b14   0x08006b14   0x00000014   Code   RO         1581    .text               mf_w.l(cfcmple.o)
    0x08006b28   0x08006b28   0x00000014   Code   RO         1583    .text               mf_w.l(cfrcmple.o)
    0x08006b3c   0x08006b3c   0x0000002c   Code   RO         1639    .text               mc_w.l(uidiv.o)
    0x08006b68   0x08006b68   0x00000062   Code   RO         1641    .text               mc_w.l(uldiv.o)
    0x08006bca   0x08006bca   0x0000001e   Code   RO         1643    .text               mc_w.l(llshl.o)
    0x08006be8   0x08006be8   0x00000020   Code   RO         1645    .text               mc_w.l(llushr.o)
    0x08006c08   0x08006c08   0x00000024   Code   RO         1647    .text               mc_w.l(llsshr.o)
    0x08006c2c   0x08006c2c   0x00000000   Code   RO         1656    .text               mc_w.l(iusefp.o)
    0x08006c2c   0x08006c2c   0x0000006e   Code   RO         1657    .text               mf_w.l(fepilogue.o)
    0x08006c9a   0x08006c9a   0x000000ba   Code   RO         1659    .text               mf_w.l(depilogue.o)
    0x08006d54   0x08006d54   0x0000002e   Code   RO         1661    .text               mf_w.l(dscalb.o)
    0x08006d82   0x08006d82   0x00000030   Code   RO         1663    .text               mf_w.l(dfixul.o)
    0x08006db2   0x08006db2   0x00000002   PAD
    0x08006db4   0x08006db4   0x00000030   Code   RO         1665    .text               mf_w.l(cdrcmple.o)
    0x08006de4   0x08006de4   0x00000024   Code   RO         1667    .text               mc_w.l(init.o)
    0x08006e08   0x08006e08   0x00000000   Code   RO         1669    .text               mc_w.l(semi.o)
    0x08006e08   0x08006e08   0x00000000   Code   RO         1670    .text               mc_w.l(iusesemip.o)
    0x08006e08   0x08006e08   0x000000a2   Code   RO         1671    .text               mf_w.l(dsqrt.o)
    0x08006eaa   0x08006eaa   0x00000056   Code   RO         1681    .text               mc_w.l(__dczerorl2.o)
    0x08006f00   0x08006f00   0x00000020   Code   RO         1519    i.__0printf         mc_w.l(printfa.o)
    0x08006f20   0x08006f20   0x00000028   Code   RO         1609    i.__ARM_fpclassify  m_ws.l(fpclassify.o)
    0x08006f48   0x08006f48   0x000000aa   Code   RO         1611    i.__kernel_poly     m_ws.l(poly.o)
    0x08006ff2   0x08006ff2   0x00000006   Code   RO         1596    i.__mathlib_dbl_infnan  m_ws.l(dunder.o)
    0x08006ff8   0x08006ff8   0x00000004   Code   RO         1597    i.__mathlib_dbl_infnan2  m_ws.l(dunder.o)
    0x08006ffc   0x08006ffc   0x0000000c   Code   RO         1598    i.__mathlib_dbl_invalid  m_ws.l(dunder.o)
    0x08007008   0x08007008   0x00000010   Code   RO         1601    i.__mathlib_dbl_underflow  m_ws.l(dunder.o)
    0x08007018   0x08007018   0x0000000e   Code   RO         1675    i.__scatterload_copy  mc_w.l(handlers.o)
    0x08007026   0x08007026   0x00000002   Code   RO         1676    i.__scatterload_null  mc_w.l(handlers.o)
    0x08007028   0x08007028   0x0000000e   Code   RO         1677    i.__scatterload_zeroinit  mc_w.l(handlers.o)
    0x08007036   0x08007036   0x00000002   PAD
    0x08007038   0x08007038   0x0000000c   Code   RO         1651    i.__set_errno       mc_w.l(errno.o)
    0x08007044   0x08007044   0x00000184   Code   RO         1526    i._fp_digits        mc_w.l(printfa.o)
    0x080071c8   0x080071c8   0x000006dc   Code   RO         1527    i._printf_core      mc_w.l(printfa.o)
    0x080078a4   0x080078a4   0x00000024   Code   RO         1528    i._printf_post_padding  mc_w.l(printfa.o)
    0x080078c8   0x080078c8   0x0000002e   Code   RO         1529    i._printf_pre_padding  mc_w.l(printfa.o)
    0x080078f6   0x080078f6   0x00000002   PAD
    0x080078f8   0x080078f8   0x00000270   Code   RO         1260    i.asin              m_ws.l(asin.o)
    0x08007b68   0x08007b68   0x00000220   Code   RO         1586    i.atan              m_ws.l(atan.o)
    0x08007d88   0x08007d88   0x00000180   Code   RO         1270    i.atan2             m_ws.l(atan2.o)
    0x08007f08   0x08007f08   0x00000012   Code   RO         1636    i.fputc             mc_w.l(fputc.o)
    0x08007f1a   0x08007f1a   0x0000004c   Code   RO         1615    i.sqrt              m_ws.l(sqrt.o)
    0x08007f66   0x08007f66   0x00000002   PAD
    0x08007f68   0x08007f68   0x00000050   Data   RO          418    .constdata          inv_mpu.o
    0x08007fb8   0x08007fb8   0x00000bf6   Data   RO          455    .constdata          inv_mpu_dmp_motion_driver.o
    0x08008bae   0x08008bae   0x00000818   Data   RO          487    .constdata          oled.o
    0x080093c6   0x080093c6   0x00000002   PAD
    0x080093c8   0x080093c8   0x00000050   Data   RO         1261    .constdata          m_ws.l(asin.o)
    0x08009418   0x08009418   0x00000098   Data   RO         1587    .constdata          m_ws.l(atan.o)
    0x080094b0   0x080094b0   0x00000008   Data   RO         1613    .constdata          m_ws.l(qnan.o)
    0x080094b8   0x080094b8   0x0000004d   Data   RO          419    .conststring        inv_mpu.o
    0x08009505   0x08009505   0x00000003   PAD
    0x08009508   0x08009508   0x00000020   Data   RO         1673    Region$$Table       anon$$obj.o


    Execution Region RW_IRAM1 (Exec base: 0x20000000, Load base: 0x08009528, Size: 0x00000870, Max: 0x00005000, ABSOLUTE, COMPRESSED[0x000001a4])

    Exec Addr    Load Addr    Size         Type   Attr      Idx    E Section Name        Object

    0x20000000   COMPRESSED   0x00000032   Data   RW            5    .data               main.o
    0x20000032   COMPRESSED   0x00000002   PAD
    0x20000034   COMPRESSED   0x00000014   Data   RW          220    .data               system_stm32f10x.o
    0x20000048   COMPRESSED   0x00000004   Data   RW          250    .data               delay.o
    0x2000004c   COMPRESSED   0x00000035   Data   RW          420    .data               inv_mpu.o
    0x20000081   COMPRESSED   0x00000380   Data   RW          488    .data               oled.o
    0x20000401   COMPRESSED   0x00000003   PAD
    0x20000404   COMPRESSED   0x0000003c   Data   RW          518    .data               control.o
    0x20000440   COMPRESSED   0x00000002   Data   RW          593    .data               motor.o
    0x20000442   COMPRESSED   0x00000014   Data   RW         1093    .data               stm32f10x_rcc.o
    0x20000456   COMPRESSED   0x00000002   PAD
    0x20000458   COMPRESSED   0x00000004   Data   RW         1638    .data               mc_w.l(stdout.o)
    0x2000045c   COMPRESSED   0x00000004   Data   RW         1652    .data               mc_w.l(errno.o)
    0x20000460        -       0x00000010   Zero   RW          454    .bss                inv_mpu_dmp_motion_driver.o
    0x20000470        -       0x00000400   Zero   RW          698    STACK               startup_stm32f10x_md.o


==============================================================================

Image component sizes


      Code (inc. data)   RO Data    RW Data    ZI Data      Debug   Object Name

       496         96          0         60          0       2044   control.o
       212         18          0          4          0     206539   delay.o
       412         10          0          0          0       1477   encoder.o
        80          6          0          0          0        524   exti.o
      8840        198        157         53          0      23925   inv_mpu.o
      3440        126       3062          0         16      15367   inv_mpu_dmp_motion_driver.o
        96          6          0          0          0        635   key.o
       144         10          0         50          0      43072   main.o
       220         22          0          0          0       1753   misc.o
       424         28          0          2          0       1968   motor.o
       872         18          0          0          0       4339   mpu6050.o
       580         14          0          0          0       2038   mpuiic.o
      3092         34       2072        896          0      10215   oled.o
       172         10          0          0          0        712   pwm.o
        36          8        236          0       1024        768   startup_stm32f10x_md.o
       284         10          0          0          0       2207   stm32f10x_exti.o
       860         38          0          0          0       5685   stm32f10x_gpio.o
        26          0          0          0          0       1166   stm32f10x_it.o
       932         36          0         20          0       8840   stm32f10x_rcc.o
      3610         88          0          0          0      22792   stm32f10x_tim.o
        68          0          0          0          0        478   sys.o
       480         38          0         20          0       1671   system_stm32f10x.o

    ----------------------------------------------------------------------
     25378        814       5564       1112       1040     358215   Object Totals
         0          0         32          0          0          0   (incl. Generated)
         2          0          5          7          0          0   (incl. Padding)

    ----------------------------------------------------------------------

      Code (inc. data)   RO Data    RW Data    ZI Data      Debug   Library Member Name

       624         52         80          0          0        168   asin.o
       544         70        152          0          0        124   atan.o
       384         38          0          0          0        144   atan2.o
        38          6          0          0          0        272   dunder.o
        40          0          0          0          0         68   fpclassify.o
       170          0          0          0          0         96   poly.o
         0          0          8          0          0          0   qnan.o
        76          0          0          0          0         84   sqrt.o
        86          0          0          0          0          0   __dczerorl2.o
         0          0          0          0          0          0   entry.o
         0          0          0          0          0          0   entry10a.o
         0          0          0          0          0          0   entry11a.o
         8          4          0          0          0          0   entry2.o
         4          0          0          0          0          0   entry5.o
         0          0          0          0          0          0   entry7b.o
         0          0          0          0          0          0   entry8b.o
         8          4          0          0          0          0   entry9a.o
        12          6          0          4          0         68   errno.o
        18          0          0          0          0         80   fputc.o
        30          0          0          0          0          0   handlers.o
        36          8          0          0          0         68   init.o
         0          0          0          0          0          0   iusefp.o
         0          0          0          0          0          0   iusesemip.o
        98          0          0          0          0         84   ldiv.o
        30          0          0          0          0         68   llshl.o
        36          0          0          0          0         68   llsshr.o
        32          0          0          0          0         68   llushr.o
        26          0          0          0          0         80   memcmp.o
        36          0          0          0          0        108   memseta.o
      2258         90          0          0          0        452   printfa.o
         0          0          0          0          0          0   semi.o
         0          0          0          4          0          0   stdout.o
        44          0          0          0          0         80   uidiv.o
        98          0          0          0          0         92   uldiv.o
        48          0          0          0          0         68   cdcmple.o
        48          0          0          0          0         68   cdrcmple.o
        20          0          0          0          0         68   cfcmple.o
        20          0          0          0          0         68   cfrcmple.o
        56          0          0          0          0         88   d2f.o
       334          0          0          0          0        148   dadd.o
       222          0          0          0          0        100   ddiv.o
       186          0          0          0          0        176   depilogue.o
        62          0          0          0          0         80   dfixi.o
        50          0          0          0          0         76   dfixui.o
        48          0          0          0          0         68   dfixul.o
        34          0          0          0          0         76   dflti.o
        26          0          0          0          0         76   dfltui.o
       228          0          0          0          0         96   dmul.o
        46          0          0          0          0         80   dscalb.o
       162          0          0          0          0        100   dsqrt.o
        38          0          0          0          0         68   f2d.o
       176          0          0          0          0        140   fadd.o
       124          0          0          0          0         88   fdiv.o
       110          0          0          0          0        168   fepilogue.o
        50          0          0          0          0         68   ffixi.o
        40          0          0          0          0         68   ffixui.o
        18          0          0          0          0         68   fflti.o
        10          0          0          0          0         68   ffltui.o
       100          0          0          0          0         76   fmul.o

    ----------------------------------------------------------------------
      7002        278        240          8          0       4520   Library Totals
        10          0          0          0          0          0   (incl. Padding)

    ----------------------------------------------------------------------

      Code (inc. data)   RO Data    RW Data    ZI Data      Debug   Library Name

      1876        166        240          0          0        956   m_ws.l
      2860        112          0          8          0       1316   mc_w.l
      2256          0          0          0          0       2248   mf_w.l

    ----------------------------------------------------------------------
      7002        278        240          8          0       4520   Library Totals

    ----------------------------------------------------------------------

==============================================================================


      Code (inc. data)   RO Data    RW Data    ZI Data      Debug   

     32380       1092       5804       1120       1040     358755   Grand Totals
     32380       1092       5804        420       1040     358755   ELF Image Totals (compressed)
     32380       1092       5804        420          0          0   ROM Totals

==============================================================================

    Total RO  Size (Code + RO Data)                38184 (  37.29kB)
    Total RW  Size (RW Data + ZI Data)              2160 (   2.11kB)
    Total ROM Size (Code + RO Data + RW Data)      38604 (  37.70kB)

==============================================================================

