Component: ARM Compiler 5.06 update 5 (build 528) Tool: armlink [4d35e2]

==============================================================================

Section Cross References

    startup_stm32f10x_md.o(STACK) refers (Special) to heapauxi.o(.text) for __use_two_region_memory
    startup_stm32f10x_md.o(HEAP) refers (Special) to heapauxi.o(.text) for __use_two_region_memory
    startup_stm32f10x_md.o(RESET) refers (Special) to heapauxi.o(.text) for __use_two_region_memory
    startup_stm32f10x_md.o(RESET) refers to startup_stm32f10x_md.o(STACK) for __initial_sp
    startup_stm32f10x_md.o(RESET) refers to startup_stm32f10x_md.o(.text) for Reset_Handler
    startup_stm32f10x_md.o(RESET) refers to stm32f10x_it.o(i.NMI_Handler) for NMI_Handler
    startup_stm32f10x_md.o(RESET) refers to stm32f10x_it.o(i.HardFault_Handler) for HardFault_Handler
    startup_stm32f10x_md.o(RESET) refers to stm32f10x_it.o(i.MemManage_Handler) for MemManage_Handler
    startup_stm32f10x_md.o(RESET) refers to stm32f10x_it.o(i.BusFault_Handler) for BusFault_Handler
    startup_stm32f10x_md.o(RESET) refers to stm32f10x_it.o(i.UsageFault_Handler) for UsageFault_Handler
    startup_stm32f10x_md.o(RESET) refers to stm32f10x_it.o(i.SVC_Handler) for SVC_Handler
    startup_stm32f10x_md.o(RESET) refers to stm32f10x_it.o(i.DebugMon_Handler) for DebugMon_Handler
    startup_stm32f10x_md.o(RESET) refers to stm32f10x_it.o(i.PendSV_Handler) for PendSV_Handler
    startup_stm32f10x_md.o(RESET) refers to stm32f10x_it.o(i.SysTick_Handler) for SysTick_Handler
    startup_stm32f10x_md.o(.text) refers (Special) to heapauxi.o(.text) for __use_two_region_memory
    startup_stm32f10x_md.o(.text) refers to system_stm32f10x.o(i.SystemInit) for SystemInit
    startup_stm32f10x_md.o(.text) refers to __main.o(!!!main) for __main
    startup_stm32f10x_md.o(.text) refers to startup_stm32f10x_md.o(HEAP) for Heap_Mem
    startup_stm32f10x_md.o(.text) refers to startup_stm32f10x_md.o(STACK) for Stack_Mem
    system_stm32f10x.o(i.SetSysClock) refers to system_stm32f10x.o(i.SetSysClockTo72) for SetSysClockTo72
    system_stm32f10x.o(i.SystemCoreClockUpdate) refers to system_stm32f10x.o(.data) for SystemCoreClock
    system_stm32f10x.o(i.SystemInit) refers to system_stm32f10x.o(i.SetSysClock) for SetSysClock
    stm32f10x_adc.o(i.ADC_DeInit) refers to stm32f10x_rcc.o(i.RCC_APB2PeriphResetCmd) for RCC_APB2PeriphResetCmd
    stm32f10x_bkp.o(i.BKP_DeInit) refers to stm32f10x_rcc.o(i.RCC_BackupResetCmd) for RCC_BackupResetCmd
    stm32f10x_can.o(i.CAN_DeInit) refers to stm32f10x_rcc.o(i.RCC_APB1PeriphResetCmd) for RCC_APB1PeriphResetCmd
    stm32f10x_can.o(i.CAN_GetITStatus) refers to stm32f10x_can.o(i.CheckITStatus) for CheckITStatus
    stm32f10x_cec.o(i.CEC_DeInit) refers to stm32f10x_rcc.o(i.RCC_APB1PeriphResetCmd) for RCC_APB1PeriphResetCmd
    stm32f10x_dac.o(i.DAC_DeInit) refers to stm32f10x_rcc.o(i.RCC_APB1PeriphResetCmd) for RCC_APB1PeriphResetCmd
    stm32f10x_flash.o(i.FLASH_EnableWriteProtection) refers to stm32f10x_flash.o(i.FLASH_WaitForLastOperation) for FLASH_WaitForLastOperation
    stm32f10x_flash.o(i.FLASH_EraseAllBank1Pages) refers to stm32f10x_flash.o(i.FLASH_WaitForLastBank1Operation) for FLASH_WaitForLastBank1Operation
    stm32f10x_flash.o(i.FLASH_EraseAllPages) refers to stm32f10x_flash.o(i.FLASH_WaitForLastOperation) for FLASH_WaitForLastOperation
    stm32f10x_flash.o(i.FLASH_EraseOptionBytes) refers to stm32f10x_flash.o(i.FLASH_GetReadOutProtectionStatus) for FLASH_GetReadOutProtectionStatus
    stm32f10x_flash.o(i.FLASH_EraseOptionBytes) refers to stm32f10x_flash.o(i.FLASH_WaitForLastOperation) for FLASH_WaitForLastOperation
    stm32f10x_flash.o(i.FLASH_ErasePage) refers to stm32f10x_flash.o(i.FLASH_WaitForLastOperation) for FLASH_WaitForLastOperation
    stm32f10x_flash.o(i.FLASH_ProgramHalfWord) refers to stm32f10x_flash.o(i.FLASH_WaitForLastOperation) for FLASH_WaitForLastOperation
    stm32f10x_flash.o(i.FLASH_ProgramOptionByteData) refers to stm32f10x_flash.o(i.FLASH_WaitForLastOperation) for FLASH_WaitForLastOperation
    stm32f10x_flash.o(i.FLASH_ProgramWord) refers to stm32f10x_flash.o(i.FLASH_WaitForLastOperation) for FLASH_WaitForLastOperation
    stm32f10x_flash.o(i.FLASH_ReadOutProtection) refers to stm32f10x_flash.o(i.FLASH_WaitForLastOperation) for FLASH_WaitForLastOperation
    stm32f10x_flash.o(i.FLASH_UserOptionByteConfig) refers to stm32f10x_flash.o(i.FLASH_WaitForLastOperation) for FLASH_WaitForLastOperation
    stm32f10x_flash.o(i.FLASH_WaitForLastBank1Operation) refers to stm32f10x_flash.o(i.FLASH_GetBank1Status) for FLASH_GetBank1Status
    stm32f10x_flash.o(i.FLASH_WaitForLastOperation) refers to stm32f10x_flash.o(i.FLASH_GetBank1Status) for FLASH_GetBank1Status
    stm32f10x_gpio.o(i.GPIO_AFIODeInit) refers to stm32f10x_rcc.o(i.RCC_APB2PeriphResetCmd) for RCC_APB2PeriphResetCmd
    stm32f10x_gpio.o(i.GPIO_DeInit) refers to stm32f10x_rcc.o(i.RCC_APB2PeriphResetCmd) for RCC_APB2PeriphResetCmd
[...]
    Removing stm32f10x_sdio.o(i.SDIO_CommandCompletionCmd), (12 bytes).
    Removing stm32f10x_sdio.o(i.SDIO_DMACmd), (12 bytes).
    Removing stm32f10x_sdio.o(i.SDIO_DataConfig), (48 bytes).
    Removing stm32f10x_sdio.o(i.SDIO_DataStructInit), (20 bytes).
    Removing stm32f10x_sdio.o(i.SDIO_DeInit), (36 bytes).
    Removing stm32f10x_sdio.o(i.SDIO_GetCommandResponse), (12 bytes).
    Removing stm32f10x_sdio.o(i.SDIO_GetDataCounter), (12 bytes).
    Removing stm32f10x_sdio.o(i.SDIO_GetFIFOCount), (12 bytes).
    Removing stm32f10x_sdio.o(i.SDIO_GetFlagStatus), (24 bytes).
    Removing stm32f10x_sdio.o(i.SDIO_GetITStatus), (24 bytes).
    Removing stm32f10x_sdio.o(i.SDIO_GetPowerState), (16 bytes).
    Removing stm32f10x_sdio.o(i.SDIO_GetResponse), (24 bytes).
    Removing stm32f10x_sdio.o(i.SDIO_ITConfig), (32 bytes).
    Removing stm32f10x_sdio.o(i.SDIO_Init), (48 bytes).
    Removing stm32f10x_sdio.o(i.SDIO_ReadData), (12 bytes).
    Removing stm32f10x_sdio.o(i.SDIO_SendCEATACmd), (12 bytes).
    Removing stm32f10x_sdio.o(i.SDIO_SendCommand), (44 bytes).
    Removing stm32f10x_sdio.o(i.SDIO_SendSDIOSuspendCmd), (12 bytes).
    Removing stm32f10x_sdio.o(i.SDIO_SetPowerState), (28 bytes).
    Removing stm32f10x_sdio.o(i.SDIO_SetSDIOOperation), (12 bytes).
    Removing stm32f10x_sdio.o(i.SDIO_SetSDIOReadWaitMode), (12 bytes).
    Removing stm32f10x_sdio.o(i.SDIO_StartSDIOReadWait), (12 bytes).
    Removing stm32f10x_sdio.o(i.SDIO_StopSDIOReadWait), (12 bytes).
    Removing stm32f10x_sdio.o(i.SDIO_StructInit), (16 bytes).
    Removing stm32f10x_sdio.o(i.SDIO_WriteData), (12 bytes).
    Removing stm32f10x_spi.o(i.I2S_Cmd), (24 bytes).
    Removing stm32f10x_spi.o(i.I2S_Init), (232 bytes).
    Removing stm32f10x_spi.o(i.I2S_StructInit), (20 bytes).
    Removing stm32f10x_spi.o(i.SPI_BiDirectionalLineConfig), (28 bytes).
    Removing stm32f10x_spi.o(i.SPI_CalculateCRC), (24 bytes).
    Removing stm32f10x_spi.o(i.SPI_Cmd), (24 bytes).
    Removing stm32f10x_spi.o(i.SPI_DataSizeConfig), (18 bytes).
    Removing stm32f10x_spi.o(i.SPI_GetCRC), (16 bytes).
    Removing stm32f10x_spi.o(i.SPI_GetCRCPolynomial), (6 bytes).
    Removing stm32f10x_spi.o(i.SPI_I2S_ClearFlag), (6 bytes).
    Removing stm32f10x_spi.o(i.SPI_I2S_ClearITPendingBit), (20 bytes).
    Removing stm32f10x_spi.o(i.SPI_I2S_DMACmd), (18 bytes).
    Removing stm32f10x_spi.o(i.SPI_I2S_DeInit), (88 bytes).
    Removing stm32f10x_spi.o(i.SPI_I2S_GetFlagStatus), (18 bytes).
    Removing stm32f10x_spi.o(i.SPI_I2S_GetITStatus), (52 bytes).
    Removing stm32f10x_spi.o(i.SPI_I2S_ITConfig), (32 bytes).
    Removing stm32f10x_spi.o(i.SPI_I2S_ReceiveData), (6 bytes).
    Removing stm32f10x_spi.o(i.SPI_I2S_SendData), (4 bytes).
    Removing stm32f10x_spi.o(i.SPI_Init), (60 bytes).
    Removing stm32f10x_spi.o(i.SPI_NSSInternalSoftwareConfig), (30 bytes).
    Removing stm32f10x_spi.o(i.SPI_SSOutputCmd), (24 bytes).
    Removing stm32f10x_spi.o(i.SPI_StructInit), (24 bytes).
    Removing stm32f10x_spi.o(i.SPI_TransmitCRC), (10 bytes).
    Removing stm32f10x_tim.o(i.TIM_ARRPreloadConfig), (24 bytes).
    Removing stm32f10x_tim.o(i.TIM_BDTRConfig), (32 bytes).
    Removing stm32f10x_tim.o(i.TIM_BDTRStructInit), (18 bytes).
    Removing stm32f10x_tim.o(i.TIM_CCPreloadControl), (24 bytes).
    Removing stm32f10x_tim.o(i.TIM_CCxCmd), (30 bytes).
    Removing stm32f10x_tim.o(i.TIM_CCxNCmd), (30 bytes).
    Removing stm32f10x_tim.o(i.TIM_ClearFlag), (6 bytes).
    Removing stm32f10x_tim.o(i.TIM_ClearITPendingBit), (6 bytes).
    Removing stm32f10x_tim.o(i.TIM_ClearOC1Ref), (18 bytes).
    Removing stm32f10x_tim.o(i.TIM_ClearOC2Ref), (24 bytes).
    Removing stm32f10x_tim.o(i.TIM_ClearOC3Ref), (18 bytes).
    Removing stm32f10x_tim.o(i.TIM_ClearOC4Ref), (24 bytes).
    Removing stm32f10x_tim.o(i.TIM_CounterModeConfig), (18 bytes).
    Removing stm32f10x_tim.o(i.TIM_DMACmd), (18 bytes).
    Removing stm32f10x_tim.o(i.TIM_DMAConfig), (10 bytes).
    Removing stm32f10x_tim.o(i.TIM_DeInit), (488 bytes).
    Removing stm32f10x_tim.o(i.TIM_ETRClockMode1Config), (54 bytes).
    Removing stm32f10x_tim.o(i.TIM_ETRClockMode2Config), (32 bytes).
    Removing stm32f10x_tim.o(i.TIM_ETRConfig), (28 bytes).
    Removing stm32f10x_tim.o(i.TIM_ForcedOC1Config), (18 bytes).
    Removing stm32f10x_tim.o(i.TIM_ForcedOC2Config), (26 bytes).
    Removing stm32f10x_tim.o(i.TIM_ForcedOC3Config), (18 bytes).
    Removing stm32f10x_tim.o(i.TIM_ForcedOC4Config), (26 bytes).
    Removing stm32f10x_tim.o(i.TIM_GenerateEvent), (4 bytes).
    Removing stm32f10x_tim.o(i.TIM_GetCapture1), (6 bytes).
    Removing stm32f10x_tim.o(i.TIM_GetCapture2), (6 bytes).
    Removing stm32f10x_tim.o(i.TIM_GetCapture3), (6 bytes).
    Removing stm32f10x_tim.o(i.TIM_GetCapture4), (8 bytes).
    Removing stm32f10x_tim.o(i.TIM_GetFlagStatus), (18 bytes).
    Removing stm32f10x_tim.o(i.TIM_GetITStatus), (34 bytes).
    Removing stm32f10x_tim.o(i.TIM_GetPrescaler), (6 bytes).
    Removing stm32f10x_tim.o(i.TIM_ITConfig), (18 bytes).
    Removing stm32f10x_tim.o(i.TIM_ITRxExternalClockConfig), (24 bytes).
    Removing stm32f10x_tim.o(i.TIM_InternalClockConfig), (12 bytes).
    Removing stm32f10x_tim.o(i.TIM_OC1FastConfig), (18 bytes).
    Removing stm32f10x_tim.o(i.TIM_OC1NPolarityConfig), (18 bytes).
    Removing stm32f10x_tim.o(i.TIM_OC1PolarityConfig), (18 bytes).
    Removing stm32f10x_tim.o(i.TIM_OC2FastConfig), (26 bytes).
    Removing stm32f10x_tim.o(i.TIM_OC2Init), (164 bytes).
    Removing stm32f10x_tim.o(i.TIM_OC2NPolarityConfig), (26 bytes).
    Removing stm32f10x_tim.o(i.TIM_OC2PolarityConfig), (26 bytes).
    Removing stm32f10x_tim.o(i.TIM_OC2PreloadConfig), (26 bytes).
    Removing stm32f10x_tim.o(i.TIM_OC3FastConfig), (18 bytes).
    Removing stm32f10x_tim.o(i.TIM_OC3Init), (160 bytes).
    Removing stm32f10x_tim.o(i.TIM_OC3NPolarityConfig), (26 bytes).
    Removing stm32f10x_tim.o(i.TIM_OC3PolarityConfig), (26 bytes).
    Removing stm32f10x_tim.o(i.TIM_OC3PreloadConfig), (18 bytes).
    Removing stm32f10x_tim.o(i.TIM_OC4FastConfig), (26 bytes).
    Removing stm32f10x_tim.o(i.TIM_OC4PolarityConfig), (26 bytes).
    Removing stm32f10x_tim.o(i.TIM_PWMIConfig), (124 bytes).
    Removing stm32f10x_tim.o(i.TIM_PrescalerConfig), (6 bytes).
    Removing stm32f10x_tim.o(i.TIM_SelectCCDMA), (24 bytes).
    Removing stm32f10x_tim.o(i.TIM_SelectCOM), (24 bytes).
    Removing stm32f10x_tim.o(i.TIM_SelectHallSensor), (24 bytes).
    Removing stm32f10x_tim.o(i.TIM_SelectInputTrigger), (18 bytes).
    Removing stm32f10x_tim.o(i.TIM_SelectMasterSlaveMode), (18 bytes).
    Removing stm32f10x_tim.o(i.TIM_SelectOCxM), (82 bytes).
    Removing stm32f10x_tim.o(i.TIM_SelectOnePulseMode), (18 bytes).
    Removing stm32f10x_tim.o(i.TIM_SelectOutputTrigger), (18 bytes).
    Removing stm32f10x_tim.o(i.TIM_SelectSlaveMode), (18 bytes).
    Removing stm32f10x_tim.o(i.TIM_SetAutoreload), (4 bytes).
    Removing stm32f10x_tim.o(i.TIM_SetClockDivision), (18 bytes).
    Removing stm32f10x_tim.o(i.TIM_SetCompare2), (4 bytes).
    Removing stm32f10x_tim.o(i.TIM_SetCompare3), (4 bytes).
    Removing stm32f10x_tim.o(i.TIM_TIxExternalClockConfig), (62 bytes).
    Removing stm32f10x_tim.o(i.TIM_UpdateDisableConfig), (24 bytes).
    Removing stm32f10x_tim.o(i.TIM_UpdateRequestConfig), (24 bytes).
    Removing stm32f10x_usart.o(i.USART_ClearFlag), (18 bytes).
    Removing stm32f10x_usart.o(i.USART_ClearITPendingBit), (30 bytes).
    Removing stm32f10x_usart.o(i.USART_ClockInit), (34 bytes).
    Removing stm32f10x_usart.o(i.USART_ClockStructInit), (12 bytes).
    Removing stm32f10x_usart.o(i.USART_Cmd), (24 bytes).
    Removing stm32f10x_usart.o(i.USART_DMACmd), (18 bytes).
    Removing stm32f10x_usart.o(i.USART_DeInit), (156 bytes).
    Removing stm32f10x_usart.o(i.USART_GetFlagStatus), (26 bytes).
    Removing stm32f10x_usart.o(i.USART_GetITStatus), (84 bytes).
    Removing stm32f10x_usart.o(i.USART_HalfDuplexCmd), (24 bytes).
    Removing stm32f10x_usart.o(i.USART_ITConfig), (74 bytes).
    Removing stm32f10x_usart.o(i.USART_Init), (216 bytes).
    Removing stm32f10x_usart.o(i.USART_IrDACmd), (24 bytes).
    Removing stm32f10x_usart.o(i.USART_IrDAConfig), (18 bytes).
    Removing stm32f10x_usart.o(i.USART_LINBreakDetectLengthConfig), (18 bytes).
    Removing stm32f10x_usart.o(i.USART_LINCmd), (24 bytes).
    Removing stm32f10x_usart.o(i.USART_OneBitMethodCmd), (24 bytes).
    Removing stm32f10x_usart.o(i.USART_OverSampling8Cmd), (22 bytes).
    Removing stm32f10x_usart.o(i.USART_ReceiveData), (10 bytes).
    Removing stm32f10x_usart.o(i.USART_ReceiverWakeUpCmd), (24 bytes).
    Removing stm32f10x_usart.o(i.USART_SendBreak), (10 bytes).
    Removing stm32f10x_usart.o(i.USART_SendData), (8 bytes).
    Removing stm32f10x_usart.o(i.USART_SetAddress), (18 bytes).
    Removing stm32f10x_usart.o(i.USART_SetGuardTime), (16 bytes).
    Removing stm32f10x_usart.o(i.USART_SetPrescaler), (16 bytes).
    Removing stm32f10x_usart.o(i.USART_SmartCardCmd), (24 bytes).
    Removing stm32f10x_usart.o(i.USART_SmartCardNACKCmd), (24 bytes).
    Removing stm32f10x_usart.o(i.USART_StructInit), (24 bytes).
    Removing stm32f10x_usart.o(i.USART_WakeUpConfig), (18 bytes).
    Removing stm32f10x_wwdg.o(i.WWDG_ClearFlag), (12 bytes).
    Removing stm32f10x_wwdg.o(i.WWDG_DeInit), (22 bytes).
    Removing stm32f10x_wwdg.o(i.WWDG_Enable), (16 bytes).
    Removing stm32f10x_wwdg.o(i.WWDG_EnableIT), (12 bytes).
    Removing stm32f10x_wwdg.o(i.WWDG_GetFlagStatus), (12 bytes).
    Removing stm32f10x_wwdg.o(i.WWDG_SetCounter), (16 bytes).
    Removing stm32f10x_wwdg.o(i.WWDG_SetPrescaler), (24 bytes).
    Removing stm32f10x_wwdg.o(i.WWDG_SetWindowValue), (40 bytes).
    Removing delay.o(i._Z7Delay_sj), (24 bytes).
    Removing delay.o(.ARM.exidx), (8 bytes).
    Removing delay.o(.ARM.exidx), (8 bytes).
    Removing delay.o(.ARM.exidx), (8 bytes).
    Removing sys_1.o(.emb_text), (12 bytes).
    Removing sys_1.o(i._Z11Sys_Standbyv), (76 bytes).
    Removing sys_1.o(i._Z12MYRCC_DeInitv), (104 bytes).
    Removing sys_1.o(i._Z12MY_NVIC_Inithhhh), (120 bytes).
    Removing sys_1.o(i._Z14Ex_NVIC_Confighhh), (160 bytes).
    Removing sys_1.o(i._Z14Sys_Soft_Resetv), (16 bytes).
    Removing sys_1.o(i._Z16Stm32_Clock_Inith), (144 bytes).
    Removing sys_1.o(i._Z22MY_NVIC_SetVectorTablejj), (20 bytes).
    Removing sys_1.o(i._Z27MY_NVIC_PriorityGroupConfigh), (40 bytes).
    Removing sys_1.o(i._Z8JTAG_Seth), (48 bytes).
    Removing sys_1.o(.ARM.exidx), (8 bytes).
    Removing sys_1.o(.ARM.exidx), (8 bytes).
    Removing sys_1.o(.ARM.exidx), (8 bytes).
    Removing sys_1.o(.ARM.exidx), (8 bytes).
    Removing sys_1.o(.ARM.exidx), (8 bytes).
    Removing sys_1.o(.ARM.exidx), (8 bytes).
    Removing sys_1.o(.ARM.exidx), (8 bytes).
    Removing sys_1.o(.ARM.exidx), (8 bytes).
    Removing sys_1.o(.ARM.exidx), (8 bytes).
    Removing io_core.o(i._ZN7encoder5RightERs), (30 bytes).
    Removing io_core.o(.ARM.exidx), (8 bytes).
    Removing io_core.o(.ARM.exidx), (8 bytes).
    Removing io_core.o(.ARM.exidx), (8 bytes).
    Removing io_core.o(.ARM.exidx), (8 bytes).
    Removing io_core.o(.ARM.exidx), (8 bytes).
    Removing io_core.o(.ARM.exidx), (8 bytes).
    Removing io_core.o(.ARM.exidx), (8 bytes).
    Removing io_core.o(.ARM.exidx), (8 bytes).
    Removing io_core.o(.ARM.exidx), (8 bytes).
    Removing io_core.o(.ARM.exidx), (8 bytes).
    Removing io_core.o(.ARM.exidx), (8 bytes).
    Removing io_core.o(.ARM.exidx), (8 bytes).
    Removing key.o(i._Z10Key_GetNumv), (92 bytes).
    Removing key.o(i._Z8Key_Initv), (44 bytes).
    Removing key.o(.ARM.exidx), (8 bytes).
    Removing key.o(.ARM.exidx), (8 bytes).
    Removing led.o(i._Z7LED1_ONv), (16 bytes).
    Removing led.o(i._Z7LED2_ONv), (16 bytes).
    Removing led.o(i._Z8LED1_OFFv), (16 bytes).
    Removing led.o(i._Z8LED2_OFFv), (16 bytes).
    Removing led.o(i._Z9LED1_Turnv), (36 bytes).
    Removing led.o(i._Z9LED2_Turnv), (36 bytes).
    Removing led.o(.ARM.exidx), (8 bytes).
    Removing led.o(.ARM.exidx), (8 bytes).
    Removing led.o(.ARM.exidx), (8 bytes).
    Removing led.o(.ARM.exidx), (8 bytes).
    Removing led.o(.ARM.exidx), (8 bytes).
    Removing led.o(.ARM.exidx), (8 bytes).
    Removing led.o(.ARM.exidx), (8 bytes).
    Removing oled.o(i._ZN4OLED10ShowBinNumEhhjh), (68 bytes).
    Removing oled.o(i._ZN4OLED10ShowHexNumEhhjh), (96 bytes).
    Removing oled.o(i._ZN4OLED10ShowStringEhhPc), (44 bytes).
    Removing oled.o(i._ZN4OLED13ShowSignedNumEhhih), (114 bytes).
    Removing oled.o(.ARM.exidx), (8 bytes).
    Removing oled.o(.ARM.exidx), (8 bytes).
    Removing oled.o(.ARM.exidx), (8 bytes).
    Removing oled.o(.ARM.exidx), (8 bytes).
    Removing oled.o(.ARM.exidx), (8 bytes).
    Removing oled.o(.ARM.exidx), (8 bytes).
    Removing oled.o(.ARM.exidx), (8 bytes).
    Removing oled.o(.ARM.exidx), (8 bytes).
    Removing oled.o(.ARM.exidx), (8 bytes).
    Removing oled.o(.ARM.exidx), (8 bytes).
    Removing oled.o(.ARM.exidx), (8 bytes).
    Removing oled.o(.ARM.exidx), (8 bytes).
    Removing oled.o(.ARM.exidx), (8 bytes).
    Removing oled.o(.ARM.exidx), (8 bytes).
    Removing oled.o(.ARM.exidx), (8 bytes).
    Removing oled.o(.ARM.exidx), (8 bytes).
    Removing control.o(i._ZN5wheel5BreakEv), (24 bytes).
    Removing control.o(.ARM.exidx), (8 bytes).
    Removing control.o(.ARM.exidx), (8 bytes).
    Removing control.o(.ARM.exidx), (8 bytes).
    Removing control.o(.ARM.exidx), (8 bytes).
    Removing mpu6050.o(i._ZN7MPU60503I2C11ReceiveByteEv), (62 bytes).
    Removing mpu6050.o(i._ZN7MPU60503I2C7SendAckEh), (32 bytes).
    Removing mpu6050.o(i._ZN7MPU60505GetIDEv), (14 bytes).
    Removing mpu6050.o(i._ZN7MPU60507GetDataEPsS0_S0_S0_S0_S0_), (198 bytes).
    Removing mpu6050.o(i._ZN7MPU60507GetDataEv), (174 bytes).
    Removing mpu6050.o(i._ZN7MPU60507ReadRegEh), (86 bytes).
    Removing mpu6050.o(.ARM.exidx), (8 bytes).
    Removing mpu6050.o(.ARM.exidx), (8 bytes).
    Removing mpu6050.o(.ARM.exidx), (8 bytes).
    Removing mpu6050.o(.ARM.exidx), (8 bytes).
    Removing mpu6050.o(.ARM.exidx), (8 bytes).
    Removing mpu6050.o(.ARM.exidx), (8 bytes).
    Removing mpu6050.o(.ARM.exidx), (8 bytes).
    Removing mpu6050.o(.ARM.exidx), (8 bytes).
    Removing mpu6050.o(.ARM.exidx), (8 bytes).
    Removing mpu6050.o(.ARM.exidx), (8 bytes).
    Removing mpu6050.o(.ARM.exidx), (8 bytes).
    Removing mpu6050.o(.ARM.exidx), (8 bytes).
    Removing mpu6050.o(.ARM.exidx), (8 bytes).
    Removing mpu6050.o(.ARM.exidx), (8 bytes).
    Removing mpu6050.o(.ARM.exidx), (8 bytes).
    Removing mpu6050.o(.ARM.exidx), (8 bytes).
    Removing mian.o(.ARM.exidx), (8 bytes).
    Removing mian.o(.ARM.exidx), (8 bytes).
    Removing pivot.o(.ARM.exidx), (8 bytes).
    Removing oled.o(.ARM.exidx), (8 bytes).
    Removing oled.o(.ARM.exidx), (8 bytes).

551 unused section(s) (total 20092 bytes) removed from the image.

==============================================================================

Image Symbol Table

    Local Symbols

    Symbol Name                              Value     Ov Type        Size  Object(Section)

    ../clib/angel/boardlib.s                 0x00000000   Number         0  boardinit3.o ABSOLUTE
    ../clib/angel/boardlib.s                 0x00000000   Number         0  boardinit1.o ABSOLUTE
    ../clib/angel/boardlib.s                 0x00000000   Number         0  boardinit2.o ABSOLUTE
    ../clib/angel/boardlib.s                 0x00000000   Number         0  boardshut.o ABSOLUTE
    ../clib/angel/handlers.s                 0x00000000   Number         0  __scatter_zi.o ABSOLUTE
    ../clib/angel/kernel.s                   0x00000000   Number         0  rtexit.o ABSOLUTE
    ../clib/angel/kernel.s                   0x00000000   Number         0  rtexit2.o ABSOLUTE
    ../clib/angel/kernel.s                   0x00000000   Number         0  __rtentry2.o ABSOLUTE
    ../clib/angel/kernel.s                   0x00000000   Number         0  __rtentry.o ABSOLUTE
    ../clib/angel/kernel.s                   0x00000000   Number         0  __rtentry4.o ABSOLUTE
    ../clib/angel/rt.s                       0x00000000   Number         0  rt_raise.o ABSOLUTE
    ../clib/angel/scatter.s                  0x00000000   Number         0  __scatter.o ABSOLUTE
    ../clib/angel/startup.s                  0x00000000   Number         0  __main.o ABSOLUTE
    ../clib/angel/sys.s                      0x00000000   Number         0  indicate_semi.o ABSOLUTE
    ../clib/angel/sys.s                      0x00000000   Number         0  sys_stackheap_outer.o ABSOLUTE
    ../clib/angel/sys.s                      0x00000000   Number         0  libspace.o ABSOLUTE
    ../clib/angel/sys.s                      0x00000000   Number         0  use_no_semi.o ABSOLUTE
    ../clib/angel/sysapp.c                   0x00000000   Number         0  sys_exit.o ABSOLUTE
    ../clib/angel/sysapp.c                   0x00000000   Number         0  sys_command.o ABSOLUTE
    ../clib/angel/sysapp.c                   0x00000000   Number         0  sys_wrch.o ABSOLUTE
    ../clib/arm_runtime.c                    0x00000000   Number         0  init_aeabi.o ABSOLUTE
    ../clib/arm_runtime.c                    0x00000000   Number         0  init_aeabi.o ABSOLUTE
    ../clib/armsys.c                         0x00000000   Number         0  no_argv.o ABSOLUTE
    ../clib/armsys.c                         0x00000000   Number         0  _get_argv_nomalloc.o ABSOLUTE
    ../clib/armsys.c                         0x00000000   Number         0  argv_veneer.o ABSOLUTE
    ../clib/armsys.c                         0x00000000   Number         0  argv_veneer.o ABSOLUTE
    ../clib/assert.c                         0x00000000   Number         0  assert.o ABSOLUTE
    ../clib/assert.c                         0x00000000   Number         0  assert_puts.o ABSOLUTE
    ../clib/heapalloc.c                      0x00000000   Number         0  hrguard.o ABSOLUTE
    ../clib/heapaux.c                        0x00000000   Number         0  heapauxi.o ABSOLUTE
    ../clib/libinit.s                        0x00000000   Number         0  libshutdown2.o ABSOLUTE
    ../clib/libinit.s                        0x00000000   Number         0  libshutdown.o ABSOLUTE
    ../clib/libinit.s                        0x00000000   Number         0  libinit.o ABSOLUTE
    ../clib/libinit.s                        0x00000000   Number         0  libinit2.o ABSOLUTE
    ../clib/signal.c                         0x00000000   Number         0  defsig_general.o ABSOLUTE
    ../clib/signal.c                         0x00000000   Number         0  defsig_cppl_inner.o ABSOLUTE
    ../clib/signal.c                         0x00000000   Number         0  defsig_rtmem_outer.o ABSOLUTE
    ../clib/signal.c                         0x00000000   Number         0  defsig_abrt_formal.o ABSOLUTE
    ../clib/signal.c                         0x00000000   Number         0  defsig_pvfn_inner.o ABSOLUTE
    ../clib/signal.c                         0x00000000   Number         0  defsig_stak_inner.o ABSOLUTE
    ../clib/signal.c                         0x00000000   Number         0  defsig_fpe_inner.o ABSOLUTE
    ../clib/signal.c                         0x00000000   Number         0  defsig_rtred_inner.o ABSOLUTE
    ../clib/signal.c                         0x00000000   Number         0  defsig_abrt_outer.o ABSOLUTE
    ../clib/signal.c                         0x00000000   Number         0  defsig_abrt_inner.o ABSOLUTE
    ../clib/signal.c                         0x00000000   Number         0  defsig_rtmem_inner.o ABSOLUTE
    ../clib/signal.c                         0x00000000   Number         0  defsig_exit.o ABSOLUTE
    ../clib/signal.c                         0x00000000   Number         0  __raise.o ABSOLUTE
    ../clib/signal.c                         0x00000000   Number         0  defsig_segv_inner.o ABSOLUTE
    ../clib/signal.c                         0x00000000   Number         0  defsig_other.o ABSOLUTE
    ../clib/signal.c                         0x00000000   Number         0  defsig_rtmem_formal.o ABSOLUTE
    ../clib/signal.s                         0x00000000   Number         0  defsig.o ABSOLUTE
    ../clib/stdlib.c                         0x00000000   Number         0  abort.o ABSOLUTE
    ../clib/stdlib.c                         0x00000000   Number         0  exit.o ABSOLUTE
    ../fplib/fpinit.s                        0x00000000   Number         0  fpinit.o ABSOLUTE
    Hardware\Key\Key.cpp                     0x00000000   Number         0  key.o ABSOLUTE
    Hardware\LED\LED.cpp                     0x00000000   Number         0  led.o ABSOLUTE
    Hardware\MPU6050\MPU6050.cpp             0x00000000   Number         0  mpu6050.o ABSOLUTE
    Hardware\OLED\OLED.cpp                   0x00000000   Number         0  oled.o ABSOLUTE
    Hardware\control\control.cpp             0x00000000   Number         0  control.o ABSOLUTE
    Library\misc.c                           0x00000000   Number         0  misc.o ABSOLUTE
    Library\stm32f10x_adc.c                  0x00000000   Number         0  stm32f10x_adc.o ABSOLUTE
    Library\stm32f10x_bkp.c                  0x00000000   Number         0  stm32f10x_bkp.o ABSOLUTE
    Library\stm32f10x_can.c                  0x00000000   Number         0  stm32f10x_can.o ABSOLUTE
    Library\stm32f10x_cec.c                  0x00000000   Number         0  stm32f10x_cec.o ABSOLUTE
    Library\stm32f10x_crc.c                  0x00000000   Number         0  stm32f10x_crc.o ABSOLUTE
    Library\stm32f10x_dac.c                  0x00000000   Number         0  stm32f10x_dac.o ABSOLUTE
    Library\stm32f10x_dbgmcu.c               0x00000000   Number         0  stm32f10x_dbgmcu.o ABSOLUTE
    Library\stm32f10x_dma.c                  0x00000000   Number         0  stm32f10x_dma.o ABSOLUTE
    Library\stm32f10x_exti.c                 0x00000000   Number         0  stm32f10x_exti.o ABSOLUTE
    Library\stm32f10x_flash.c                0x00000000   Number         0  stm32f10x_flash.o ABSOLUTE
    Library\stm32f10x_fsmc.c                 0x00000000   Number         0  stm32f10x_fsmc.o ABSOLUTE
    Library\stm32f10x_gpio.c                 0x00000000   Number         0  stm32f10x_gpio.o ABSOLUTE
    Library\stm32f10x_i2c.c                  0x00000000   Number         0  stm32f10x_i2c.o ABSOLUTE
    Library\stm32f10x_iwdg.c                 0x00000000   Number         0  stm32f10x_iwdg.o ABSOLUTE
    Library\stm32f10x_pwr.c                  0x00000000   Number         0  stm32f10x_pwr.o ABSOLUTE
    Library\stm32f10x_rcc.c                  0x00000000   Number         0  stm32f10x_rcc.o ABSOLUTE
    Library\stm32f10x_rtc.c                  0x00000000   Number         0  stm32f10x_rtc.o ABSOLUTE
    Library\stm32f10x_sdio.c                 0x00000000   Number         0  stm32f10x_sdio.o ABSOLUTE
    Library\stm32f10x_spi.c                  0x00000000   Number         0  stm32f10x_spi.o ABSOLUTE
    Library\stm32f10x_tim.c                  0x00000000   Number         0  stm32f10x_tim.o ABSOLUTE
    Library\stm32f10x_usart.c                0x00000000   Number         0  stm32f10x_usart.o ABSOLUTE
    Library\stm32f10x_wwdg.c                 0x00000000   Number         0  stm32f10x_wwdg.o ABSOLUTE
    Start\\core_cm3.c                        0x00000000   Number         0  core_cm3.o ABSOLUTE
    Start\core_cm3.c                         0x00000000   Number         0  core_cm3.o ABSOLUTE
    Start\startup_stm32f10x_md.s             0x00000000   Number         0  startup_stm32f10x_md.o ABSOLUTE
    Start\system_stm32f10x.c                 0x00000000   Number         0  system_stm32f10x.o ABSOLUTE
    System\Delay\Delay.cpp                   0x00000000   Number         0  delay.o ABSOLUTE
    System\IO_Core\IO_Core.cpp               0x00000000   Number         0  io_core.o ABSOLUTE
    System\\sys\\sys.cpp                     0x00000000   Number         0  sys_1.o ABSOLUTE
    System\sys\sys.cpp                       0x00000000   Number         0  sys_1.o ABSOLUTE
    User\mian.cpp                            0x00000000   Number         0  mian.o ABSOLUTE
    User\pivot.cpp                           0x00000000   Number         0  pivot.o ABSOLUTE
    User\stm32f10x_it.c                      0x00000000   Number         0  stm32f10x_it.o ABSOLUTE
    dc.s                                     0x00000000   Number         0  dc.o ABSOLUTE
    RESET                                    0x08000000   Section      236  startup_stm32f10x_md.o(RESET)
    !!!main                                  0x080000ec   Section        8  __main.o(!!!main)
    !!!scatter                               0x080000f4   Section       52  __scatter.o(!!!scatter)
    !!handler_zi                             0x08000128   Section       28  __scatter_zi.o(!!handler_zi)
    .ARM.Collect$$libinit$$00000000          0x08000144   Section        2  libinit.o(.ARM.Collect$$libinit$$00000000)
    .ARM.Collect$$libinit$$00000002          0x08000146   Section        0  libinit2.o(.ARM.Collect$$libinit$$00000002)
    .ARM.Collect$$libinit$$00000004          0x08000146   Section        0  libinit2.o(.ARM.Collect$$libinit$$00000004)
    .ARM.Collect$$libinit$$0000000A          0x08000146   Section        0  libinit2.o(.ARM.Collect$$libinit$$0000000A)
    .ARM.Collect$$libinit$$0000000C          0x08000146   Section        0  libinit2.o(.ARM.Collect$$libinit$$0000000C)
    .ARM.Collect$$libinit$$0000000E          0x08000146   Section        0  libinit2.o(.ARM.Collect$$libinit$$0000000E)
    .ARM.Collect$$libinit$$00000011          0x08000146   Section        0  libinit2.o(.ARM.Collect$$libinit$$00000011)
    .ARM.Collect$$libinit$$00000013          0x08000146   Section        0  libinit2.o(.ARM.Collect$$libinit$$00000013)
    .ARM.Collect$$libinit$$00000015          0x08000146   Section        0  libinit2.o(.ARM.Collect$$libinit$$00000015)
    .ARM.Collect$$libinit$$00000017          0x08000146   Section        0  libinit2.o(.ARM.Collect$$libinit$$00000017)
    .ARM.Collect$$libinit$$00000019          0x08000146   Section        0  libinit2.o(.ARM.Collect$$libinit$$00000019)
    .ARM.Collect$$libinit$$0000001B          0x08000146   Section        0  libinit2.o(.ARM.Collect$$libinit$$0000001B)
    .ARM.Collect$$libinit$$0000001D          0x08000146   Section        0  libinit2.o(.ARM.Collect$$libinit$$0000001D)
    .ARM.Collect$$libinit$$0000001F          0x08000146   Section        0  libinit2.o(.ARM.Collect$$libinit$$0000001F)
    .ARM.Collect$$libinit$$00000021          0x08000146   Section        0  libinit2.o(.ARM.Collect$$libinit$$00000021)
    .ARM.Collect$$libinit$$00000023          0x08000146   Section        0  libinit2.o(.ARM.Collect$$libinit$$00000023)
    .ARM.Collect$$libinit$$00000025          0x08000146   Section        0  libinit2.o(.ARM.Collect$$libinit$$00000025)
    .ARM.Collect$$libinit$$0000002C          0x08000146   Section        0  libinit2.o(.ARM.Collect$$libinit$$0000002C)
    .ARM.Collect$$libinit$$0000002E          0x08000146   Section        0  libinit2.o(.ARM.Collect$$libinit$$0000002E)
    .ARM.Collect$$libinit$$00000030          0x08000146   Section        0  libinit2.o(.ARM.Collect$$libinit$$00000030)
    .ARM.Collect$$libinit$$00000031          0x08000146   Section        4  libinit2.o(.ARM.Collect$$libinit$$00000031)
    .ARM.Collect$$libinit$$00000032          0x0800014a   Section        0  libinit2.o(.ARM.Collect$$libinit$$00000032)
    .ARM.Collect$$libinit$$00000033          0x0800014a   Section        2  libinit2.o(.ARM.Collect$$libinit$$00000033)
    .ARM.Collect$$libshutdown$$00000000      0x0800014c   Section        2  libshutdown.o(.ARM.Collect$$libshutdown$$00000000)
    .ARM.Collect$$libshutdown$$00000002      0x0800014e   Section        0  libshutdown2.o(.ARM.Collect$$libshutdown$$00000002)
    .ARM.Collect$$libshutdown$$00000004      0x0800014e   Section        0  libshutdown2.o(.ARM.Collect$$libshutdown$$00000004)
    .ARM.Collect$$libshutdown$$00000007      0x0800014e   Section        0  libshutdown2.o(.ARM.Collect$$libshutdown$$00000007)
    .ARM.Collect$$libshutdown$$0000000A      0x0800014e   Section        0  libshutdown2.o(.ARM.Collect$$libshutdown$$0000000A)
    .ARM.Collect$$libshutdown$$0000000C      0x0800014e   Section        0  libshutdown2.o(.ARM.Collect$$libshutdown$$0000000C)
    .ARM.Collect$$libshutdown$$0000000F      0x0800014e   Section        0  libshutdown2.o(.ARM.Collect$$libshutdown$$0000000F)
    .ARM.Collect$$libshutdown$$00000010      0x0800014e   Section        2  libshutdown2.o(.ARM.Collect$$libshutdown$$00000010)
    .ARM.Collect$$rtentry$$00000000          0x08000150   Section        0  __rtentry.o(.ARM.Collect$$rtentry$$00000000)
    .ARM.Collect$$rtentry$$00000002          0x08000150   Section        0  __rtentry2.o(.ARM.Collect$$rtentry$$00000002)
    .ARM.Collect$$rtentry$$00000004          0x08000150   Section        6  __rtentry4.o(.ARM.Collect$$rtentry$$00000004)
    .ARM.Collect$$rtentry$$00000009          0x08000156   Section        0  __rtentry2.o(.ARM.Collect$$rtentry$$00000009)
    .ARM.Collect$$rtentry$$0000000A          0x08000156   Section        4  __rtentry2.o(.ARM.Collect$$rtentry$$0000000A)
    .ARM.Collect$$rtentry$$0000000C          0x0800015a   Section        0  __rtentry2.o(.ARM.Collect$$rtentry$$0000000C)
    .ARM.Collect$$rtentry$$0000000D          0x0800015a   Section        8  __rtentry2.o(.ARM.Collect$$rtentry$$0000000D)
    .ARM.Collect$$rtexit$$00000000           0x08000162   Section        2  rtexit.o(.ARM.Collect$$rtexit$$00000000)
    .ARM.Collect$$rtexit$$00000002           0x08000164   Section        0  rtexit2.o(.ARM.Collect$$rtexit$$00000002)
    .ARM.Collect$$rtexit$$00000003           0x08000164   Section        4  rtexit2.o(.ARM.Collect$$rtexit$$00000003)
    .ARM.Collect$$rtexit$$00000004           0x08000168   Section        6  rtexit2.o(.ARM.Collect$$rtexit$$00000004)
    .text                                    0x08000170   Section       64  startup_stm32f10x_md.o(.text)
    .text                                    0x080001b0   Section        0  assert.o(.text)
    .text                                    0x08000230   Section        0  heapauxi.o(.text)
    .text                                    0x08000238   Section        0  init_aeabi.o(.text)
    .text                                    0x0800025c   Section        0  abort.o(.text)
    .text                                    0x08000272   Section        0  assert_puts.o(.text)
    .text                                    0x08000286   Section        0  sys_wrch.o(.text)
    .text                                    0x08000294   Section        0  sys_exit.o(.text)
    .text                                    0x080002a0   Section        0  defsig_abrt_outer.o(.text)
    .text                                    0x080002ae   Section        2  use_no_semi.o(.text)
    .text                                    0x080002b0   Section        0  indicate_semi.o(.text)
    .text                                    0x080002b0   Section       74  sys_stackheap_outer.o(.text)
    .text                                    0x080002fa   Section        0  exit.o(.text)
    .text                                    0x0800030c   Section        0  defsig_exit.o(.text)
    .text                                    0x08000318   Section        0  defsig_abrt_inner.o(.text)
    .text                                    0x08000348   Section        8  libspace.o(.text)
    .text                                    0x08000350   Section        0  defsig_general.o(.text)
    i.BusFault_Handler                       0x08000382   Section        0  stm32f10x_it.o(i.BusFault_Handler)
    i.DebugMon_Handler                       0x08000386   Section        0  stm32f10x_it.o(i.DebugMon_Handler)
    i.GPIO_Init                              0x08000388   Section        0  stm32f10x_gpio.o(i.GPIO_Init)
    i.GPIO_ReadInputDataBit                  0x0800049e   Section        0  stm32f10x_gpio.o(i.GPIO_ReadInputDataBit)
    i.GPIO_SetBits                           0x080004b0   Section        0  stm32f10x_gpio.o(i.GPIO_SetBits)
    i.GPIO_WriteBit                          0x080004b4   Section        0  stm32f10x_gpio.o(i.GPIO_WriteBit)
    i.HardFault_Handler                      0x080004be   Section        0  stm32f10x_it.o(i.HardFault_Handler)
    i.MemManage_Handler                      0x080004c2   Section        0  stm32f10x_it.o(i.MemManage_Handler)
    i.NMI_Handler                            0x080004c6   Section        0  stm32f10x_it.o(i.NMI_Handler)
    i.PendSV_Handler                         0x080004c8   Section        0  stm32f10x_it.o(i.PendSV_Handler)
    i.RCC_APB1PeriphClockCmd                 0x080004cc   Section        0  stm32f10x_rcc.o(i.RCC_APB1PeriphClockCmd)
    i.RCC_APB2PeriphClockCmd                 0x080004ec   Section        0  stm32f10x_rcc.o(i.RCC_APB2PeriphClockCmd)
    i.SVC_Handler                            0x0800050c   Section        0  stm32f10x_it.o(i.SVC_Handler)
    i.SetSysClock                            0x0800050e   Section        0  system_stm32f10x.o(i.SetSysClock)
    SetSysClock                              0x0800050f   Thumb Code     8  system_stm32f10x.o(i.SetSysClock)
    i.SetSysClockTo72                        0x08000518   Section        0  system_stm32f10x.o(i.SetSysClockTo72)
    SetSysClockTo72                          0x08000519   Thumb Code   214  system_stm32f10x.o(i.SetSysClockTo72)
    i.SysTick_Handler                        0x080005f8   Section        0  stm32f10x_it.o(i.SysTick_Handler)
    i.SystemInit                             0x080005fc   Section        0  system_stm32f10x.o(i.SystemInit)
    i.TI1_Config                             0x0800065c   Section        0  stm32f10x_tim.o(i.TI1_Config)
    TI1_Config                               0x0800065d   Thumb Code   108  stm32f10x_tim.o(i.TI1_Config)
    i.TI2_Config                             0x080006dc   Section        0  stm32f10x_tim.o(i.TI2_Config)
    TI2_Config                               0x080006dd   Thumb Code   130  stm32f10x_tim.o(i.TI2_Config)
    i.TI3_Config                             0x08000774   Section        0  stm32f10x_tim.o(i.TI3_Config)
    TI3_Config                               0x08000775   Thumb Code   122  stm32f10x_tim.o(i.TI3_Config)
    i.TI4_Config                             0x08000804   Section        0  stm32f10x_tim.o(i.TI4_Config)
    TI4_Config                               0x08000805   Thumb Code   130  stm32f10x_tim.o(i.TI4_Config)
    i.TIM_Cmd                                0x0800089c   Section        0  stm32f10x_tim.o(i.TIM_Cmd)
    i.TIM_CtrlPWMOutputs                     0x080008b4   Section        0  stm32f10x_tim.o(i.TIM_CtrlPWMOutputs)
    i.TIM_EncoderInterfaceConfig             0x080008d2   Section        0  stm32f10x_tim.o(i.TIM_EncoderInterfaceConfig)
    i.TIM_GetCounter                         0x08000914   Section        0  stm32f10x_tim.o(i.TIM_GetCounter)
    i.TIM_ICInit                             0x0800091c   Section        0  stm32f10x_tim.o(i.TIM_ICInit)
    i.TIM_ICStructInit                       0x080009c8   Section        0  stm32f10x_tim.o(i.TIM_ICStructInit)
    i.TIM_OC1Init                            0x080009dc   Section        0  stm32f10x_tim.o(i.TIM_OC1Init)
    i.TIM_OC1PreloadConfig                   0x08000a74   Section        0  stm32f10x_tim.o(i.TIM_OC1PreloadConfig)
    i.TIM_OC4Init                            0x08000a88   Section        0  stm32f10x_tim.o(i.TIM_OC4Init)
    i.TIM_OC4PreloadConfig                   0x08000b04   Section        0  stm32f10x_tim.o(i.TIM_OC4PreloadConfig)
    i.TIM_OCStructInit                       0x08000b1e   Section        0  stm32f10x_tim.o(i.TIM_OCStructInit)
    i.TIM_SetCompare1                        0x08000b32   Section        0  stm32f10x_tim.o(i.TIM_SetCompare1)
    i.TIM_SetCompare4                        0x08000b36   Section        0  stm32f10x_tim.o(i.TIM_SetCompare4)
    i.TIM_SetCounter                         0x08000b3c   Section        0  stm32f10x_tim.o(i.TIM_SetCounter)
    i.TIM_SetIC1Prescaler                    0x08000b40   Section        0  stm32f10x_tim.o(i.TIM_SetIC1Prescaler)
    i.TIM_SetIC2Prescaler                    0x08000b52   Section        0  stm32f10x_tim.o(i.TIM_SetIC2Prescaler)
    i.TIM_SetIC3Prescaler                    0x08000b6c   Section        0  stm32f10x_tim.o(i.TIM_SetIC3Prescaler)
    i.TIM_SetIC4Prescaler                    0x08000b7e   Section        0  stm32f10x_tim.o(i.TIM_SetIC4Prescaler)
    i.TIM_TimeBaseInit                       0x08000b98   Section        0  stm32f10x_tim.o(i.TIM_TimeBaseInit)
    i.TIM_TimeBaseStructInit                 0x08000c3c   Section        0  stm32f10x_tim.o(i.TIM_TimeBaseStructInit)
    i.UsageFault_Handler                     0x08000c4e   Section        0  stm32f10x_it.o(i.UsageFault_Handler)
    i._Z11GetTIMClockP11TIM_TypeDef          0x08000c54   Section        0  io_core.o(i._Z11GetTIMClockP11TIM_TypeDef)
    i._Z12GetGpioClockP12GPIO_TypeDef        0x08000cd4   Section        0  io_core.o(i._Z12GetGpioClockP12GPIO_TypeDef)
    i._Z13Hardware_Initv                     0x08000d3c   Section        0  pivot.o(i._Z13Hardware_Initv)
    i._Z16GetTimerFromGPIOP12GPIO_TypeDeft   0x08000d44   Section        0  io_core.o(i._Z16GetTimerFromGPIOP12GPIO_TypeDeft)
    i._Z8Delay_msj                           0x08000d88   Section        0  delay.o(i._Z8Delay_msj)
    i._Z8Delay_usj                           0x08000da0   Section        0  delay.o(i._Z8Delay_usj)
    i._Z8LED_Initv                           0x08000dd0   Section        0  led.o(i._Z8LED_Initv)
    i._ZN3PWM6setOc1Et                       0x08000e04   Section        0  io_core.o(i._ZN3PWM6setOc1Et)
    i._ZN3PWM6setOc4Et                       0x08000e14   Section        0  io_core.o(i._ZN3PWM6setOc4Et)
    i._ZN3PWMC1EP12GPIO_TypeDeftS1_ttt       0x08000e24   Section        0  io_core.o(i._ZN3PWMC1EP12GPIO_TypeDeftS1_ttt)
    i._ZN4GPIO4ReadEv                        0x08000f98   Section        0  io_core.o(i._ZN4GPIO4ReadEv)
    i._ZN4GPIO5WriteEb                       0x08000fae   Section        0  io_core.o(i._ZN4GPIO5WriteEb)
    i._ZN4GPIOC1EP12GPIO_TypeDeft16GPIOMode_TypeDef 0x08000fc0   Section        0  io_core.o(i._ZN4GPIOC1EP12GPIO_TypeDeft16GPIOMode_TypeDef)
    i._ZN4OLED10OLED_W_SCLEh                 0x08000ffc   Section        0  oled.o(i._ZN4OLED10OLED_W_SCLEh)
    i._ZN4OLED10OLED_W_SDAEh                 0x08001014   Section        0  oled.o(i._ZN4OLED10OLED_W_SDAEh)
    i._ZN4OLED12I2C_SendByteEh               0x0800102e   Section        0  oled.o(i._ZN4OLED12I2C_SendByteEh)
    i._ZN4OLED12WriteCommandEh               0x08001070   Section        0  oled.o(i._ZN4OLED12WriteCommandEh)
    i._ZN4OLED3PowEjj                        0x0800109c   Section        0  oled.o(i._ZN4OLED3PowEjj)
    i._ZN4OLED4InitEv                        0x080010b0   Section        0  oled.o(i._ZN4OLED4InitEv)
    i._ZN4OLED5ClearEv                       0x08001174   Section        0  oled.o(i._ZN4OLED5ClearEv)
    i._ZN4OLED7ShowNumEhhjh                  0x080011a4   Section        0  oled.o(i._ZN4OLED7ShowNumEhhjh)
    i._ZN4OLED8I2C_StopEv                    0x080011ee   Section        0  oled.o(i._ZN4OLED8I2C_StopEv)
    i._ZN4OLED8ShowCharEhhc                  0x0800120c   Section        0  oled.o(i._ZN4OLED8ShowCharEhhc)
    i._ZN4OLED9I2C_StartEv                   0x08001288   Section        0  oled.o(i._ZN4OLED9I2C_StartEv)
    i._ZN4OLED9SetCursorEhh                  0x080012a6   Section        0  oled.o(i._ZN4OLED9SetCursorEhh)
    i._ZN4OLED9WriteDataEh                   0x080012d0   Section        0  oled.o(i._ZN4OLED9WriteDataEh)
    i._ZN4OLEDC1EP12GPIO_TypeDeftS1_t        0x080012fc   Section        0  oled.o(i._ZN4OLEDC1EP12GPIO_TypeDeftS1_t)
    i._ZN5wheel2GoEv                         0x08001350   Section        0  control.o(i._ZN5wheel2GoEv)
    i._ZN5wheelC1EP12GPIO_TypeDeftS1_t       0x08001368   Section        0  control.o(i._ZN5wheelC1EP12GPIO_TypeDeftS1_t)
    i._ZN7MPU60503I2C10ReceiveAckEv          0x080013b0   Section        0  mpu6050.o(i._ZN7MPU60503I2C10ReceiveAckEv)
    i._ZN7MPU60503I2C4StopEv                 0x080013d8   Section        0  mpu6050.o(i._ZN7MPU60503I2C4StopEv)
    i._ZN7MPU60503I2C5R_SDAEv                0x080013f6   Section        0  mpu6050.o(i._ZN7MPU60503I2C5R_SDAEv)
    i._ZN7MPU60503I2C5StartEv                0x0800140a   Section        0  mpu6050.o(i._ZN7MPU60503I2C5StartEv)
    i._ZN7MPU60503I2C5W_SCLEh                0x08001430   Section        0  mpu6050.o(i._ZN7MPU60503I2C5W_SCLEh)
    i._ZN7MPU60503I2C5W_SDAEh                0x0800144e   Section        0  mpu6050.o(i._ZN7MPU60503I2C5W_SDAEh)
    i._ZN7MPU60503I2C8SendByteEh             0x0800146e   Section        0  mpu6050.o(i._ZN7MPU60503I2C8SendByteEh)
    i._ZN7MPU60503I2CC1EP12GPIO_TypeDeftS2_t 0x080014a0   Section        0  mpu6050.o(i._ZN7MPU60503I2CC1EP12GPIO_TypeDeftS2_t)
    i._ZN7MPU60508WriteRegEhh                0x080014e8   Section        0  mpu6050.o(i._ZN7MPU60508WriteRegEhh)
    i._ZN7MPU6050C1EP12GPIO_TypeDeftS1_t     0x08001528   Section        0  mpu6050.o(i._ZN7MPU6050C1EP12GPIO_TypeDeftS1_t)
    i._ZN7controlC1EP12GPIO_TypeDeftS1_tS1_tS1_tS1_tS1_ttt 0x0800158c   Section        0  control.o(i._ZN7controlC1EP12GPIO_TypeDeftS1_tS1_tS1_tS1_tS1_ttt)
    i._ZN7encoder5RightEv                    0x080015ee   Section        0  io_core.o(i._ZN7encoder5RightEv)
    i._ZN7encoderC1EP12GPIO_TypeDeftS1_ttt   0x08001608   Section        0  io_core.o(i._ZN7encoderC1EP12GPIO_TypeDeftS1_ttt)
    i.__sti___8_mian_cpp_oled                0x08001784   Section        0  mian.o(i.__sti___8_mian_cpp_oled)
    __sti___8_mian_cpp_oled                  0x08001785   Thumb Code   150  mian.o(i.__sti___8_mian_cpp_oled)
    i.main                                   0x08001838   Section        0  mian.o(i.main)
    .constdata                               0x080018b8   Section      192  io_core.o(.constdata)
    .constdata                               0x08001978   Section     1520  oled.o(.constdata)
    OLED_F8x16                               0x08001978   Data        1520  oled.o(.constdata)
    .init_array                              0x08001f78   Section        4  mian.o(.init_array)
    .init_array                              0x08001f7c   Section        0  init_aeabi.o(.init_array)
    .bss                                     0x20000000   Section      136  mian.o(.bss)
    .bss                                     0x20000088   Section       96  libspace.o(.bss)
    HEAP                                     0x200000e8   Section      512  startup_stm32f10x_md.o(HEAP)
    Heap_Mem                                 0x200000e8   Data         512  startup_stm32f10x_md.o(HEAP)
    STACK                                    0x200002e8   Section     1024  startup_stm32f10x_md.o(STACK)
    Stack_Mem                                0x200002e8   Data        1024  startup_stm32f10x_md.o(STACK)
    __initial_sp                             0x200006e8   Data           0  startup_stm32f10x_md.o(STACK)

    Global Symbols

    Symbol Name                              Value     Ov Type        Size  Object(Section)

    BuildAttributes$$THM_ISAv4$P$D$K$B$S$PE$A:L22UL41UL21$X:L11$S22US41US21$IEEE1$IW$USESV6$~STKCKD$USESV7$~SHL$OSPACE$ROPI$EBA8$UX$STANDARDLIB$REQ8$PRES8$EABIv2 0x00000000   Number         0  anon$$obj.o ABSOLUTE
    __ARM_use_no_argv                        0x00000000   Number         0  mian.o ABSOLUTE
    __ARM_exceptions_init                     - Undefined Weak Reference
    __alloca_initialize                       - Undefined Weak Reference
    __arm_preinit_                            - Undefined Weak Reference
    __cxa_finalize                            - Undefined Weak Reference
    __rt_locale                               - Undefined Weak Reference
    __sigvec_lookup                           - Undefined Weak Reference
    _atexit_init                              - Undefined Weak Reference
    _call_atexit_fns                          - Undefined Weak Reference
    _clock_init                               - Undefined Weak Reference
    _fp_trap_init                             - Undefined Weak Reference
    _fp_trap_shutdown                         - Undefined Weak Reference
    _get_lc_collate                           - Undefined Weak Reference
    _get_lc_ctype                             - Undefined Weak Reference
    _get_lc_monetary                          - Undefined Weak Reference
    _get_lc_numeric                           - Undefined Weak Reference
    _get_lc_time                              - Undefined Weak Reference
    _getenv_init                              - Undefined Weak Reference
    _handle_redirection                       - Undefined Weak Reference
    _init_alloc                               - Undefined Weak Reference
    _init_user_alloc                          - Undefined Weak Reference
    _initio                                   - Undefined Weak Reference
    _rand_init                                - Undefined Weak Reference
    _signal_finish                            - Undefined Weak Reference
    _signal_init                              - Undefined Weak Reference
    _terminate_alloc                          - Undefined Weak Reference
    _terminate_user_alloc                     - Undefined Weak Reference
    _terminateio                              - Undefined Weak Reference
    __Vectors_Size                           0x000000ec   Number         0  startup_stm32f10x_md.o ABSOLUTE
    __Vectors                                0x08000000   Data           4  startup_stm32f10x_md.o(RESET)
    __Vectors_End                            0x080000ec   Data           0  startup_stm32f10x_md.o(RESET)
    __main                                   0x080000ed   Thumb Code     8  __main.o(!!!main)
    __scatterload                            0x080000f5   Thumb Code     0  __scatter.o(!!!scatter)
    __scatterload_rt2                        0x080000f5   Thumb Code    44  __scatter.o(!!!scatter)
    __scatterload_rt2_thumb_only             0x080000f5   Thumb Code     0  __scatter.o(!!!scatter)
    __scatterload_null                       0x08000103   Thumb Code     0  __scatter.o(!!!scatter)
    __scatterload_zeroinit                   0x08000129   Thumb Code    28  __scatter_zi.o(!!handler_zi)
    __rt_lib_init                            0x08000145   Thumb Code     0  libinit.o(.ARM.Collect$$libinit$$00000000)
    __rt_lib_init_alloca_1                   0x08000147   Thumb Code     0  libinit2.o(.ARM.Collect$$libinit$$0000002E)
    __rt_lib_init_argv_1                     0x08000147   Thumb Code     0  libinit2.o(.ARM.Collect$$libinit$$0000002C)
    __rt_lib_init_atexit_1                   0x08000147   Thumb Code     0  libinit2.o(.ARM.Collect$$libinit$$0000001B)
    __rt_lib_init_clock_1                    0x08000147   Thumb Code     0  libinit2.o(.ARM.Collect$$libinit$$00000021)
    __rt_lib_init_cpp_2                      0x08000147   Thumb Code     0  libinit2.o(.ARM.Collect$$libinit$$00000031)
    __rt_lib_init_exceptions_1               0x08000147   Thumb Code     0  libinit2.o(.ARM.Collect$$libinit$$00000030)
    __rt_lib_init_fp_1                       0x08000147   Thumb Code     0  libinit2.o(.ARM.Collect$$libinit$$00000002)
    __rt_lib_init_fp_trap_1                  0x08000147   Thumb Code     0  libinit2.o(.ARM.Collect$$libinit$$0000001F)
    __rt_lib_init_getenv_1                   0x08000147   Thumb Code     0  libinit2.o(.ARM.Collect$$libinit$$00000023)
    __rt_lib_init_heap_1                     0x08000147   Thumb Code     0  libinit2.o(.ARM.Collect$$libinit$$0000000A)
    __rt_lib_init_lc_collate_1               0x08000147   Thumb Code     0  libinit2.o(.ARM.Collect$$libinit$$00000011)
    __rt_lib_init_lc_ctype_1                 0x08000147   Thumb Code     0  libinit2.o(.ARM.Collect$$libinit$$00000013)
    __rt_lib_init_lc_monetary_1              0x08000147   Thumb Code     0  libinit2.o(.ARM.Collect$$libinit$$00000015)
    __rt_lib_init_lc_numeric_1               0x08000147   Thumb Code     0  libinit2.o(.ARM.Collect$$libinit$$00000017)
    __rt_lib_init_lc_time_1                  0x08000147   Thumb Code     0  libinit2.o(.ARM.Collect$$libinit$$00000019)
    __rt_lib_init_preinit_1                  0x08000147   Thumb Code     0  libinit2.o(.ARM.Collect$$libinit$$00000004)
    __rt_lib_init_rand_1                     0x08000147   Thumb Code     0  libinit2.o(.ARM.Collect$$libinit$$0000000E)
    __rt_lib_init_signal_1                   0x08000147   Thumb Code     0  libinit2.o(.ARM.Collect$$libinit$$0000001D)
    __rt_lib_init_stdio_1                    0x08000147   Thumb Code     0  libinit2.o(.ARM.Collect$$libinit$$00000025)
    __rt_lib_init_user_alloc_1               0x08000147   Thumb Code     0  libinit2.o(.ARM.Collect$$libinit$$0000000C)
    __rt_lib_init_cpp_1                      0x0800014b   Thumb Code     0  libinit2.o(.ARM.Collect$$libinit$$00000032)
    __rt_lib_init_return                     0x0800014b   Thumb Code     0  libinit2.o(.ARM.Collect$$libinit$$00000033)
    __rt_lib_shutdown                        0x0800014d   Thumb Code     0  libshutdown.o(.ARM.Collect$$libshutdown$$00000000)
    __rt_lib_shutdown_cpp_1                  0x0800014f   Thumb Code     0  libshutdown2.o(.ARM.Collect$$libshutdown$$00000002)
    __rt_lib_shutdown_fp_trap_1              0x0800014f   Thumb Code     0  libshutdown2.o(.ARM.Collect$$libshutdown$$00000007)
    __rt_lib_shutdown_heap_1                 0x0800014f   Thumb Code     0  libshutdown2.o(.ARM.Collect$$libshutdown$$0000000F)
    __rt_lib_shutdown_return                 0x0800014f   Thumb Code     0  libshutdown2.o(.ARM.Collect$$libshutdown$$00000010)
    __rt_lib_shutdown_signal_1               0x0800014f   Thumb Code     0  libshutdown2.o(.ARM.Collect$$libshutdown$$0000000A)
    __rt_lib_shutdown_stdio_1                0x0800014f   Thumb Code     0  libshutdown2.o(.ARM.Collect$$libshutdown$$00000004)
    __rt_lib_shutdown_user_alloc_1           0x0800014f   Thumb Code     0  libshutdown2.o(.ARM.Collect$$libshutdown$$0000000C)
    __rt_entry                               0x08000151   Thumb Code     0  __rtentry.o(.ARM.Collect$$rtentry$$00000000)
    __rt_entry_presh_1                       0x08000151   Thumb Code     0  __rtentry2.o(.ARM.Collect$$rtentry$$00000002)
    __rt_entry_sh                            0x08000151   Thumb Code     0  __rtentry4.o(.ARM.Collect$$rtentry$$00000004)
    __rt_entry_li                            0x08000157   Thumb Code     0  __rtentry2.o(.ARM.Collect$$rtentry$$0000000A)
    __rt_entry_postsh_1                      0x08000157   Thumb Code     0  __rtentry2.o(.ARM.Collect$$rtentry$$00000009)
    __rt_entry_main                          0x0800015b   Thumb Code     0  __rtentry2.o(.ARM.Collect$$rtentry$$0000000D)
    __rt_entry_postli_1                      0x0800015b   Thumb Code     0  __rtentry2.o(.ARM.Collect$$rtentry$$0000000C)
    __rt_exit                                0x08000163   Thumb Code     0  rtexit.o(.ARM.Collect$$rtexit$$00000000)
    __rt_exit_ls                             0x08000165   Thumb Code     0  rtexit2.o(.ARM.Collect$$rtexit$$00000003)
    __rt_exit_prels_1                        0x08000165   Thumb Code     0  rtexit2.o(.ARM.Collect$$rtexit$$00000002)
    __rt_exit_exit                           0x08000169   Thumb Code     0  rtexit2.o(.ARM.Collect$$rtexit$$00000004)
    Reset_Handler                            0x08000171   Thumb Code     8  startup_stm32f10x_md.o(.text)
    ADC1_2_IRQHandler                        0x0800018b   Thumb Code     0  startup_stm32f10x_md.o(.text)
    CAN1_RX1_IRQHandler                      0x0800018b   Thumb Code     0  startup_stm32f10x_md.o(.text)
    CAN1_SCE_IRQHandler                      0x0800018b   Thumb Code     0  startup_stm32f10x_md.o(.text)
    DMA1_Channel1_IRQHandler                 0x0800018b   Thumb Code     0  startup_stm32f10x_md.o(.text)
    DMA1_Channel2_IRQHandler                 0x0800018b   Thumb Code     0  startup_stm32f10x_md.o(.text)
    DMA1_Channel3_IRQHandler                 0x0800018b   Thumb Code     0  startup_stm32f10x_md.o(.text)
    DMA1_Channel4_IRQHandler                 0x0800018b   Thumb Code     0  startup_stm32f10x_md.o(.text)
    DMA1_Channel5_IRQHandler                 0x0800018b   Thumb Code     0  startup_stm32f10x_md.o(.text)
    DMA1_Channel6_IRQHandler                 0x0800018b   Thumb Code     0  startup_stm32f10x_md.o(.text)
    DMA1_Channel7_IRQHandler                 0x0800018b   Thumb Code     0  startup_stm32f10x_md.o(.text)
    EXTI0_IRQHandler                         0x0800018b   Thumb Code     0  startup_stm32f10x_md.o(.text)
    EXTI15_10_IRQHandler                     0x0800018b   Thumb Code     0  startup_stm32f10x_md.o(.text)
    EXTI1_IRQHandler                         0x0800018b   Thumb Code     0  startup_stm32f10x_md.o(.text)
    EXTI2_IRQHandler                         0x0800018b   Thumb Code     0  startup_stm32f10x_md.o(.text)
    EXTI3_IRQHandler                         0x0800018b   Thumb Code     0  startup_stm32f10x_md.o(.text)
    EXTI4_IRQHandler                         0x0800018b   Thumb Code     0  startup_stm32f10x_md.o(.text)
    EXTI9_5_IRQHandler                       0x0800018b   Thumb Code     0  startup_stm32f10x_md.o(.text)
    FLASH_IRQHandler                         0x0800018b   Thumb Code     0  startup_stm32f10x_md.o(.text)
    I2C1_ER_IRQHandler                       0x0800018b   Thumb Code     0  startup_stm32f10x_md.o(.text)
    I2C1_EV_IRQHandler                       0x0800018b   Thumb Code     0  startup_stm32f10x_md.o(.text)
    I2C2_ER_IRQHandler                       0x0800018b   Thumb Code     0  startup_stm32f10x_md.o(.text)
    I2C2_EV_IRQHandler                       0x0800018b   Thumb Code     0  startup_stm32f10x_md.o(.text)
    PVD_IRQHandler                           0x0800018b   Thumb Code     0  startup_stm32f10x_md.o(.text)
    RCC_IRQHandler                           0x0800018b   Thumb Code     0  startup_stm32f10x_md.o(.text)
    RTCAlarm_IRQHandler                      0x0800018b   Thumb Code     0  startup_stm32f10x_md.o(.text)
    RTC_IRQHandler                           0x0800018b   Thumb Code     0  startup_stm32f10x_md.o(.text)
    SPI1_IRQHandler                          0x0800018b   Thumb Code     0  startup_stm32f10x_md.o(.text)
    SPI2_IRQHandler                          0x0800018b   Thumb Code     0  startup_stm32f10x_md.o(.text)
    TAMPER_IRQHandler                        0x0800018b   Thumb Code     0  startup_stm32f10x_md.o(.text)
    TIM1_BRK_IRQHandler                      0x0800018b   Thumb Code     0  startup_stm32f10x_md.o(.text)
    TIM1_CC_IRQHandler                       0x0800018b   Thumb Code     0  startup_stm32f10x_md.o(.text)
    TIM1_TRG_COM_IRQHandler                  0x0800018b   Thumb Code     0  startup_stm32f10x_md.o(.text)
    TIM1_UP_IRQHandler                       0x0800018b   Thumb Code     0  startup_stm32f10x_md.o(.text)
    TIM2_IRQHandler                          0x0800018b   Thumb Code     0  startup_stm32f10x_md.o(.text)
    TIM3_IRQHandler                          0x0800018b   Thumb Code     0  startup_stm32f10x_md.o(.text)
    TIM4_IRQHandler                          0x0800018b   Thumb Code     0  startup_stm32f10x_md.o(.text)
    USART1_IRQHandler                        0x0800018b   Thumb Code     0  startup_stm32f10x_md.o(.text)
    USART2_IRQHandler                        0x0800018b   Thumb Code     0  startup_stm32f10x_md.o(.text)
    USART3_IRQHandler                        0x0800018b   Thumb Code     0  startup_stm32f10x_md.o(.text)
    USBWakeUp_IRQHandler                     0x0800018b   Thumb Code     0  startup_stm32f10x_md.o(.text)
    USB_HP_CAN1_TX_IRQHandler                0x0800018b   Thumb Code     0  startup_stm32f10x_md.o(.text)
    USB_LP_CAN1_RX0_IRQHandler               0x0800018b   Thumb Code     0  startup_stm32f10x_md.o(.text)
    WWDG_IRQHandler                          0x0800018b   Thumb Code     0  startup_stm32f10x_md.o(.text)
    __user_initial_stackheap                 0x0800018d   Thumb Code     0  startup_stm32f10x_md.o(.text)
    __aeabi_assert                           0x080001b1   Thumb Code    86  assert.o(.text)
    __assert                                 0x080001b1   Thumb Code     0  assert.o(.text)
    __use_two_region_memory                  0x08000231   Thumb Code     2  heapauxi.o(.text)
    __rt_heap_escrow$2region                 0x08000233   Thumb Code     2  heapauxi.o(.text)
    __rt_heap_expand$2region                 0x08000235   Thumb Code     2  heapauxi.o(.text)
    __cpp_initialize__aeabi_                 0x08000239   Thumb Code    26  init_aeabi.o(.text)
    abort                                    0x0800025d   Thumb Code    22  abort.o(.text)
    __assert_puts                            0x08000273   Thumb Code    20  assert_puts.o(.text)
    _ttywrch                                 0x08000287   Thumb Code    14  sys_wrch.o(.text)
    _sys_exit                                0x08000295   Thumb Code     8  sys_exit.o(.text)
    __rt_SIGABRT                             0x080002a1   Thumb Code    14  defsig_abrt_outer.o(.text)
    __I$use$semihosting                      0x080002af   Thumb Code     0  use_no_semi.o(.text)
    __use_no_semihosting_swi                 0x080002af   Thumb Code     2  use_no_semi.o(.text)
    __semihosting_library_function           0x080002b1   Thumb Code     0  indicate_semi.o(.text)
    __user_setup_stackheap                   0x080002b1   Thumb Code    74  sys_stackheap_outer.o(.text)
    exit                                     0x080002fb   Thumb Code    18  exit.o(.text)
    __sig_exit                               0x0800030d   Thumb Code    10  defsig_exit.o(.text)
    __rt_SIGABRT_inner                       0x08000319   Thumb Code    14  defsig_abrt_inner.o(.text)
    __user_libspace                          0x08000349   Thumb Code     8  libspace.o(.text)
    __user_perproc_libspace                  0x08000349   Thumb Code     0  libspace.o(.text)
    __user_perthread_libspace                0x08000349   Thumb Code     0  libspace.o(.text)
    __default_signal_display                 0x08000351   Thumb Code    50  defsig_general.o(.text)
    BusFault_Handler                         0x08000383   Thumb Code     4  stm32f10x_it.o(i.BusFault_Handler)
    DebugMon_Handler                         0x08000387   Thumb Code     2  stm32f10x_it.o(i.DebugMon_Handler)
    GPIO_Init                                0x08000389   Thumb Code   278  stm32f10x_gpio.o(i.GPIO_Init)
    GPIO_ReadInputDataBit                    0x0800049f   Thumb Code    18  stm32f10x_gpio.o(i.GPIO_ReadInputDataBit)
    GPIO_SetBits                             0x080004b1   Thumb Code     4  stm32f10x_gpio.o(i.GPIO_SetBits)
    GPIO_WriteBit                            0x080004b5   Thumb Code    10  stm32f10x_gpio.o(i.GPIO_WriteBit)
    HardFault_Handler                        0x080004bf   Thumb Code     4  stm32f10x_it.o(i.HardFault_Handler)
    MemManage_Handler                        0x080004c3   Thumb Code     4  stm32f10x_it.o(i.MemManage_Handler)
    NMI_Handler                              0x080004c7   Thumb Code     2  stm32f10x_it.o(i.NMI_Handler)
    PendSV_Handler                           0x080004c9   Thumb Code     2  stm32f10x_it.o(i.PendSV_Handler)
    RCC_APB1PeriphClockCmd                   0x080004cd   Thumb Code    26  stm32f10x_rcc.o(i.RCC_APB1PeriphClockCmd)
    RCC_APB2PeriphClockCmd                   0x080004ed   Thumb Code    26  stm32f10x_rcc.o(i.RCC_APB2PeriphClockCmd)
    SVC_Handler                              0x0800050d   Thumb Code     2  stm32f10x_it.o(i.SVC_Handler)
    SysTick_Handler                          0x080005f9   Thumb Code     2  stm32f10x_it.o(i.SysTick_Handler)
    SystemInit                               0x080005fd   Thumb Code    78  system_stm32f10x.o(i.SystemInit)
    TIM_Cmd                                  0x0800089d   Thumb Code    24  stm32f10x_tim.o(i.TIM_Cmd)
    TIM_CtrlPWMOutputs                       0x080008b5   Thumb Code    30  stm32f10x_tim.o(i.TIM_CtrlPWMOutputs)
    TIM_EncoderInterfaceConfig               0x080008d3   Thumb Code    66  stm32f10x_tim.o(i.TIM_EncoderInterfaceConfig)
    TIM_GetCounter                           0x08000915   Thumb Code     6  stm32f10x_tim.o(i.TIM_GetCounter)
    TIM_ICInit                               0x0800091d   Thumb Code   150  stm32f10x_tim.o(i.TIM_ICInit)
    TIM_ICStructInit                         0x080009c9   Thumb Code    18  stm32f10x_tim.o(i.TIM_ICStructInit)
    TIM_OC1Init                              0x080009dd   Thumb Code   132  stm32f10x_tim.o(i.TIM_OC1Init)
    TIM_OC1PreloadConfig                     0x08000a75   Thumb Code    18  stm32f10x_tim.o(i.TIM_OC1PreloadConfig)
    TIM_OC4Init                              0x08000a89   Thumb Code   114  stm32f10x_tim.o(i.TIM_OC4Init)
    TIM_OC4PreloadConfig                     0x08000b05   Thumb Code    26  stm32f10x_tim.o(i.TIM_OC4PreloadConfig)
    TIM_OCStructInit                         0x08000b1f   Thumb Code    20  stm32f10x_tim.o(i.TIM_OCStructInit)
    TIM_SetCompare1                          0x08000b33   Thumb Code     4  stm32f10x_tim.o(i.TIM_SetCompare1)
    TIM_SetCompare4                          0x08000b37   Thumb Code     6  stm32f10x_tim.o(i.TIM_SetCompare4)
    TIM_SetCounter                           0x08000b3d   Thumb Code     4  stm32f10x_tim.o(i.TIM_SetCounter)
    TIM_SetIC1Prescaler                      0x08000b41   Thumb Code    18  stm32f10x_tim.o(i.TIM_SetIC1Prescaler)
    TIM_SetIC2Prescaler                      0x08000b53   Thumb Code    26  stm32f10x_tim.o(i.TIM_SetIC2Prescaler)
    TIM_SetIC3Prescaler                      0x08000b6d   Thumb Code    18  stm32f10x_tim.o(i.TIM_SetIC3Prescaler)
    TIM_SetIC4Prescaler                      0x08000b7f   Thumb Code    26  stm32f10x_tim.o(i.TIM_SetIC4Prescaler)
    TIM_TimeBaseInit                         0x08000b99   Thumb Code   122  stm32f10x_tim.o(i.TIM_TimeBaseInit)
    TIM_TimeBaseStructInit                   0x08000c3d   Thumb Code    18  stm32f10x_tim.o(i.TIM_TimeBaseStructInit)
    UsageFault_Handler                       0x08000c4f   Thumb Code     4  stm32f10x_it.o(i.UsageFault_Handler)
    GetTIMClock(TIM_TypeDef*)                0x08000c55   Thumb Code    96  io_core.o(i._Z11GetTIMClockP11TIM_TypeDef)
    GetGpioClock(GPIO_TypeDef*)              0x08000cd5   Thumb Code    76  io_core.o(i._Z12GetGpioClockP12GPIO_TypeDef)
    Hardware_Init()                          0x08000d3d   Thumb Code     8  pivot.o(i._Z13Hardware_Initv)
    GetTimerFromGPIO(GPIO_TypeDef*, unsigned short) 0x08000d45   Thumb Code    62  io_core.o(i._Z16GetTimerFromGPIOP12GPIO_TypeDeft)
    Delay_ms(unsigned)                       0x08000d89   Thumb Code    24  delay.o(i._Z8Delay_msj)
    Delay_us(unsigned)                       0x08000da1   Thumb Code    46  delay.o(i._Z8Delay_usj)
    LED_Init()                               0x08000dd1   Thumb Code    46  led.o(i._Z8LED_Initv)
    PWM::setOc1(unsigned short)              0x08000e05   Thumb Code    16  io_core.o(i._ZN3PWM6setOc1Et)
    PWM::setOc4(unsigned short)              0x08000e15   Thumb Code    16  io_core.o(i._ZN3PWM6setOc4Et)
    PWM::PWM(GPIO_TypeDef*, unsigned short, GPIO_TypeDef*, unsigned short, unsigned short, unsigned short) 0x08000e25   Thumb Code   262  io_core.o(i._ZN3PWMC1EP12GPIO_TypeDeftS1_ttt)
    PWM::PWM__sub_object(GPIO_TypeDef*, unsigned short, GPIO_TypeDef*, unsigned short, unsigned short, unsigned short) 0x08000e25   Thumb Code     0  io_core.o(i._ZN3PWMC1EP12GPIO_TypeDeftS1_ttt)
    GPIO::Read()                             0x08000f99   Thumb Code    22  io_core.o(i._ZN4GPIO4ReadEv)
    GPIO::Write(bool)                        0x08000faf   Thumb Code    18  io_core.o(i._ZN4GPIO5WriteEb)
    GPIO::GPIO(GPIO_TypeDef*, unsigned short, GPIOMode_TypeDef) 0x08000fc1   Thumb Code    60  io_core.o(i._ZN4GPIOC1EP12GPIO_TypeDeft16GPIOMode_TypeDef)
    GPIO::GPIO__sub_object(GPIO_TypeDef*, unsigned short, GPIOMode_TypeDef) 0x08000fc1   Thumb Code     0  io_core.o(i._ZN4GPIOC1EP12GPIO_TypeDeft16GPIOMode_TypeDef)
    OLED::OLED_W_SCL(unsigned char)          0x08000ffd   Thumb Code    24  oled.o(i._ZN4OLED10OLED_W_SCLEh)
    OLED::OLED_W_SDA(unsigned char)          0x08001015   Thumb Code    26  oled.o(i._ZN4OLED10OLED_W_SDAEh)
    OLED::I2C_SendByte(unsigned char)        0x0800102f   Thumb Code    66  oled.o(i._ZN4OLED12I2C_SendByteEh)
    OLED::WriteCommand(unsigned char)        0x08001071   Thumb Code    44  oled.o(i._ZN4OLED12WriteCommandEh)
    OLED::Pow(unsigned, unsigned)            0x0800109d   Thumb Code    20  oled.o(i._ZN4OLED3PowEjj)
    OLED::Init()                             0x080010b1   Thumb Code   196  oled.o(i._ZN4OLED4InitEv)
    OLED::Clear()                            0x08001175   Thumb Code    48  oled.o(i._ZN4OLED5ClearEv)
    OLED::ShowNum(unsigned char, unsigned char, unsigned, unsigned char) 0x080011a5   Thumb Code    74  oled.o(i._ZN4OLED7ShowNumEhhjh)
    OLED::I2C_Stop()                         0x080011ef   Thumb Code    30  oled.o(i._ZN4OLED8I2C_StopEv)
    OLED::ShowChar(unsigned char, unsigned char, char) 0x0800120d   Thumb Code   120  oled.o(i._ZN4OLED8ShowCharEhhc)
    OLED::I2C_Start()                        0x08001289   Thumb Code    30  oled.o(i._ZN4OLED9I2C_StartEv)
    OLED::SetCursor(unsigned char, unsigned char) 0x080012a7   Thumb Code    42  oled.o(i._ZN4OLED9SetCursorEhh)
    OLED::WriteData(unsigned char)           0x080012d1   Thumb Code    44  oled.o(i._ZN4OLED9WriteDataEh)
    OLED::OLED(GPIO_TypeDef*, unsigned short, GPIO_TypeDef*, unsigned short) 0x080012fd   Thumb Code    84  oled.o(i._ZN4OLEDC1EP12GPIO_TypeDeftS1_t)
    OLED::OLED__sub_object(GPIO_TypeDef*, unsigned short, GPIO_TypeDef*, unsigned short) 0x080012fd   Thumb Code     0  oled.o(i._ZN4OLEDC1EP12GPIO_TypeDeftS1_t)
    wheel::Go()                              0x08001351   Thumb Code    24  control.o(i._ZN5wheel2GoEv)
    wheel::wheel(GPIO_TypeDef*, unsigned short, GPIO_TypeDef*, unsigned short) 0x08001369   Thumb Code    72  control.o(i._ZN5wheelC1EP12GPIO_TypeDeftS1_t)
    wheel::wheel__sub_object(GPIO_TypeDef*, unsigned short, GPIO_TypeDef*, unsigned short) 0x08001369   Thumb Code     0  control.o(i._ZN5wheelC1EP12GPIO_TypeDeftS1_t)
    MPU6050::I2C::ReceiveAck()               0x080013b1   Thumb Code    40  mpu6050.o(i._ZN7MPU60503I2C10ReceiveAckEv)
    MPU6050::I2C::Stop()                     0x080013d9   Thumb Code    30  mpu6050.o(i._ZN7MPU60503I2C4StopEv)
    MPU6050::I2C::R_SDA()                    0x080013f7   Thumb Code    20  mpu6050.o(i._ZN7MPU60503I2C5R_SDAEv)
    MPU6050::I2C::Start()                    0x0800140b   Thumb Code    38  mpu6050.o(i._ZN7MPU60503I2C5StartEv)
    MPU6050::I2C::W_SCL(unsigned char)       0x08001431   Thumb Code    30  mpu6050.o(i._ZN7MPU60503I2C5W_SCLEh)
    MPU6050::I2C::W_SDA(unsigned char)       0x0800144f   Thumb Code    32  mpu6050.o(i._ZN7MPU60503I2C5W_SDAEh)
    MPU6050::I2C::SendByte(unsigned char)    0x0800146f   Thumb Code    50  mpu6050.o(i._ZN7MPU60503I2C8SendByteEh)
    MPU6050::I2C::I2C(GPIO_TypeDef*, unsigned short, GPIO_TypeDef*, unsigned short) 0x080014a1   Thumb Code    72  mpu6050.o(i._ZN7MPU60503I2CC1EP12GPIO_TypeDeftS2_t)
    MPU6050::I2C::I2C__sub_object(GPIO_TypeDef*, unsigned short, GPIO_TypeDef*, unsigned short) 0x080014a1   Thumb Code     0  mpu6050.o(i._ZN7MPU60503I2CC1EP12GPIO_TypeDeftS2_t)
    MPU6050::WriteReg(unsigned char, unsigned char) 0x080014e9   Thumb Code    64  mpu6050.o(i._ZN7MPU60508WriteRegEhh)
    MPU6050::MPU6050(GPIO_TypeDef*, unsigned short, GPIO_TypeDef*, unsigned short) 0x08001529   Thumb Code   100  mpu6050.o(i._ZN7MPU6050C1EP12GPIO_TypeDeftS1_t)
    MPU6050::MPU6050__sub_object(GPIO_TypeDef*, unsigned short, GPIO_TypeDef*, unsigned short) 0x08001529   Thumb Code     0  mpu6050.o(i._ZN7MPU6050C1EP12GPIO_TypeDeftS1_t)
    control::control(GPIO_TypeDef*, unsigned short, GPIO_TypeDef*, unsigned short, GPIO_TypeDef*, unsigned short, GPIO_TypeDef*, unsigned short, GPIO_TypeDef*, unsigned short, GPIO_TypeDef*, unsigned short, unsigned short, unsigned short) 0x0800158d   Thumb Code    98  control.o(i._ZN7controlC1EP12GPIO_TypeDeftS1_tS1_tS1_tS1_tS1_ttt)
    control::control__sub_object(GPIO_TypeDef*, unsigned short, GPIO_TypeDef*, unsigned short, GPIO_TypeDef*, unsigned short, GPIO_TypeDef*, unsigned short, GPIO_TypeDef*, unsigned short, GPIO_TypeDef*, unsigned short, unsigned short, unsigned short) 0x0800158d   Thumb Code     0  control.o(i._ZN7controlC1EP12GPIO_TypeDeftS1_tS1_tS1_tS1_tS1_ttt)
    encoder::Right()                         0x080015ef   Thumb Code    24  io_core.o(i._ZN7encoder5RightEv)
    encoder::encoder(GPIO_TypeDef*, unsigned short, GPIO_TypeDef*, unsigned short, unsigned short, unsigned short) 0x08001609   Thumb Code   266  io_core.o(i._ZN7encoderC1EP12GPIO_TypeDeftS1_ttt)
    encoder::encoder__sub_object(GPIO_TypeDef*, unsigned short, GPIO_TypeDef*, unsigned short, unsigned short, unsigned short) 0x08001609   Thumb Code     0  io_core.o(i._ZN7encoderC1EP12GPIO_TypeDeftS1_ttt)
    main                                     0x08001839   Thumb Code   110  mian.o(i.main)
    timMap                                   0x080018b8   Data         192  io_core.o(.constdata)
    Region$$Table$$Base                      0x08001f68   Number         0  anon$$obj.o(Region$$Table)
    Region$$Table$$Limit                     0x08001f78   Number         0  anon$$obj.o(Region$$Table)
    SHT$$INIT_ARRAY$$Base                    0x08001f78   Number         0  mian.o(.init_array)
    SHT$$INIT_ARRAY$$Limit                   0x08001f7c   Number         0  init_aeabi.o(.init_array)
    oled                                     0x20000000   Data          16  mian.o(.bss)
    Contro                                   0x20000010   Data          52  mian.o(.bss)
    End_left                                 0x20000044   Data          20  mian.o(.bss)
    End_right                                0x20000058   Data          20  mian.o(.bss)
    MPU                                      0x2000006c   Data          28  mian.o(.bss)
    __libspace_start                         0x20000088   Data          96  libspace.o(.bss)
    __temporary_stack_top$libspace           0x200000e8   Data           0  libspace.o(.bss)



==============================================================================

Memory Map of the image

  Image Entry point : 0x080000ed

  Load Region LR_IROM1 (Base: 0x08000000, Size: 0x00001f7c, Max: 0x00010000, ABSOLUTE)

    Execution Region ER_IROM1 (Exec base: 0x08000000, Load base: 0x08000000, Size: 0x00001f7c, Max: 0x00010000, ABSOLUTE)

    Exec Addr    Load Addr    Size         Type   Attr      Idx    E Section Name        Object

    0x08000000   0x08000000   0x000000ec   Data   RO            3    RESET               startup_stm32f10x_md.o
    0x080000ec   0x080000ec   0x00000008   Code   RO         3977  * !!!main             c_w.l(__main.o)
    0x080000f4   0x080000f4   0x00000034   Code   RO         4148    !!!scatter          c_w.l(__scatter.o)
    0x08000128   0x08000128   0x0000001c   Code   RO         4150    !!handler_zi        c_w.l(__scatter_zi.o)
    0x08000144   0x08000144   0x00000002   Code   RO         4084    .ARM.Collect$$libinit$$00000000  c_w.l(libinit.o)
    0x08000146   0x08000146   0x00000000   Code   RO         3991    .ARM.Collect$$libinit$$00000002  c_w.l(libinit2.o)
    0x08000146   0x08000146   0x00000000   Code   RO         3993    .ARM.Collect$$libinit$$00000004  c_w.l(libinit2.o)
    0x08000146   0x08000146   0x00000000   Code   RO         3996    .ARM.Collect$$libinit$$0000000A  c_w.l(libinit2.o)
    0x08000146   0x08000146   0x00000000   Code   RO         3998    .ARM.Collect$$libinit$$0000000C  c_w.l(libinit2.o)
    0x08000146   0x08000146   0x00000000   Code   RO         4000    .ARM.Collect$$libinit$$0000000E  c_w.l(libinit2.o)
    0x08000146   0x08000146   0x00000000   Code   RO         4003    .ARM.Collect$$libinit$$00000011  c_w.l(libinit2.o)
    0x08000146   0x08000146   0x00000000   Code   RO         4005    .ARM.Collect$$libinit$$00000013  c_w.l(libinit2.o)
    0x08000146   0x08000146   0x00000000   Code   RO         4007    .ARM.Collect$$libinit$$00000015  c_w.l(libinit2.o)
    0x08000146   0x08000146   0x00000000   Code   RO         4009    .ARM.Collect$$libinit$$00000017  c_w.l(libinit2.o)
    0x08000146   0x08000146   0x00000000   Code   RO         4011    .ARM.Collect$$libinit$$00000019  c_w.l(libinit2.o)
    0x08000146   0x08000146   0x00000000   Code   RO         4013    .ARM.Collect$$libinit$$0000001B  c_w.l(libinit2.o)
    0x08000146   0x08000146   0x00000000   Code   RO         4015    .ARM.Collect$$libinit$$0000001D  c_w.l(libinit2.o)
    0x08000146   0x08000146   0x00000000   Code   RO         4017    .ARM.Collect$$libinit$$0000001F  c_w.l(libinit2.o)
    0x08000146   0x08000146   0x00000000   Code   RO         4019    .ARM.Collect$$libinit$$00000021  c_w.l(libinit2.o)
    0x08000146   0x08000146   0x00000000   Code   RO         4021    .ARM.Collect$$libinit$$00000023  c_w.l(libinit2.o)
    0x08000146   0x08000146   0x00000000   Code   RO         4023    .ARM.Collect$$libinit$$00000025  c_w.l(libinit2.o)
    0x08000146   0x08000146   0x00000000   Code   RO         4027    .ARM.Collect$$libinit$$0000002C  c_w.l(libinit2.o)
    0x08000146   0x08000146   0x00000000   Code   RO         4029    .ARM.Collect$$libinit$$0000002E  c_w.l(libinit2.o)
    0x08000146   0x08000146   0x00000000   Code   RO         4031    .ARM.Collect$$libinit$$00000030  c_w.l(libinit2.o)
    0x08000146   0x08000146   0x00000004   Code   RO         4032    .ARM.Collect$$libinit$$00000031  c_w.l(libinit2.o)
    0x0800014a   0x0800014a   0x00000000   Code   RO         4033    .ARM.Collect$$libinit$$00000032  c_w.l(libinit2.o)
    0x0800014a   0x0800014a   0x00000002   Code   RO         4034    .ARM.Collect$$libinit$$00000033  c_w.l(libinit2.o)
    0x0800014c   0x0800014c   0x00000002   Code   RO         4129    .ARM.Collect$$libshutdown$$00000000  c_w.l(libshutdown.o)
    0x0800014e   0x0800014e   0x00000000   Code   RO         4131    .ARM.Collect$$libshutdown$$00000002  c_w.l(libshutdown2.o)
    0x0800014e   0x0800014e   0x00000000   Code   RO         4133    .ARM.Collect$$libshutdown$$00000004  c_w.l(libshutdown2.o)
    0x0800014e   0x0800014e   0x00000000   Code   RO         4136    .ARM.Collect$$libshutdown$$00000007  c_w.l(libshutdown2.o)
    0x0800014e   0x0800014e   0x00000000   Code   RO         4139    .ARM.Collect$$libshutdown$$0000000A  c_w.l(libshutdown2.o)
    0x0800014e   0x0800014e   0x00000000   Code   RO         4141    .ARM.Collect$$libshutdown$$0000000C  c_w.l(libshutdown2.o)
    0x0800014e   0x0800014e   0x00000000   Code   RO         4144    .ARM.Collect$$libshutdown$$0000000F  c_w.l(libshutdown2.o)
    0x0800014e   0x0800014e   0x00000002   Code   RO         4145    .ARM.Collect$$libshutdown$$00000010  c_w.l(libshutdown2.o)
    0x08000150   0x08000150   0x00000000   Code   RO         3985    .ARM.Collect$$rtentry$$00000000  c_w.l(__rtentry.o)
    0x08000150   0x08000150   0x00000000   Code   RO         4040    .ARM.Collect$$rtentry$$00000002  c_w.l(__rtentry2.o)
    0x08000150   0x08000150   0x00000006   Code   RO         4052    .ARM.Collect$$rtentry$$00000004  c_w.l(__rtentry4.o)
    0x08000156   0x08000156   0x00000000   Code   RO         4042    .ARM.Collect$$rtentry$$00000009  c_w.l(__rtentry2.o)
    0x08000156   0x08000156   0x00000004   Code   RO         4043    .ARM.Collect$$rtentry$$0000000A  c_w.l(__rtentry2.o)
    0x0800015a   0x0800015a   0x00000000   Code   RO         4045    .ARM.Collect$$rtentry$$0000000C  c_w.l(__rtentry2.o)
    0x0800015a   0x0800015a   0x00000008   Code   RO         4046    .ARM.Collect$$rtentry$$0000000D  c_w.l(__rtentry2.o)
    0x08000162   0x08000162   0x00000002   Code   RO         4090    .ARM.Collect$$rtexit$$00000000  c_w.l(rtexit.o)
    0x08000164   0x08000164   0x00000000   Code   RO         4103    .ARM.Collect$$rtexit$$00000002  c_w.l(rtexit2.o)
    0x08000164   0x08000164   0x00000004   Code   RO         4104    .ARM.Collect$$rtexit$$00000003  c_w.l(rtexit2.o)
    0x08000168   0x08000168   0x00000006   Code   RO         4105    .ARM.Collect$$rtexit$$00000004  c_w.l(rtexit2.o)
    0x0800016e   0x0800016e   0x00000002   PAD
    0x08000170   0x08000170   0x00000040   Code   RO            4    .text               startup_stm32f10x_md.o
    0x080001b0   0x080001b0   0x00000080   Code   RO         3973    .text               c_w.l(assert.o)
    0x08000230   0x08000230   0x00000006   Code   RO         3975    .text               c_w.l(heapauxi.o)
    0x08000236   0x08000236   0x00000002   PAD
    0x08000238   0x08000238   0x00000024   Code   RO         3982    .text               c_w.l(init_aeabi.o)
    0x0800025c   0x0800025c   0x00000016   Code   RO         3986    .text               c_w.l(abort.o)
    0x08000272   0x08000272   0x00000014   Code   RO         3988    .text               c_w.l(assert_puts.o)
    0x08000286   0x08000286   0x0000000e   Code   RO         4035    .text               c_w.l(sys_wrch.o)
    0x08000294   0x08000294   0x0000000c   Code   RO         4037    .text               c_w.l(sys_exit.o)
    0x080002a0   0x080002a0   0x0000000e   Code   RO         4054    .text               c_w.l(defsig_abrt_outer.o)
    0x080002ae   0x080002ae   0x00000002   Code   RO         4062    .text               c_w.l(use_no_semi.o)
    0x080002b0   0x080002b0   0x00000000   Code   RO         4064    .text               c_w.l(indicate_semi.o)
    0x080002b0   0x080002b0   0x0000004a   Code   RO         4065    .text               c_w.l(sys_stackheap_outer.o)
    0x080002fa   0x080002fa   0x00000012   Code   RO         4069    .text               c_w.l(exit.o)
    0x0800030c   0x0800030c   0x0000000a   Code   RO         4071    .text               c_w.l(defsig_exit.o)
    0x08000316   0x08000316   0x00000002   PAD
    0x08000318   0x08000318   0x00000030   Code   RO         4073    .text               c_w.l(defsig_abrt_inner.o)
    0x08000348   0x08000348   0x00000008   Code   RO         4087    .text               c_w.l(libspace.o)
    0x08000350   0x08000350   0x00000032   Code   RO         4096    .text               c_w.l(defsig_general.o)
    0x08000382   0x08000382   0x00000004   Code   RO         3869    i.BusFault_Handler  stm32f10x_it.o
    0x08000386   0x08000386   0x00000002   Code   RO         3870    i.DebugMon_Handler  stm32f10x_it.o
    0x08000388   0x08000388   0x00000116   Code   RO         1347    i.GPIO_Init         stm32f10x_gpio.o
    0x0800049e   0x0800049e   0x00000012   Code   RO         1351    i.GPIO_ReadInputDataBit  stm32f10x_gpio.o
    0x080004b0   0x080004b0   0x00000004   Code   RO         1355    i.GPIO_SetBits      stm32f10x_gpio.o
    0x080004b4   0x080004b4   0x0000000a   Code   RO         1358    i.GPIO_WriteBit     stm32f10x_gpio.o
    0x080004be   0x080004be   0x00000004   Code   RO         3871    i.HardFault_Handler  stm32f10x_it.o
    0x080004c2   0x080004c2   0x00000004   Code   RO         3872    i.MemManage_Handler  stm32f10x_it.o
    0x080004c6   0x080004c6   0x00000002   Code   RO         3873    i.NMI_Handler       stm32f10x_it.o
    0x080004c8   0x080004c8   0x00000002   Code   RO         3874    i.PendSV_Handler    stm32f10x_it.o
    0x080004ca   0x080004ca   0x00000002   PAD
    0x080004cc   0x080004cc   0x00000020   Code   RO         1775    i.RCC_APB1PeriphClockCmd  stm32f10x_rcc.o
    0x080004ec   0x080004ec   0x00000020   Code   RO         1777    i.RCC_APB2PeriphClockCmd  stm32f10x_rcc.o
    0x0800050c   0x0800050c   0x00000002   Code   RO         3875    i.SVC_Handler       stm32f10x_it.o
    0x0800050e   0x0800050e   0x00000008   Code   RO           24    i.SetSysClock       system_stm32f10x.o
    0x08000516   0x08000516   0x00000002   PAD
    0x08000518   0x08000518   0x000000e0   Code   RO           25    i.SetSysClockTo72   system_stm32f10x.o
    0x080005f8   0x080005f8   0x00000002   Code   RO         3876    i.SysTick_Handler   stm32f10x_it.o
    0x080005fa   0x080005fa   0x00000002   PAD
    0x080005fc   0x080005fc   0x00000060   Code   RO           27    i.SystemInit        system_stm32f10x.o
    0x0800065c   0x0800065c   0x00000080   Code   RO         2405    i.TI1_Config        stm32f10x_tim.o
    0x080006dc   0x080006dc   0x00000098   Code   RO         2406    i.TI2_Config        stm32f10x_tim.o
    0x08000774   0x08000774   0x00000090   Code   RO         2407    i.TI3_Config        stm32f10x_tim.o
    0x08000804   0x08000804   0x00000098   Code   RO         2408    i.TI4_Config        stm32f10x_tim.o
    0x0800089c   0x0800089c   0x00000018   Code   RO         2421    i.TIM_Cmd           stm32f10x_tim.o
    0x080008b4   0x080008b4   0x0000001e   Code   RO         2423    i.TIM_CtrlPWMOutputs  stm32f10x_tim.o
    0x080008d2   0x080008d2   0x00000042   Code   RO         2430    i.TIM_EncoderInterfaceConfig  stm32f10x_tim.o
    0x08000914   0x08000914   0x00000006   Code   RO         2440    i.TIM_GetCounter    stm32f10x_tim.o
    0x0800091a   0x0800091a   0x00000002   PAD
    0x0800091c   0x0800091c   0x000000ac   Code   RO         2444    i.TIM_ICInit        stm32f10x_tim.o
    0x080009c8   0x080009c8   0x00000012   Code   RO         2445    i.TIM_ICStructInit  stm32f10x_tim.o
    0x080009da   0x080009da   0x00000002   PAD
    0x080009dc   0x080009dc   0x00000098   Code   RO         2450    i.TIM_OC1Init       stm32f10x_tim.o
    0x08000a74   0x08000a74   0x00000012   Code   RO         2453    i.TIM_OC1PreloadConfig  stm32f10x_tim.o
    0x08000a86   0x08000a86   0x00000002   PAD
    0x08000a88   0x08000a88   0x0000007c   Code   RO         2465    i.TIM_OC4Init       stm32f10x_tim.o
    0x08000b04   0x08000b04   0x0000001a   Code   RO         2467    i.TIM_OC4PreloadConfig  stm32f10x_tim.o
    0x08000b1e   0x08000b1e   0x00000014   Code   RO         2468    i.TIM_OCStructInit  stm32f10x_tim.o
    0x08000b32   0x08000b32   0x00000004   Code   RO         2482    i.TIM_SetCompare1   stm32f10x_tim.o
    0x08000b36   0x08000b36   0x00000006   Code   RO         2485    i.TIM_SetCompare4   stm32f10x_tim.o
    0x08000b3c   0x08000b3c   0x00000004   Code   RO         2486    i.TIM_SetCounter    stm32f10x_tim.o
    0x08000b40   0x08000b40   0x00000012   Code   RO         2487    i.TIM_SetIC1Prescaler  stm32f10x_tim.o
    0x08000b52   0x08000b52   0x0000001a   Code   RO         2488    i.TIM_SetIC2Prescaler  stm32f10x_tim.o
    0x08000b6c   0x08000b6c   0x00000012   Code   RO         2489    i.TIM_SetIC3Prescaler  stm32f10x_tim.o
    0x08000b7e   0x08000b7e   0x0000001a   Code   RO         2490    i.TIM_SetIC4Prescaler  stm32f10x_tim.o
    0x08000b98   0x08000b98   0x000000a4   Code   RO         2492    i.TIM_TimeBaseInit  stm32f10x_tim.o
    0x08000c3c   0x08000c3c   0x00000012   Code   RO         2493    i.TIM_TimeBaseStructInit  stm32f10x_tim.o
    0x08000c4e   0x08000c4e   0x00000004   Code   RO         3877    i.UsageFault_Handler  stm32f10x_it.o
    0x08000c52   0x08000c52   0x00000002   PAD
    0x08000c54   0x08000c54   0x00000080   Code   RO         3393    i._Z11GetTIMClockP11TIM_TypeDef  io_core.o
    0x08000cd4   0x08000cd4   0x00000068   Code   RO         3394    i._Z12GetGpioClockP12GPIO_TypeDef  io_core.o
    0x08000d3c   0x08000d3c   0x00000008   Code   RO         3958    i._Z13Hardware_Initv  pivot.o
    0x08000d44   0x08000d44   0x00000044   Code   RO         3395    i._Z16GetTimerFromGPIOP12GPIO_TypeDeft  io_core.o
    0x08000d88   0x08000d88   0x00000018   Code   RO         3197    i._Z8Delay_msj      delay.o
    0x08000da0   0x08000da0   0x0000002e   Code   RO         3198    i._Z8Delay_usj      delay.o
    0x08000dce   0x08000dce   0x00000002   PAD
    0x08000dd0   0x08000dd0   0x00000034   Code   RO         3538    i._Z8LED_Initv      led.o
    0x08000e04   0x08000e04   0x00000010   Code   RO         3396    i._ZN3PWM6setOc1Et  io_core.o
    0x08000e14   0x08000e14   0x00000010   Code   RO         3397    i._ZN3PWM6setOc4Et  io_core.o
    0x08000e24   0x08000e24   0x00000174   Code   RO         3398    i._ZN3PWMC1EP12GPIO_TypeDeftS1_ttt  io_core.o
    0x08000f98   0x08000f98   0x00000016   Code   RO         3399    i._ZN4GPIO4ReadEv   io_core.o
    0x08000fae   0x08000fae   0x00000012   Code   RO         3400    i._ZN4GPIO5WriteEb  io_core.o
    0x08000fc0   0x08000fc0   0x0000003c   Code   RO         3401    i._ZN4GPIOC1EP12GPIO_TypeDeft16GPIOMode_TypeDef  io_core.o
    0x08000ffc   0x08000ffc   0x00000018   Code   RO         3696    i._ZN4OLED10OLED_W_SCLEh  oled.o
    0x08001014   0x08001014   0x0000001a   Code   RO         3690    i._ZN4OLED10OLED_W_SDAEh  oled.o
    0x0800102e   0x0800102e   0x00000042   Code   RO         3592    i._ZN4OLED12I2C_SendByteEh  oled.o
    0x08001070   0x08001070   0x0000002c   Code   RO         3593    i._ZN4OLED12WriteCommandEh  oled.o
    0x0800109c   0x0800109c   0x00000014   Code   RO         3595    i._ZN4OLED3PowEjj   oled.o
    0x080010b0   0x080010b0   0x000000c4   Code   RO         3596    i._ZN4OLED4InitEv   oled.o
    0x08001174   0x08001174   0x00000030   Code   RO         3597    i._ZN4OLED5ClearEv  oled.o
    0x080011a4   0x080011a4   0x0000004a   Code   RO         3598    i._ZN4OLED7ShowNumEhhjh  oled.o
    0x080011ee   0x080011ee   0x0000001e   Code   RO         3599    i._ZN4OLED8I2C_StopEv  oled.o
    0x0800120c   0x0800120c   0x0000007c   Code   RO         3600    i._ZN4OLED8ShowCharEhhc  oled.o
    0x08001288   0x08001288   0x0000001e   Code   RO         3601    i._ZN4OLED9I2C_StartEv  oled.o
    0x080012a6   0x080012a6   0x0000002a   Code   RO         3602    i._ZN4OLED9SetCursorEhh  oled.o
    0x080012d0   0x080012d0   0x0000002c   Code   RO         3603    i._ZN4OLED9WriteDataEh  oled.o
    0x080012fc   0x080012fc   0x00000054   Code   RO         3604    i._ZN4OLEDC1EP12GPIO_TypeDeftS1_t  oled.o
    0x08001350   0x08001350   0x00000018   Code   RO         3725    i._ZN5wheel2GoEv    control.o
    0x08001368   0x08001368   0x00000048   Code   RO         3727    i._ZN5wheelC1EP12GPIO_TypeDeftS1_t  control.o
    0x080013b0   0x080013b0   0x00000028   Code   RO         3758    i._ZN7MPU60503I2C10ReceiveAckEv  mpu6050.o
    0x080013d8   0x080013d8   0x0000001e   Code   RO         3760    i._ZN7MPU60503I2C4StopEv  mpu6050.o
    0x080013f6   0x080013f6   0x00000014   Code   RO         3761    i._ZN7MPU60503I2C5R_SDAEv  mpu6050.o
    0x0800140a   0x0800140a   0x00000026   Code   RO         3762    i._ZN7MPU60503I2C5StartEv  mpu6050.o
    0x08001430   0x08001430   0x0000001e   Code   RO         3763    i._ZN7MPU60503I2C5W_SCLEh  mpu6050.o
    0x0800144e   0x0800144e   0x00000020   Code   RO         3764    i._ZN7MPU60503I2C5W_SDAEh  mpu6050.o
    0x0800146e   0x0800146e   0x00000032   Code   RO         3766    i._ZN7MPU60503I2C8SendByteEh  mpu6050.o
    0x080014a0   0x080014a0   0x00000048   Code   RO         3767    i._ZN7MPU60503I2CC1EP12GPIO_TypeDeftS2_t  mpu6050.o
    0x080014e8   0x080014e8   0x00000040   Code   RO         3772    i._ZN7MPU60508WriteRegEhh  mpu6050.o
    0x08001528   0x08001528   0x00000064   Code   RO         3773    i._ZN7MPU6050C1EP12GPIO_TypeDeftS1_t  mpu6050.o
    0x0800158c   0x0800158c   0x00000062   Code   RO         3728    i._ZN7controlC1EP12GPIO_TypeDeftS1_tS1_tS1_tS1_tS1_ttt  control.o
    0x080015ee   0x080015ee   0x00000018   Code   RO         3403    i._ZN7encoder5RightEv  io_core.o
    0x08001606   0x08001606   0x00000002   PAD
    0x08001608   0x08001608   0x0000017c   Code   RO         3404    i._ZN7encoderC1EP12GPIO_TypeDeftS1_ttt  io_core.o
    0x08001784   0x08001784   0x000000b4   Code   RO         3932    i.__sti___8_mian_cpp_oled  mian.o
    0x08001838   0x08001838   0x00000080   Code   RO         3933    i.main              mian.o
    0x080018b8   0x080018b8   0x000000c0   Data   RO         3417    .constdata          io_core.o
    0x08001978   0x08001978   0x000005f0   Data   RO         3621    .constdata          oled.o
    0x08001f68   0x08001f68   0x00000010   Data   RO         4146    Region$$Table       anon$$obj.o
    0x08001f78   0x08001f78   0x00000004   Data   RO         3937    .init_array         mian.o
    0x08001f7c   0x08001f78   0x00000000   Data   RO         3980    .init_array         c_w.l(init_aeabi.o)


    Execution Region RW_IRAM1 (Exec base: 0x20000000, Load base: 0x08001f7c, Size: 0x000006e8, Max: 0x00005000, ABSOLUTE)

    Exec Addr    Load Addr    Size         Type   Attr      Idx    E Section Name        Object

    0x20000000        -       0x00000088   Zero   RW         3936    .bss                mian.o
    0x20000088        -       0x00000060   Zero   RW         4088    .bss                c_w.l(libspace.o)
    0x200000e8        -       0x00000200   Zero   RW            2    HEAP                startup_stm32f10x_md.o
    0x200002e8        -       0x00000400   Zero   RW            1    STACK               startup_stm32f10x_md.o


==============================================================================

Image component sizes


      Code (inc. data)   RO Data    RW Data    ZI Data      Debug   Object Name

       194          0          0          0          0       3048   control.o
         0          0          0          0          0       4508   core_cm3.o
        70          0          0          0          0     235430   delay.o
      1208        290        192          0          0       8253   io_core.o
        52          6          0          0          0        443   led.o
       308         48          4          0        136       1968   mian.o
         0          0          0          0          0     201652   misc.o
       476          0          0          0          0       6544   mpu6050.o
       852          4       1520          0          0      11905   oled.o
         8          0          0          0          0        392   pivot.o
        64         26        236          0       1536        788   startup_stm32f10x_md.o
       310          0          0          0          0      11623   stm32f10x_gpio.o
        26          0          0          0          0       3422   stm32f10x_it.o
        64         12          0          0          0       1002   stm32f10x_rcc.o
      1516        180          0          0          0      33911   stm32f10x_tim.o
       328         28          0          0          0       1685   system_stm32f10x.o

    ----------------------------------------------------------------------
      5494        594       1968          0       1672     526574   Object Totals
         0          0         16          0          0          0   (incl. Generated)
        18          0          0          0          0          0   (incl. Padding)

    ----------------------------------------------------------------------

      Code (inc. data)   RO Data    RW Data    ZI Data      Debug   Library Member Name

         8          0          0          0          0         68   __main.o
         0          0          0          0          0          0   __rtentry.o
        12          0          0          0          0          0   __rtentry2.o
         6          0          0          0          0          0   __rtentry4.o
        52          8          0          0          0          0   __scatter.o
        28          0          0          0          0          0   __scatter_zi.o
        22          0          0          0          0         80   abort.o
       128         42          0          0          0         76   assert.o
        20          0          0          0          0         76   assert_puts.o
        48         34          0          0          0         76   defsig_abrt_inner.o
        14          0          0          0          0         80   defsig_abrt_outer.o
        10          0          0          0          0         68   defsig_exit.o
        50          0          0          0          0         88   defsig_general.o
        18          0          0          0          0         80   exit.o
         6          0          0          0          0        152   heapauxi.o
         0          0          0          0          0          0   indicate_semi.o
        36         10          0          0          0         80   init_aeabi.o
         2          0          0          0          0          0   libinit.o
         6          0          0          0          0          0   libinit2.o
         2          0          0          0          0          0   libshutdown.o
         2          0          0          0          0          0   libshutdown2.o
         8          4          0          0         96         68   libspace.o
         2          0          0          0          0          0   rtexit.o
        10          0          0          0          0          0   rtexit2.o
        12          4          0          0          0         68   sys_exit.o
        74          0          0          0          0         80   sys_stackheap_outer.o
        14          0          0          0          0         76   sys_wrch.o
         2          0          0          0          0         68   use_no_semi.o

    ----------------------------------------------------------------------
       598        102          0          0         96       1284   Library Totals
         6          0          0          0          0          0   (incl. Padding)

    ----------------------------------------------------------------------

      Code (inc. data)   RO Data    RW Data    ZI Data      Debug   Library Name

       592        102          0          0         96       1284   c_w.l

    ----------------------------------------------------------------------
       598        102          0          0         96       1284   Library Totals

    ----------------------------------------------------------------------

==============================================================================


      Code (inc. data)   RO Data    RW Data    ZI Data      Debug   

      6092        696       1968          0       1768     522898   Grand Totals
      6092        696       1968          0       1768     522898   ELF Image Totals
      6092        696       1968          0          0          0   ROM Totals

==============================================================================

    Total RO  Size (Code + RO Data)                 8060 (   7.87kB)
    Total RW  Size (RW Data + ZI Data)              1768 (   1.73kB)
    Total ROM Size (Code + RO Data + RW Data)       8060 (   7.87kB)

==============================================================================

